
 NX   Running target test for 9 projects:

- digitaldefiance-express-suite-react-components
- digitaldefiance-express-suite-test-utils
- @digitaldefiance/express-suite-starter
- digitaldefiance-node-express-suite
- digitaldefiance-mongoose-types
- digitaldefiance-node-ecies-lib
- digitaldefiance-suite-core-lib
- digitaldefiance-ecies-lib
- digitaldefiance-i18n-lib



> nx run digitaldefiance-mongoose-types:test  [existing outputs match the cache, left as is]

> yarn test

Testing mongoose-types runtime exports...
✓ Created ObjectId: 694a039a2cae349c8cb6e2ba
✓ Created Schema
✅ All runtime tests passed!

> nx run digitaldefiance-express-suite-test-utils:test  [local cache]

> nx run digitaldefiance-express-suite-test-utils:test

Determining test suites to run...

Test Suites: 0 of 9 total
Tests:       0 total
Snapshots:   0 total
Time:        0 s, estimated 43 s
████████████████████████████████████████
 RUNS  packages/digitaldefiance-express-suite-test-utils/tests/mongoose-memory.spec.ts
 RUNS  packages/digitaldefiance-express-suite-test-utils/tests/index.spec.ts
 RUNS  packages/digitaldefiance-express-suite-test-utils/tests/direct-log.spec.ts
 RUNS  packages/digitaldefiance-express-suite-test-utils/tests/types.spec.ts
 RUNS  packages/digitaldefiance-express-suite-test-utils/tests/to-throw-type.spec.ts
 RUNS  packages/digitaldefiance-express-suite-test-utils/tests/react-mocks.spec.ts
 RUNS  packages/digitaldefiance-express-suite-test-utils/tests/console.spec.ts
 RUNS  packages/digitaldefiance-express-suite-test-utils/tests/localStorage-mock.spec.ts
 RUNS  packages/digitaldefiance-express-suite-test-utils/tests/bson-mock.spec.ts

Test Suites: 0 of 9 total
Tests:       0 total
Snapshots:   0 total
Time:        0 s, estimated 43 s
████████████████████████████████████████
 RUNS  packages/digitaldefiance-express-suite-test-utils/tests/mongoose-memory.spec.ts
 RUNS  packages/digitaldefiance-express-suite-test-utils/tests/index.spec.ts
 RUNS  packages/digitaldefiance-express-suite-test-utils/tests/direct-log.spec.ts
 RUNS  packages/digitaldefiance-express-suite-test-utils/tests/types.spec.ts
 RUNS  packages/digitaldefiance-express-suite-test-utils/tests/to-throw-type.spec.ts
 RUNS  packages/digitaldefiance-express-suite-test-utils/tests/react-mocks.spec.ts
 RUNS  packages/digitaldefiance-express-suite-test-utils/tests/console.spec.ts
 RUNS  packages/digitaldefiance-express-suite-test-utils/tests/localStorage-mock.spec.ts
 RUNS  packages/digitaldefiance-express-suite-test-utils/tests/bson-mock.spec.ts

Test Suites: 0 of 9 total
Tests:       0 total
Snapshots:   0 total
Time:        1 s, estimated 43 s
████████████████████████████████████████
 RUNS  packages/digitaldefiance-express-suite-test-utils/tests/mongoose-memory.spec.ts
 RUNS  packages/digitaldefiance-express-suite-test-utils/tests/index.spec.ts
 RUNS  packages/digitaldefiance-express-suite-test-utils/tests/direct-log.spec.ts
 RUNS  packages/digitaldefiance-express-suite-test-utils/tests/types.spec.ts
 RUNS  packages/digitaldefiance-express-suite-test-utils/tests/to-throw-type.spec.ts
 RUNS  packages/digitaldefiance-express-suite-test-utils/tests/react-mocks.spec.ts
 RUNS  packages/digitaldefiance-express-suite-test-utils/tests/console.spec.ts
 RUNS  packages/digitaldefiance-express-suite-test-utils/tests/localStorage-mock.spec.ts
 RUNS  packages/digitaldefiance-express-suite-test-utils/tests/bson-mock.spec.ts

Test Suites: 0 of 9 total
Tests:       0 total
Snapshots:   0 total
Time:        2 s, estimated 43 s
████████████████████████████████████████
 RUNS  packages/digitaldefiance-express-suite-test-utils/tests/mongoose-memory.spec.ts
 RUNS  packages/digitaldefiance-express-suite-test-utils/tests/index.spec.ts
 RUNS  packages/digitaldefiance-express-suite-test-utils/tests/direct-log.spec.ts
 RUNS  packages/digitaldefiance-express-suite-test-utils/tests/types.spec.ts
 RUNS  packages/digitaldefiance-express-suite-test-utils/tests/to-throw-type.spec.ts
 RUNS  packages/digitaldefiance-express-suite-test-utils/tests/react-mocks.spec.ts
 RUNS  packages/digitaldefiance-express-suite-test-utils/tests/console.spec.ts
 RUNS  packages/digitaldefiance-express-suite-test-utils/tests/localStorage-mock.spec.ts
 RUNS  packages/digitaldefiance-express-suite-test-utils/tests/bson-mock.spec.ts

Test Suites: 0 of 9 total
Tests:       0 total
Snapshots:   0 total
Time:        3 s, estimated 43 s
████████████████████████████████████████
 RUNS  packages/digitaldefiance-express-suite-test-utils/tests/mongoose-memory.spec.ts
 RUNS  packages/digitaldefiance-express-suite-test-utils/tests/index.spec.ts
 RUNS  packages/digitaldefiance-express-suite-test-utils/tests/direct-log.spec.ts
 RUNS  packages/digitaldefiance-express-suite-test-utils/tests/types.spec.ts
 RUNS  packages/digitaldefiance-express-suite-test-utils/tests/to-throw-type.spec.ts
 RUNS  packages/digitaldefiance-express-suite-test-utils/tests/react-mocks.spec.ts
 RUNS  packages/digitaldefiance-express-suite-test-utils/tests/console.spec.ts
 RUNS  packages/digitaldefiance-express-suite-test-utils/tests/localStorage-mock.spec.ts
 RUNS  packages/digitaldefiance-express-suite-test-utils/tests/bson-mock.spec.ts

Test Suites: 0 of 9 total
Tests:       0 total
Snapshots:   0 total
Time:        4 s, estimated 43 s
████████████████████████████████████████
 RUNS  packages/digitaldefiance-express-suite-test-utils/tests/mongoose-memory.spec.ts
 RUNS  packages/digitaldefiance-express-suite-test-utils/tests/index.spec.ts
 RUNS  packages/digitaldefiance-express-suite-test-utils/tests/direct-log.spec.ts
 RUNS  packages/digitaldefiance-express-suite-test-utils/tests/types.spec.ts
 RUNS  packages/digitaldefiance-express-suite-test-utils/tests/to-throw-type.spec.ts
 RUNS  packages/digitaldefiance-express-suite-test-utils/tests/react-mocks.spec.ts
 RUNS  packages/digitaldefiance-express-suite-test-utils/tests/console.spec.ts
 RUNS  packages/digitaldefiance-express-suite-test-utils/tests/localStorage-mock.spec.ts
 RUNS  packages/digitaldefiance-express-suite-test-utils/tests/bson-mock.spec.ts

Test Suites: 0 of 9 total
Tests:       0 total
Snapshots:   0 total
Time:        5 s, estimated 43 s
████████████████████████████████████████
 RUNS  packages/digitaldefiance-express-suite-test-utils/tests/mongoose-memory.spec.ts
 RUNS  packages/digitaldefiance-express-suite-test-utils/tests/index.spec.ts
 RUNS  packages/digitaldefiance-express-suite-test-utils/tests/direct-log.spec.ts
 RUNS  packages/digitaldefiance-express-suite-test-utils/tests/types.spec.ts
 RUNS  packages/digitaldefiance-express-suite-test-utils/tests/to-throw-type.spec.ts
 RUNS  packages/digitaldefiance-express-suite-test-utils/tests/react-mocks.spec.ts
 RUNS  packages/digitaldefiance-express-suite-test-utils/tests/console.spec.ts
 RUNS  packages/digitaldefiance-express-suite-test-utils/tests/localStorage-mock.spec.ts
 RUNS  packages/digitaldefiance-express-suite-test-utils/tests/bson-mock.spec.ts

Test Suites: 0 of 9 total
Tests:       0 total
Snapshots:   0 total
Time:        6 s, estimated 43 s
████████████████████████████████████████
 RUNS  packages/digitaldefiance-express-suite-test-utils/tests/mongoose-memory.spec.ts
 RUNS  packages/digitaldefiance-express-suite-test-utils/tests/index.spec.ts
 RUNS  packages/digitaldefiance-express-suite-test-utils/tests/direct-log.spec.ts
 RUNS  packages/digitaldefiance-express-suite-test-utils/tests/types.spec.ts
 RUNS  packages/digitaldefiance-express-suite-test-utils/tests/to-throw-type.spec.ts
 RUNS  packages/digitaldefiance-express-suite-test-utils/tests/react-mocks.spec.ts
 RUNS  packages/digitaldefiance-express-suite-test-utils/tests/console.spec.ts
 RUNS  packages/digitaldefiance-express-suite-test-utils/tests/localStorage-mock.spec.ts
 RUNS  packages/digitaldefiance-express-suite-test-utils/tests/bson-mock.spec.ts

Test Suites: 0 of 9 total
Tests:       0 total
Snapshots:   0 total
Time:        7 s, estimated 43 s
████████████████████████████████████████
 RUNS  packages/digitaldefiance-express-suite-test-utils/tests/mongoose-memory.spec.ts
 RUNS  packages/digitaldefiance-express-suite-test-utils/tests/index.spec.ts
 RUNS  packages/digitaldefiance-express-suite-test-utils/tests/direct-log.spec.ts
 RUNS  packages/digitaldefiance-express-suite-test-utils/tests/types.spec.ts
 RUNS  packages/digitaldefiance-express-suite-test-utils/tests/to-throw-type.spec.ts
 RUNS  packages/digitaldefiance-express-suite-test-utils/tests/react-mocks.spec.ts
 RUNS  packages/digitaldefiance-express-suite-test-utils/tests/console.spec.ts
 RUNS  packages/digitaldefiance-express-suite-test-utils/tests/localStorage-mock.spec.ts
 RUNS  packages/digitaldefiance-express-suite-test-utils/tests/bson-mock.spec.ts

Test Suites: 0 of 9 total
Tests:       0 total
Snapshots:   0 total
Time:        8 s, estimated 43 s
████████████████████████████████████████
 RUNS  packages/digitaldefiance-express-suite-test-utils/tests/mongoose-memory.spec.ts
 RUNS  packages/digitaldefiance-express-suite-test-utils/tests/index.spec.ts
 RUNS  packages/digitaldefiance-express-suite-test-utils/tests/direct-log.spec.ts
 RUNS  packages/digitaldefiance-express-suite-test-utils/tests/types.spec.ts
 RUNS  packages/digitaldefiance-express-suite-test-utils/tests/to-throw-type.spec.ts
 RUNS  packages/digitaldefiance-express-suite-test-utils/tests/react-mocks.spec.ts
 RUNS  packages/digitaldefiance-express-suite-test-utils/tests/console.spec.ts
 RUNS  packages/digitaldefiance-express-suite-test-utils/tests/localStorage-mock.spec.ts
 RUNS  packages/digitaldefiance-express-suite-test-utils/tests/bson-mock.spec.ts

Test Suites: 0 of 9 total
Tests:       0 total
Snapshots:   0 total
Time:        9 s, estimated 43 s
████████████████████████████████████████
 RUNS  packages/digitaldefiance-express-suite-test-utils/tests/mongoose-memory.spec.ts
 RUNS  packages/digitaldefiance-express-suite-test-utils/tests/index.spec.ts
 RUNS  packages/digitaldefiance-express-suite-test-utils/tests/direct-log.spec.ts
 RUNS  packages/digitaldefiance-express-suite-test-utils/tests/types.spec.ts
 RUNS  packages/digitaldefiance-express-suite-test-utils/tests/to-throw-type.spec.ts
 RUNS  packages/digitaldefiance-express-suite-test-utils/tests/react-mocks.spec.ts
 RUNS  packages/digitaldefiance-express-suite-test-utils/tests/console.spec.ts
 RUNS  packages/digitaldefiance-express-suite-test-utils/tests/localStorage-mock.spec.ts
 RUNS  packages/digitaldefiance-express-suite-test-utils/tests/bson-mock.spec.ts

Test Suites: 0 of 9 total
Tests:       0 total
Snapshots:   0 total
Time:        10 s, estimated 43 s
████████████████████████████████████████
 RUNS  packages/digitaldefiance-express-suite-test-utils/tests/mongoose-memory.spec.ts
 RUNS  packages/digitaldefiance-express-suite-test-utils/tests/index.spec.ts
 RUNS  packages/digitaldefiance-express-suite-test-utils/tests/direct-log.spec.ts
 RUNS  packages/digitaldefiance-express-suite-test-utils/tests/types.spec.ts
 RUNS  packages/digitaldefiance-express-suite-test-utils/tests/to-throw-type.spec.ts
 RUNS  packages/digitaldefiance-express-suite-test-utils/tests/react-mocks.spec.ts
 RUNS  packages/digitaldefiance-express-suite-test-utils/tests/console.spec.ts
 RUNS  packages/digitaldefiance-express-suite-test-utils/tests/localStorage-mock.spec.ts
 RUNS  packages/digitaldefiance-express-suite-test-utils/tests/bson-mock.spec.ts

Test Suites: 0 of 9 total
Tests:       7 passed, 7 total
Snapshots:   0 total
Time:        10 s, estimated 43 s
 PASS  packages/digitaldefiance-express-suite-test-utils/tests/to-throw-type.spec.ts████████████

 RUNS  packages/digitaldefiance-express-suite-test-utils/tests/mongoose-memory.spec.ts
 RUNS  packages/digitaldefiance-express-suite-test-utils/tests/index.spec.ts
 RUNS  packages/digitaldefiance-express-suite-test-utils/tests/direct-log.spec.ts
 RUNS  packages/digitaldefiance-express-suite-test-utils/tests/types.spec.ts
 RUNS  packages/digitaldefiance-express-suite-test-utils/tests/to-throw-type.spec.ts
 RUNS  packages/digitaldefiance-express-suite-test-utils/tests/react-mocks.spec.ts
 RUNS  packages/digitaldefiance-express-suite-test-utils/tests/console.spec.ts
 RUNS  packages/digitaldefiance-express-suite-test-utils/tests/localStorage-mock.spec.ts
 RUNS  packages/digitaldefiance-express-suite-test-utils/tests/bson-mock.spec.ts

Test Suites: 0 of 9 total
Tests:       7 passed, 7 total
Snapshots:   0 total
Time:        10 s, estimated 43 s
████████████████████████████████████████
 RUNS  packages/digitaldefiance-express-suite-test-utils/tests/mongoose-memory.spec.ts
 RUNS  packages/digitaldefiance-express-suite-test-utils/tests/index.spec.ts
 RUNS  packages/digitaldefiance-express-suite-test-utils/tests/direct-log.spec.ts
 RUNS  packages/digitaldefiance-express-suite-test-utils/tests/types.spec.ts
 RUNS  packages/digitaldefiance-express-suite-test-utils/tests/to-throw-type.spec.ts
 RUNS  packages/digitaldefiance-express-suite-test-utils/tests/react-mocks.spec.ts
 RUNS  packages/digitaldefiance-express-suite-test-utils/tests/console.spec.ts
 RUNS  packages/digitaldefiance-express-suite-test-utils/tests/localStorage-mock.spec.ts
 RUNS  packages/digitaldefiance-express-suite-test-utils/tests/bson-mock.spec.ts

Test Suites: 0 of 9 total
Tests:       7 passed, 7 total
Snapshots:   0 total
Time:        10 s, estimated 43 s
██████████████████████████��█████████████
 RUNS  packages/digitaldefiance-express-suite-test-utils/tests/mongoose-memory.spec.ts
 RUNS  packages/digitaldefiance-express-suite-test-utils/tests/index.spec.ts
 RUNS  packages/digitaldefiance-express-suite-test-utils/tests/direct-log.spec.ts
 RUNS  packages/digitaldefiance-express-suite-test-utils/tests/types.spec.ts
 RUNS  packages/digitaldefiance-express-suite-test-utils/tests/react-mocks.spec.ts
 RUNS  packages/digitaldefiance-express-suite-test-utils/tests/console.spec.ts
 RUNS  packages/digitaldefiance-express-suite-test-utils/tests/localStorage-mock.spec.ts
 RUNS  packages/digitaldefiance-express-suite-test-utils/tests/bson-mock.spec.ts

Test Suites: 1 passed, 1 of 9 total
Tests:       7 passed, 7 total
Snapshots:   0 total
Time:        10 s, estimated 43 s
████████████████████████████████████████
 RUNS  packages/digitaldefiance-express-suite-test-utils/tests/mongoose-memory.spec.ts
 RUNS  packages/digitaldefiance-express-suite-test-utils/tests/index.spec.ts
 RUNS  packages/digitaldefiance-express-suite-test-utils/tests/direct-log.spec.ts
 RUNS  packages/digitaldefiance-express-suite-test-utils/tests/types.spec.ts
 RUNS  packages/digitaldefiance-express-suite-test-utils/tests/react-mocks.spec.ts
 RUNS  packages/digitaldefiance-express-suite-test-utils/tests/console.spec.ts
 RUNS  packages/digitaldefiance-express-suite-test-utils/tests/localStorage-mock.spec.ts
 RUNS  packages/digitaldefiance-express-suite-test-utils/tests/bson-mock.spec.ts

Test Suites: 1 passed, 1 of 9 total
Tests:       7 passed, 7 total
Snapshots:   0 total
Time:        11 s, estimated 43 s
 PASS  packages/digitaldefiance-express-suite-test-utils/tests/console.spec.ts (6.626 s)��██████████

 RUNS  packages/digitaldefiance-express-suite-test-utils/tests/mongoose-memory.spec.ts
 RUNS  packages/digitaldefiance-express-suite-test-utils/tests/index.spec.ts
 RUNS  packages/digitaldefiance-express-suite-test-utils/tests/direct-log.spec.ts
 RUNS  packages/digitaldefiance-express-suite-test-utils/tests/types.spec.ts
 RUNS  packages/digitaldefiance-express-suite-test-utils/tests/react-mocks.spec.ts
 RUNS  packages/digitaldefiance-express-suite-test-utils/tests/console.spec.ts
 RUNS  packages/digitaldefiance-express-suite-test-utils/tests/localStorage-mock.spec.ts
 RUNS  packages/digitaldefiance-express-suite-test-utils/tests/bson-mock.spec.ts

Test Suites: 1 passed, 1 of 9 total
Tests:       7 passed, 7 total
Snapshots:   0 total
Time:        11 s, estimated 43 s
████████████████████████████████████████
 RUNS  packages/digitaldefiance-express-suite-test-utils/tests/mongoose-memory.spec.ts
 RUNS  packages/digitaldefiance-express-suite-test-utils/tests/index.spec.ts
 RUNS  packages/digitaldefiance-express-suite-test-utils/tests/direct-log.spec.ts
 RUNS  packages/digitaldefiance-express-suite-test-utils/tests/types.spec.ts
 RUNS  packages/digitaldefiance-express-suite-test-utils/tests/react-mocks.spec.ts
 RUNS  packages/digitaldefiance-express-suite-test-utils/tests/localStorage-mock.spec.ts
 RUNS  packages/digitaldefiance-express-suite-test-utils/tests/bson-mock.spec.ts

Test Suites: 2 passed, 2 of 9 total
Tests:       18 passed, 18 total
Snapshots:   0 total
Time:        11 s, estimated 43 s
████████████████████████████████████████
 RUNS  packages/digitaldefiance-express-suite-test-utils/tests/mongoose-memory.spec.ts
 RUNS  packages/digitaldefiance-express-suite-test-utils/tests/index.spec.ts
 RUNS  packages/digitaldefiance-express-suite-test-utils/tests/direct-log.spec.ts
 RUNS  packages/digitaldefiance-express-suite-test-utils/tests/types.spec.ts
 RUNS  packages/digitaldefiance-express-suite-test-utils/tests/react-mocks.spec.ts
 RUNS  packages/digitaldefiance-express-suite-test-utils/tests/localStorage-mock.spec.ts
 RUNS  packages/digitaldefiance-express-suite-test-utils/tests/bson-mock.spec.ts

Test Suites: 2 passed, 2 of 9 total
Tests:       23 passed, 23 total
Snapshots:   0 total
Time:        12 s, estimated 43 s
 PASS  packages/digitaldefiance-express-suite-test-utils/tests/react-mocks.spec.ts (7.3 s)██████████

 RUNS  packages/digitaldefiance-express-suite-test-utils/tests/mongoose-memory.spec.ts
 RUNS  packages/digitaldefiance-express-suite-test-utils/tests/index.spec.ts
 RUNS  packages/digitaldefiance-express-suite-test-utils/tests/direct-log.spec.ts
 RUNS  packages/digitaldefiance-express-suite-test-utils/tests/types.spec.ts
 RUNS  packages/digitaldefiance-express-suite-test-utils/tests/react-mocks.spec.ts
 RUNS  packages/digitaldefiance-express-suite-test-utils/tests/localStorage-mock.spec.ts
 RUNS  packages/digitaldefiance-express-suite-test-utils/tests/bson-mock.spec.ts

Test Suites: 2 passed, 2 of 9 total
Tests:       23 passed, 23 total
Snapshots:   0 total
Time:        12 s, estimated 43 s
████████████████████████████████████████
 RUNS  packages/digitaldefiance-express-suite-test-utils/tests/mongoose-memory.spec.ts
 RUNS  packages/digitaldefiance-express-suite-test-utils/tests/index.spec.ts
 RUNS  packages/digitaldefiance-express-suite-test-utils/tests/direct-log.spec.ts
 RUNS  packages/digitaldefiance-express-suite-test-utils/tests/types.spec.ts
 RUNS  packages/digitaldefiance-express-suite-test-utils/tests/localStorage-mock.spec.ts
 RUNS  packages/digitaldefiance-express-suite-test-utils/tests/bson-mock.spec.ts

Test Suites: 3 passed, 3 of 9 total
Tests:       24 passed, 24 total
Snapshots:   0 total
Time:        12 s, estimated 43 s
 PASS  packages/digitaldefiance-express-suite-test-utils/tests/types.spec.ts (5.985 s)�███████████

 RUNS  packages/digitaldefiance-express-suite-test-utils/tests/mongoose-memory.spec.ts
 RUNS  packages/digitaldefiance-express-suite-test-utils/tests/index.spec.ts
 RUNS  packages/digitaldefiance-express-suite-test-utils/tests/direct-log.spec.ts
 RUNS  packages/digitaldefiance-express-suite-test-utils/tests/types.spec.ts
 RUNS  packages/digitaldefiance-express-suite-test-utils/tests/localStorage-mock.spec.ts
 RUNS  packages/digitaldefiance-express-suite-test-utils/tests/bson-mock.spec.ts

Test Suites: 3 passed, 3 of 9 total
Tests:       24 passed, 24 total
Snapshots:   0 total
Time:        12 s, estimated 43 s
████████████████████████████████████████
 RUNS  packages/digitaldefiance-express-suite-test-utils/tests/mongoose-memory.spec.ts
 RUNS  packages/digitaldefiance-express-suite-test-utils/tests/index.spec.ts
 RUNS  packages/digitaldefiance-express-suite-test-utils/tests/direct-log.spec.ts
 RUNS  packages/digitaldefiance-express-suite-test-utils/tests/localStorage-mock.spec.ts
 RUNS  packages/digitaldefiance-express-suite-test-utils/tests/bson-mock.spec.ts

Test Suites: 4 passed, 4 of 9 total
Tests:       26 passed, 26 total
Snapshots:   0 total
Time:        13 s, estimated 43 s
████████████████████████████████████████
 RUNS  packages/digitaldefiance-express-suite-test-utils/tests/mongoose-memory.spec.ts
 RUNS  packages/digitaldefiance-express-suite-test-utils/tests/index.spec.ts
 RUNS  packages/digitaldefiance-express-suite-test-utils/tests/direct-log.spec.ts
 RUNS  packages/digitaldefiance-express-suite-test-utils/tests/localStorage-mock.spec.ts
 RUNS  packages/digitaldefiance-express-suite-test-utils/tests/bson-mock.spec.ts

Test Suites: 4 passed, 4 of 9 total
Tests:       43 passed, 43 total
Snapshots:   0 total
Time:        13 s, estimated 43 s
 PASS  packages/digitaldefiance-express-suite-test-utils/tests/direct-log.spec.ts (5.964 s)��█████████

 RUNS  packages/digitaldefiance-express-suite-test-utils/tests/mongoose-memory.spec.ts
 RUNS  packages/digitaldefiance-express-suite-test-utils/tests/index.spec.ts
 RUNS  packages/digitaldefiance-express-suite-test-utils/tests/direct-log.spec.ts
 RUNS  packages/digitaldefiance-express-suite-test-utils/tests/localStorage-mock.spec.ts
 RUNS  packages/digitaldefiance-express-suite-test-utils/tests/bson-mock.spec.ts

Test Suites: 4 passed, 4 of 9 total
Tests:       43 passed, 43 total
Snapshots:   0 total
Time:        13 s, estimated 43 s
████████████████████████████████████████
 RUNS  packages/digitaldefiance-express-suite-test-utils/tests/mongoose-memory.spec.ts
 RUNS  packages/digitaldefiance-express-suite-test-utils/tests/index.spec.ts
 RUNS  packages/digitaldefiance-express-suite-test-utils/tests/localStorage-mock.spec.ts
 RUNS  packages/digitaldefiance-express-suite-test-utils/tests/bson-mock.spec.ts

Test Suites: 5 passed, 5 of 9 total
Tests:       50 passed, 50 total
Snapshots:   0 total
Time:        13 s, estimated 43 s
 PASS  packages/digitaldefiance-express-suite-test-utils/tests/localStorage-mock.spec.ts (5.471 s)�███████

 RUNS  packages/digitaldefiance-express-suite-test-utils/tests/mongoose-memory.spec.ts
 RUNS  packages/digitaldefiance-express-suite-test-utils/tests/index.spec.ts
 RUNS  packages/digitaldefiance-express-suite-test-utils/tests/localStorage-mock.spec.ts
 RUNS  packages/digitaldefiance-express-suite-test-utils/tests/bson-mock.spec.ts

Test Suites: 5 passed, 5 of 9 total
Tests:       50 passed, 50 total
Snapshots:   0 total
Time:        13 s, estimated 43 s
████████████████████████████████████████
 RUNS  packages/digitaldefiance-express-suite-test-utils/tests/mongoose-memory.spec.ts
 RUNS  packages/digitaldefiance-express-suite-test-utils/tests/index.spec.ts
 RUNS  packages/digitaldefiance-express-suite-test-utils/tests/bson-mock.spec.ts

Test Suites: 6 passed, 6 of 9 total
Tests:       61 passed, 61 total
Snapshots:   0 total
Time:        13 s, estimated 43 s
████████████████████████████████████████
 RUNS  packages/digitaldefiance-express-suite-test-utils/tests/mongoose-memory.spec.ts
 RUNS  packages/digitaldefiance-express-suite-test-utils/tests/index.spec.ts
 RUNS  packages/digitaldefiance-express-suite-test-utils/tests/bson-mock.spec.ts

Test Suites: 6 passed, 6 of 9 total
Tests:       61 passed, 61 total
Snapshots:   0 total
Time:        14 s, estimated 43 s
████████████████████████████████████████
 RUNS  packages/digitaldefiance-express-suite-test-utils/tests/mongoose-memory.spec.ts
 RUNS  packages/digitaldefiance-express-suite-test-utils/tests/index.spec.ts
 RUNS  packages/digitaldefiance-express-suite-test-utils/tests/bson-mock.spec.ts

Test Suites: 6 passed, 6 of 9 total
Tests:       70 passed, 70 total
Snapshots:   0 total
Time:        14 s, estimated 43 s
 PASS  packages/digitaldefiance-express-suite-test-utils/tests/bson-mock.spec.ts (5.667 s)██████████

 RUNS  packages/digitaldefiance-express-suite-test-utils/tests/mongoose-memory.spec.ts
 RUNS  packages/digitaldefiance-express-suite-test-utils/tests/index.spec.ts
 RUNS  packages/digitaldefiance-express-suite-test-utils/tests/bson-mock.spec.ts

Test Suites: 6 passed, 6 of 9 total
Tests:       70 passed, 70 total
Snapshots:   0 total
Time:        14 s, estimated 43 s
████████████████████████████████████████
 RUNS  packages/digitaldefiance-express-suite-test-utils/tests/mongoose-memory.spec.ts
 RUNS  packages/digitaldefiance-express-suite-test-utils/tests/index.spec.ts

Test Suites: 7 passed, 7 of 9 total
Tests:       79 passed, 79 total
Snapshots:   0 total
Time:        14 s, estimated 43 s
████████████████████████████████████████
 RUNS  packages/digitaldefiance-express-suite-test-utils/tests/mongoose-memory.spec.ts
 RUNS  packages/digitaldefiance-express-suite-test-utils/tests/index.spec.ts

Test Suites: 7 passed, 7 of 9 total
Tests:       79 passed, 79 total
Snapshots:   0 total
Time:        15 s, estimated 43 s
████████████████████████████████████████
 RUNS  packages/digitaldefiance-express-suite-test-utils/tests/mongoose-memory.spec.ts
 RUNS  packages/digitaldefiance-express-suite-test-utils/tests/index.spec.ts

Test Suites: 7 passed, 7 of 9 total
Tests:       79 passed, 79 total
Snapshots:   0 total
Time:        16 s, estimated 43 s
████████████████████████████████████████
 RUNS  packages/digitaldefiance-express-suite-test-utils/tests/mongoose-memory.spec.ts
 RUNS  packages/digitaldefiance-express-suite-test-utils/tests/index.spec.ts

Test Suites: 7 passed, 7 of 9 total
Tests:       79 passed, 79 total
Snapshots:   0 total
Time:        17 s, estimated 43 s
████████████████████████████████████████
 RUNS  packages/digitaldefiance-express-suite-test-utils/tests/mongoose-memory.spec.ts
 RUNS  packages/digitaldefiance-express-suite-test-utils/tests/index.spec.ts

Test Suites: 7 passed, 7 of 9 total
Tests:       79 passed, 79 total
Snapshots:   0 total
Time:        18 s, estimated 43 s
 PASS  packages/digitaldefiance-express-suite-test-utils/tests/index.spec.ts (13.164 s)███████████

 RUNS  packages/digitaldefiance-express-suite-test-utils/tests/mongoose-memory.spec.ts
 RUNS  packages/digitaldefiance-express-suite-test-utils/tests/index.spec.ts

Test Suites: 7 passed, 7 of 9 total
Tests:       79 passed, 79 total
Snapshots:   0 total
Time:        18 s, estimated 43 s
████████████████████████████████████████
 RUNS  packages/digitaldefiance-express-suite-test-utils/tests/mongoose-memory.spec.ts

Test Suites: 8 passed, 8 of 9 total
Tests:       83 passed, 83 total
Snapshots:   0 total
Time:        19 s, estimated 43 s
████████████████████████████████████████
 RUNS  packages/digitaldefiance-express-suite-test-utils/tests/mongoose-memory.spec.ts

Test Suites: 8 passed, 8 of 9 total
Tests:       83 passed, 83 total
Snapshots:   0 total
Time:        20 s, estimated 43 s
████████████████████████████████████████
 RUNS  packages/digitaldefiance-express-suite-test-utils/tests/mongoose-memory.spec.ts

Test Suites: 8 passed, 8 of 9 total
Tests:       83 passed, 83 total
Snapshots:   0 total
Time:        21 s, estimated 43 s
████████████████████████████████████████
 RUNS  packages/digitaldefiance-express-suite-test-utils/tests/mongoose-memory.spec.ts

Test Suites: 8 passed, 8 of 9 total
Tests:       83 passed, 83 total
Snapshots:   0 total
Time:        22 s, estimated 43 s
████████████████████████████████████████
 RUNS  packages/digitaldefiance-express-suite-test-utils/tests/mongoose-memory.spec.ts

Test Suites: 8 passed, 8 of 9 total
Tests:       83 passed, 83 total
Snapshots:   0 total
Time:        23 s, estimated 43 s
████████████████████████████████████████
 RUNS  packages/digitaldefiance-express-suite-test-utils/tests/mongoose-memory.spec.ts

Test Suites: 8 passed, 8 of 9 total
Tests:       83 passed, 83 total
Snapshots:   0 total
Time:        24 s, estimated 43 s
████████████████████████████████████████
 RUNS  packages/digitaldefiance-express-suite-test-utils/tests/mongoose-memory.spec.ts

Test Suites: 8 passed, 8 of 9 total
Tests:       84 passed, 84 total
Snapshots:   0 total
Time:        24 s, estimated 43 s
████████████████████████████████████████
 RUNS  packages/digitaldefiance-express-suite-test-utils/tests/mongoose-memory.spec.ts

Test Suites: 8 passed, 8 of 9 total
Tests:       84 passed, 84 total
Snapshots:   0 total
Time:        25 s, estimated 43 s
████████████████████████████████████████
 RUNS  packages/digitaldefiance-express-suite-test-utils/tests/mongoose-memory.spec.ts

Test Suites: 8 passed, 8 of 9 total
Tests:       84 passed, 84 total
Snapshots:   0 total
Time:        26 s, estimated 43 s
████████████████████████████████████████
 RUNS  packages/digitaldefiance-express-suite-test-utils/tests/mongoose-memory.spec.ts

Test Suites: 8 passed, 8 of 9 total
Tests:       85 passed, 85 total
Snapshots:   0 total
Time:        26 s, estimated 43 s
████████████████████████████████████████
 RUNS  packages/digitaldefiance-express-suite-test-utils/tests/mongoose-memory.spec.ts

Test Suites: 8 passed, 8 of 9 total
Tests:       85 passed, 85 total
Snapshots:   0 total
Time:        27 s, estimated 43 s
████████████████████████████████████████
 RUNS  packages/digitaldefiance-express-suite-test-utils/tests/mongoose-memory.spec.ts

Test Suites: 8 passed, 8 of 9 total
Tests:       85 passed, 85 total
Snapshots:   0 total
Time:        28 s, estimated 43 s
████████████████████████████████████████
 RUNS  packages/digitaldefiance-express-suite-test-utils/tests/mongoose-memory.spec.ts

Test Suites: 8 passed, 8 of 9 total
Tests:       86 passed, 86 total
Snapshots:   0 total
Time:        28 s, estimated 43 s
████████████████████████████████████████
 RUNS  packages/digitaldefiance-express-suite-test-utils/tests/mongoose-memory.spec.ts

Test Suites: 8 passed, 8 of 9 total
Tests:       86 passed, 86 total
Snapshots:   0 total
Time:        29 s, estimated 43 s
████████████████████████████████████████
 RUNS  packages/digitaldefiance-express-suite-test-utils/tests/mongoose-memory.spec.ts

Test Suites: 8 passed, 8 of 9 total
Tests:       87 passed, 87 total
Snapshots:   0 total
Time:        30 s, estimated 43 s
████████████████████████████████████████
 RUNS  packages/digitaldefiance-express-suite-test-utils/tests/mongoose-memory.spec.ts

Test Suites: 8 passed, 8 of 9 total
Tests:       87 passed, 87 total
Snapshots:   0 total
Time:        30 s, estimated 43 s
████████████████████████████████████████
 RUNS  packages/digitaldefiance-express-suite-test-utils/tests/mongoose-memory.spec.ts

Test Suites: 8 passed, 8 of 9 total
Tests:       87 passed, 87 total
Snapshots:   0 total
Time:        31 s, estimated 43 s
████████████████████████████████████████
 RUNS  packages/digitaldefiance-express-suite-test-utils/tests/mongoose-memory.spec.ts

Test Suites: 8 passed, 8 of 9 total
Tests:       88 passed, 88 total
Snapshots:   0 total
Time:        32 s, estimated 43 s
████████████████████████████████████████
 RUNS  packages/digitaldefiance-express-suite-test-utils/tests/mongoose-memory.spec.ts

Test Suites: 8 passed, 8 of 9 total
Tests:       88 passed, 88 total
Snapshots:   0 total
Time:        32 s, estimated 43 s
████████████████████████████████████████
 RUNS  packages/digitaldefiance-express-suite-test-utils/tests/mongoose-memory.spec.ts

Test Suites: 8 passed, 8 of 9 total
Tests:       88 passed, 88 total
Snapshots:   0 total
Time:        33 s, estimated 43 s
████████████████████████████████████████
 RUNS  packages/digitaldefiance-express-suite-test-utils/tests/mongoose-memory.spec.ts

Test Suites: 8 passed, 8 of 9 total
Tests:       89 passed, 89 total
Snapshots:   0 total
Time:        33 s, estimated 43 s
████████████████████████████████████████
 RUNS  packages/digitaldefiance-express-suite-test-utils/tests/mongoose-memory.spec.ts

Test Suites: 8 passed, 8 of 9 total
Tests:       89 passed, 89 total
Snapshots:   0 total
Time:        34 s, estimated 43 s
████████████████████████████████████████
 RUNS  packages/digitaldefiance-express-suite-test-utils/tests/mongoose-memory.spec.ts

Test Suites: 8 passed, 8 of 9 total
Tests:       91 passed, 91 total
Snapshots:   0 total
Time:        35 s, estimated 43 s
████████████████████████████████████████
 RUNS  packages/digitaldefiance-express-suite-test-utils/tests/mongoose-memory.spec.ts

Test Suites: 8 passed, 8 of 9 total
Tests:       91 passed, 91 total
Snapshots:   0 total
Time:        36 s, estimated 43 s
████████████████████████████████████████
 RUNS  packages/digitaldefiance-express-suite-test-utils/tests/mongoose-memory.spec.ts

Test Suites: 8 passed, 8 of 9 total
Tests:       91 passed, 91 total
Snapshots:   0 total
Time:        37 s, estimated 43 s
████████████████████████████████████████
 RUNS  packages/digitaldefiance-express-suite-test-utils/tests/mongoose-memory.spec.ts

Test Suites: 8 passed, 8 of 9 total
Tests:       92 passed, 92 total
Snapshots:   0 total
Time:        38 s, estimated 43 s
████████████████████████████████████████
 RUNS  packages/digitaldefiance-express-suite-test-utils/tests/mongoose-memory.spec.ts

Test Suites: 8 passed, 8 of 9 total
Tests:       92 passed, 92 total
Snapshots:   0 total
Time:        39 s, estimated 43 s
████████████████████████████████████████
 RUNS  packages/digitaldefiance-express-suite-test-utils/tests/mongoose-memory.spec.ts

Test Suites: 8 passed, 8 of 9 total
Tests:       92 passed, 92 total
Snapshots:   0 total
Time:        40 s, estimated 43 s
████████████████████████████████████████
 RUNS  packages/digitaldefiance-express-suite-test-utils/tests/mongoose-memory.spec.ts

Test Suites: 8 passed, 8 of 9 total
Tests:       92 passed, 92 total
Snapshots:   0 total
Time:        41 s, estimated 43 s
████████████████████████████████████████
 RUNS  packages/digitaldefiance-express-suite-test-utils/tests/mongoose-memory.spec.ts

Test Suites: 8 passed, 8 of 9 total
Tests:       92 passed, 92 total
Snapshots:   0 total
Time:        42 s, estimated 43 s
████████████████████████████████████████
 RUNS  packages/digitaldefiance-express-suite-test-utils/tests/mongoose-memory.spec.ts

Test Suites: 8 passed, 8 of 9 total
Tests:       92 passed, 92 total
Snapshots:   0 total
Time:        43 s
 RUNS  packages/digitaldefiance-express-suite-test-utils/tests/mongoose-memory.spec.ts

Test Suites: 8 passed, 8 of 9 total
Tests:       92 passed, 92 total
Snapshots:   0 total
Time:        44 s
 RUNS  packages/digitaldefiance-express-suite-test-utils/tests/mongoose-memory.spec.ts

Test Suites: 8 passed, 8 of 9 total
Tests:       92 passed, 92 total
Snapshots:   0 total
Time:        45 s
 RUNS  packages/digitaldefiance-express-suite-test-utils/tests/mongoose-memory.spec.ts

Test Suites: 8 passed, 8 of 9 total
Tests:       93 passed, 93 total
Snapshots:   0 total
Time:        46 s
 RUNS  packages/digitaldefiance-express-suite-test-utils/tests/mongoose-memory.spec.ts

Test Suites: 8 passed, 8 of 9 total
Tests:       93 passed, 93 total
Snapshots:   0 total
Time:        46 s
 RUNS  packages/digitaldefiance-express-suite-test-utils/tests/mongoose-memory.spec.ts

Test Suites: 8 passed, 8 of 9 total
Tests:       93 passed, 93 total
Snapshots:   0 total
Time:        47 s
 RUNS  packages/digitaldefiance-express-suite-test-utils/tests/mongoose-memory.spec.ts

Test Suites: 8 passed, 8 of 9 total
Tests:       94 passed, 94 total
Snapshots:   0 total
Time:        48 s
 RUNS  packages/digitaldefiance-express-suite-test-utils/tests/mongoose-memory.spec.ts

Test Suites: 8 passed, 8 of 9 total
Tests:       94 passed, 94 total
Snapshots:   0 total
Time:        48 s
 RUNS  packages/digitaldefiance-express-suite-test-utils/tests/mongoose-memory.spec.ts

Test Suites: 8 passed, 8 of 9 total
Tests:       94 passed, 94 total
Snapshots:   0 total
Time:        49 s
 RUNS  packages/digitaldefiance-express-suite-test-utils/tests/mongoose-memory.spec.ts

Test Suites: 8 passed, 8 of 9 total
Tests:       94 passed, 94 total
Snapshots:   0 total
Time:        50 s
 RUNS  packages/digitaldefiance-express-suite-test-utils/tests/mongoose-memory.spec.ts

Test Suites: 8 passed, 8 of 9 total
Tests:       94 passed, 94 total
Snapshots:   0 total
Time:        51 s
 RUNS  packages/digitaldefiance-express-suite-test-utils/tests/mongoose-memory.spec.ts

Test Suites: 8 passed, 8 of 9 total
Tests:       94 passed, 94 total
Snapshots:   0 total
Time:        52 s
 RUNS  packages/digitaldefiance-express-suite-test-utils/tests/mongoose-memory.spec.ts

Test Suites: 8 passed, 8 of 9 total
Tests:       94 passed, 94 total
Snapshots:   0 total
Time:        53 s
 RUNS  packages/digitaldefiance-express-suite-test-utils/tests/mongoose-memory.spec.ts

Test Suites: 8 passed, 8 of 9 total
Tests:       94 passed, 94 total
Snapshots:   0 total
Time:        54 s
 RUNS  packages/digitaldefiance-express-suite-test-utils/tests/mongoose-memory.spec.ts

Test Suites: 8 passed, 8 of 9 total
Tests:       95 passed, 95 total
Snapshots:   0 total
 PASS  packages/digitaldefiance-express-suite-test-utils/tests/mongoose-memory.spec.ts (46.995 s)

 RUNS  packages/digitaldefiance-express-suite-test-utils/tests/mongoose-memory.spec.ts

Test Suites: 8 passed, 8 of 9 total
Tests:       95 passed, 95 total
Snapshots:   0 total
Time:        54 s

Test Suites: 9 passed, 9 total
Tests:       95 passed, 95 total
Snapshots:   0 total
Time:        54 s
Test Suites: 9 passed, 9 total
Tests:       95 passed, 95 total
Snapshots:   0 total
Time:        55.216 s
Ran all test suites.

> nx run digitaldefiance-i18n-lib:test  [local cache]

> nx run digitaldefiance-i18n-lib:test

Determining test suites to run...

Test Suites: 0 of 96 total
Tests:       0 total
Snapshots:   0 total
Time:        0 s, estimated 24 s
████████████████████████████████████████
 RUNS  packages/digitaldefiance-i18n-lib/tests/circular-dependencies.spec.ts
 RUNS  packages/digitaldefiance-i18n-lib/tests/typed-error-pbt.spec.ts
 RUNS  packages/digitaldefiance-i18n-lib/tests/component-validation.spec.ts
 RUNS  packages/digitaldefiance-i18n-lib/tests/error-translation.spec.ts
 RUNS  packages/digitaldefiance-i18n-lib/tests/typed-helpers.spec.ts
 RUNS  packages/digitaldefiance-i18n-lib/tests/errors/i18n-error-advanced-icu.spec.ts
 RUNS  packages/digitaldefiance-i18n-lib/tests/t-function.spec.ts
 RUNS  packages/digitaldefiance-i18n-lib/tests/errors/i18n-error-icu.spec.ts
 RUNS  packages/digitaldefiance-i18n-lib/tests/plugin-i18n-engine.spec.ts
 RUNS  packages/digitaldefiance-i18n-lib/tests/pluralization/plural-rules.spec.ts
 RUNS  packages/digitaldefiance-i18n-lib/tests/language-registry.spec.ts

Test Suites: 0 of 96 total
Tests:       0 total
Snapshots:   0 total
Time:        0 s, estimated 24 s
████████████████████████████████████████
 RUNS  packages/digitaldefiance-i18n-lib/tests/circular-dependencies.spec.ts
 RUNS  packages/digitaldefiance-i18n-lib/tests/typed-error-pbt.spec.ts
 RUNS  packages/digitaldefiance-i18n-lib/tests/component-validation.spec.ts
 RUNS  packages/digitaldefiance-i18n-lib/tests/error-translation.spec.ts
 RUNS  packages/digitaldefiance-i18n-lib/tests/typed-helpers.spec.ts
 RUNS  packages/digitaldefiance-i18n-lib/tests/errors/i18n-error-advanced-icu.spec.ts
 RUNS  packages/digitaldefiance-i18n-lib/tests/t-function.spec.ts
 RUNS  packages/digitaldefiance-i18n-lib/tests/errors/i18n-error-icu.spec.ts
 RUNS  packages/digitaldefiance-i18n-lib/tests/plugin-i18n-engine.spec.ts
 RUNS  packages/digitaldefiance-i18n-lib/tests/pluralization/plural-rules.spec.ts
 RUNS  packages/digitaldefiance-i18n-lib/tests/language-registry.spec.ts

Test Suites: 0 of 96 total
Tests:       0 total
Snapshots:   0 total
Time:        1 s, estimated 24 s
████████████████████████████████████████
 RUNS  packages/digitaldefiance-i18n-lib/tests/circular-dependencies.spec.ts
 RUNS  packages/digitaldefiance-i18n-lib/tests/typed-error-pbt.spec.ts
 RUNS  packages/digitaldefiance-i18n-lib/tests/component-validation.spec.ts
 RUNS  packages/digitaldefiance-i18n-lib/tests/error-translation.spec.ts
 RUNS  packages/digitaldefiance-i18n-lib/tests/typed-helpers.spec.ts
 RUNS  packages/digitaldefiance-i18n-lib/tests/errors/i18n-error-advanced-icu.spec.ts
 RUNS  packages/digitaldefiance-i18n-lib/tests/t-function.spec.ts
 RUNS  packages/digitaldefiance-i18n-lib/tests/errors/i18n-error-icu.spec.ts
 RUNS  packages/digitaldefiance-i18n-lib/tests/plugin-i18n-engine.spec.ts
 RUNS  packages/digitaldefiance-i18n-lib/tests/pluralization/plural-rules.spec.ts
 RUNS  packages/digitaldefiance-i18n-lib/tests/language-registry.spec.ts

Test Suites: 0 of 96 total
Tests:       0 total
Snapshots:   0 total
Time:        2 s, estimated 24 s
████████████████████████████████████████
 RUNS  packages/digitaldefiance-i18n-lib/tests/circular-dependencies.spec.ts
 RUNS  packages/digitaldefiance-i18n-lib/tests/typed-error-pbt.spec.ts
 RUNS  packages/digitaldefiance-i18n-lib/tests/component-validation.spec.ts
 RUNS  packages/digitaldefiance-i18n-lib/tests/error-translation.spec.ts
 RUNS  packages/digitaldefiance-i18n-lib/tests/typed-helpers.spec.ts
 RUNS  packages/digitaldefiance-i18n-lib/tests/errors/i18n-error-advanced-icu.spec.ts
 RUNS  packages/digitaldefiance-i18n-lib/tests/t-function.spec.ts
 RUNS  packages/digitaldefiance-i18n-lib/tests/errors/i18n-error-icu.spec.ts
 RUNS  packages/digitaldefiance-i18n-lib/tests/plugin-i18n-engine.spec.ts
 RUNS  packages/digitaldefiance-i18n-lib/tests/pluralization/plural-rules.spec.ts
 RUNS  packages/digitaldefiance-i18n-lib/tests/language-registry.spec.ts

Test Suites: 0 of 96 total
Tests:       0 total
Snapshots:   0 total
Time:        3 s, estimated 24 s
████████████████████████████████████████
 RUNS  packages/digitaldefiance-i18n-lib/tests/circular-dependencies.spec.ts
 RUNS  packages/digitaldefiance-i18n-lib/tests/typed-error-pbt.spec.ts
 RUNS  packages/digitaldefiance-i18n-lib/tests/component-validation.spec.ts
 RUNS  packages/digitaldefiance-i18n-lib/tests/error-translation.spec.ts
 RUNS  packages/digitaldefiance-i18n-lib/tests/typed-helpers.spec.ts
 RUNS  packages/digitaldefiance-i18n-lib/tests/errors/i18n-error-advanced-icu.spec.ts
 RUNS  packages/digitaldefiance-i18n-lib/tests/t-function.spec.ts
 RUNS  packages/digitaldefiance-i18n-lib/tests/errors/i18n-error-icu.spec.ts
 RUNS  packages/digitaldefiance-i18n-lib/tests/plugin-i18n-engine.spec.ts
 RUNS  packages/digitaldefiance-i18n-lib/tests/pluralization/plural-rules.spec.ts
 RUNS  packages/digitaldefiance-i18n-lib/tests/language-registry.spec.ts

Test Suites: 0 of 96 total
Tests:       0 total
Snapshots:   0 total
Time:        4 s, estimated 24 s
████████████████████████████████████████
 RUNS  packages/digitaldefiance-i18n-lib/tests/circular-dependencies.spec.ts
 RUNS  packages/digitaldefiance-i18n-lib/tests/typed-error-pbt.spec.ts
 RUNS  packages/digitaldefiance-i18n-lib/tests/component-validation.spec.ts
 RUNS  packages/digitaldefiance-i18n-lib/tests/error-translation.spec.ts
 RUNS  packages/digitaldefiance-i18n-lib/tests/typed-helpers.spec.ts
 RUNS  packages/digitaldefiance-i18n-lib/tests/errors/i18n-error-advanced-icu.spec.ts
 RUNS  packages/digitaldefiance-i18n-lib/tests/t-function.spec.ts
 RUNS  packages/digitaldefiance-i18n-lib/tests/errors/i18n-error-icu.spec.ts
 RUNS  packages/digitaldefiance-i18n-lib/tests/plugin-i18n-engine.spec.ts
 RUNS  packages/digitaldefiance-i18n-lib/tests/pluralization/plural-rules.spec.ts
 RUNS  packages/digitaldefiance-i18n-lib/tests/language-registry.spec.ts

Test Suites: 0 of 96 total
Tests:       0 total
Snapshots:   0 total
Time:        5 s, estimated 24 s
████████████████████████████████████████
 RUNS  packages/digitaldefiance-i18n-lib/tests/circular-dependencies.spec.ts
 RUNS  packages/digitaldefiance-i18n-lib/tests/typed-error-pbt.spec.ts
 RUNS  packages/digitaldefiance-i18n-lib/tests/component-validation.spec.ts
 RUNS  packages/digitaldefiance-i18n-lib/tests/error-translation.spec.ts
 RUNS  packages/digitaldefiance-i18n-lib/tests/typed-helpers.spec.ts
 RUNS  packages/digitaldefiance-i18n-lib/tests/errors/i18n-error-advanced-icu.spec.ts
 RUNS  packages/digitaldefiance-i18n-lib/tests/t-function.spec.ts
 RUNS  packages/digitaldefiance-i18n-lib/tests/errors/i18n-error-icu.spec.ts
 RUNS  packages/digitaldefiance-i18n-lib/tests/plugin-i18n-engine.spec.ts
 RUNS  packages/digitaldefiance-i18n-lib/tests/pluralization/plural-rules.spec.ts
 RUNS  packages/digitaldefiance-i18n-lib/tests/language-registry.spec.ts

Test Suites: 0 of 96 total
Tests:       0 total
Snapshots:   0 total
Time:        6 s, estimated 24 s
████████████████████████████████████████
 RUNS  packages/digitaldefiance-i18n-lib/tests/circular-dependencies.spec.ts
 RUNS  packages/digitaldefiance-i18n-lib/tests/typed-error-pbt.spec.ts
 RUNS  packages/digitaldefiance-i18n-lib/tests/component-validation.spec.ts
 RUNS  packages/digitaldefiance-i18n-lib/tests/error-translation.spec.ts
 RUNS  packages/digitaldefiance-i18n-lib/tests/typed-helpers.spec.ts
 RUNS  packages/digitaldefiance-i18n-lib/tests/errors/i18n-error-advanced-icu.spec.ts
 RUNS  packages/digitaldefiance-i18n-lib/tests/t-function.spec.ts
 RUNS  packages/digitaldefiance-i18n-lib/tests/errors/i18n-error-icu.spec.ts
 RUNS  packages/digitaldefiance-i18n-lib/tests/plugin-i18n-engine.spec.ts
 RUNS  packages/digitaldefiance-i18n-lib/tests/pluralization/plural-rules.spec.ts
 RUNS  packages/digitaldefiance-i18n-lib/tests/language-registry.spec.ts

Test Suites: 0 of 96 total
Tests:       0 total
Snapshots:   0 total
Time:        7 s, estimated 24 s
████████████████████████████████████████
 RUNS  packages/digitaldefiance-i18n-lib/tests/circular-dependencies.spec.ts
 RUNS  packages/digitaldefiance-i18n-lib/tests/typed-error-pbt.spec.ts
 RUNS  packages/digitaldefiance-i18n-lib/tests/component-validation.spec.ts
 RUNS  packages/digitaldefiance-i18n-lib/tests/error-translation.spec.ts
 RUNS  packages/digitaldefiance-i18n-lib/tests/typed-helpers.spec.ts
 RUNS  packages/digitaldefiance-i18n-lib/tests/errors/i18n-error-advanced-icu.spec.ts
 RUNS  packages/digitaldefiance-i18n-lib/tests/t-function.spec.ts
 RUNS  packages/digitaldefiance-i18n-lib/tests/errors/i18n-error-icu.spec.ts
 RUNS  packages/digitaldefiance-i18n-lib/tests/plugin-i18n-engine.spec.ts
 RUNS  packages/digitaldefiance-i18n-lib/tests/pluralization/plural-rules.spec.ts
 RUNS  packages/digitaldefiance-i18n-lib/tests/language-registry.spec.ts

Test Suites: 0 of 96 total
Tests:       0 total
Snapshots:   0 total
Time:        8 s, estimated 24 s
████████████████████████████████████████
 RUNS  packages/digitaldefiance-i18n-lib/tests/circular-dependencies.spec.ts
 RUNS  packages/digitaldefiance-i18n-lib/tests/typed-error-pbt.spec.ts
 RUNS  packages/digitaldefiance-i18n-lib/tests/component-validation.spec.ts
 RUNS  packages/digitaldefiance-i18n-lib/tests/error-translation.spec.ts
 RUNS  packages/digitaldefiance-i18n-lib/tests/typed-helpers.spec.ts
 RUNS  packages/digitaldefiance-i18n-lib/tests/errors/i18n-error-advanced-icu.spec.ts
 RUNS  packages/digitaldefiance-i18n-lib/tests/t-function.spec.ts
 RUNS  packages/digitaldefiance-i18n-lib/tests/errors/i18n-error-icu.spec.ts
 RUNS  packages/digitaldefiance-i18n-lib/tests/plugin-i18n-engine.spec.ts
 RUNS  packages/digitaldefiance-i18n-lib/tests/pluralization/plural-rules.spec.ts
 RUNS  packages/digitaldefiance-i18n-lib/tests/language-registry.spec.ts

Test Suites: 0 of 96 total
Tests:       0 total
Snapshots:   0 total
Time:        9 s, estimated 24 s
████████████████████████████████████████
 RUNS  packages/digitaldefiance-i18n-lib/tests/circular-dependencies.spec.ts
 RUNS  packages/digitaldefiance-i18n-lib/tests/typed-error-pbt.spec.ts
 RUNS  packages/digitaldefiance-i18n-lib/tests/component-validation.spec.ts
 RUNS  packages/digitaldefiance-i18n-lib/tests/error-translation.spec.ts
 RUNS  packages/digitaldefiance-i18n-lib/tests/typed-helpers.spec.ts
 RUNS  packages/digitaldefiance-i18n-lib/tests/errors/i18n-error-advanced-icu.spec.ts
 RUNS  packages/digitaldefiance-i18n-lib/tests/t-function.spec.ts
 RUNS  packages/digitaldefiance-i18n-lib/tests/errors/i18n-error-icu.spec.ts
 RUNS  packages/digitaldefiance-i18n-lib/tests/plugin-i18n-engine.spec.ts
 RUNS  packages/digitaldefiance-i18n-lib/tests/pluralization/plural-rules.spec.ts
 RUNS  packages/digitaldefiance-i18n-lib/tests/language-registry.spec.ts

Test Suites: 0 of 96 total
Tests:       0 total
Snapshots:   0 total
Time:        10 s, estimated 24 s
████████████████████████████████████████
 RUNS  packages/digitaldefiance-i18n-lib/tests/circular-dependencies.spec.ts
 RUNS  packages/digitaldefiance-i18n-lib/tests/typed-error-pbt.spec.ts
 RUNS  packages/digitaldefiance-i18n-lib/tests/component-validation.spec.ts
 RUNS  packages/digitaldefiance-i18n-lib/tests/error-translation.spec.ts
 RUNS  packages/digitaldefiance-i18n-lib/tests/typed-helpers.spec.ts
 RUNS  packages/digitaldefiance-i18n-lib/tests/errors/i18n-error-advanced-icu.spec.ts
 RUNS  packages/digitaldefiance-i18n-lib/tests/t-function.spec.ts
 RUNS  packages/digitaldefiance-i18n-lib/tests/errors/i18n-error-icu.spec.ts
 RUNS  packages/digitaldefiance-i18n-lib/tests/plugin-i18n-engine.spec.ts
 RUNS  packages/digitaldefiance-i18n-lib/tests/pluralization/plural-rules.spec.ts
 RUNS  packages/digitaldefiance-i18n-lib/tests/language-registry.spec.ts

Test Suites: 0 of 96 total
Tests:       20 passed, 20 total
Snapshots:   0 total
Time:        10 s, estimated 24 s
████████████████████████████████████████
 RUNS  packages/digitaldefiance-i18n-lib/tests/circular-dependencies.spec.ts
 RUNS  packages/digitaldefiance-i18n-lib/tests/typed-error-pbt.spec.ts
 RUNS  packages/digitaldefiance-i18n-lib/tests/component-validation.spec.ts
 RUNS  packages/digitaldefiance-i18n-lib/tests/error-translation.spec.ts
 RUNS  packages/digitaldefiance-i18n-lib/tests/typed-helpers.spec.ts
 RUNS  packages/digitaldefiance-i18n-lib/tests/errors/i18n-error-advanced-icu.spec.ts
 RUNS  packages/digitaldefiance-i18n-lib/tests/t-function.spec.ts
 RUNS  packages/digitaldefiance-i18n-lib/tests/errors/i18n-error-icu.spec.ts
 RUNS  packages/digitaldefiance-i18n-lib/tests/plugin-i18n-engine.spec.ts
 RUNS  packages/digitaldefiance-i18n-lib/tests/pluralization/plural-rules.spec.ts
 RUNS  packages/digitaldefiance-i18n-lib/tests/language-registry.spec.ts

Test Suites: 0 of 96 total
Tests:       48 passed, 48 total
Snapshots:   0 total
Time:        10 s, estimated 24 s
████████████████████████████████████████
 RUNS  packages/digitaldefiance-i18n-lib/tests/circular-dependencies.spec.ts
 RUNS  packages/digitaldefiance-i18n-lib/tests/typed-error-pbt.spec.ts
 RUNS  packages/digitaldefiance-i18n-lib/tests/component-validation.spec.ts
 RUNS  packages/digitaldefiance-i18n-lib/tests/error-translation.spec.ts
 RUNS  packages/digitaldefiance-i18n-lib/tests/typed-helpers.spec.ts
 RUNS  packages/digitaldefiance-i18n-lib/tests/errors/i18n-error-advanced-icu.spec.ts
 RUNS  packages/digitaldefiance-i18n-lib/tests/t-function.spec.ts
 RUNS  packages/digitaldefiance-i18n-lib/tests/errors/i18n-error-icu.spec.ts
 RUNS  packages/digitaldefiance-i18n-lib/tests/plugin-i18n-engine.spec.ts
 RUNS  packages/digitaldefiance-i18n-lib/tests/pluralization/plural-rules.spec.ts
 RUNS  packages/digitaldefiance-i18n-lib/tests/language-registry.spec.ts

Test Suites: 0 of 96 total
Tests:       77 passed, 77 total
Snapshots:   0 total
Time:        11 s, estimated 24 s
████████████████████████████████████████
 RUNS  packages/digitaldefiance-i18n-lib/tests/circular-dependencies.spec.ts
 RUNS  packages/digitaldefiance-i18n-lib/tests/typed-error-pbt.spec.ts
 RUNS  packages/digitaldefiance-i18n-lib/tests/component-validation.spec.ts
 RUNS  packages/digitaldefiance-i18n-lib/tests/error-translation.spec.ts
 RUNS  packages/digitaldefiance-i18n-lib/tests/typed-helpers.spec.ts
 RUNS  packages/digitaldefiance-i18n-lib/tests/errors/i18n-error-advanced-icu.spec.ts
 RUNS  packages/digitaldefiance-i18n-lib/tests/t-function.spec.ts
 RUNS  packages/digitaldefiance-i18n-lib/tests/errors/i18n-error-icu.spec.ts
 RUNS  packages/digitaldefiance-i18n-lib/tests/plugin-i18n-engine.spec.ts
 RUNS  packages/digitaldefiance-i18n-lib/tests/pluralization/plural-rules.spec.ts
 RUNS  packages/digitaldefiance-i18n-lib/tests/language-registry.spec.ts

Test Suites: 0 of 96 total
Tests:       88 passed, 88 total
Snapshots:   0 total
Time:        11 s, estimated 24 s
████████████████████████████████████████
 RUNS  packages/digitaldefiance-i18n-lib/tests/circular-dependencies.spec.ts
 RUNS  packages/digitaldefiance-i18n-lib/tests/typed-error-pbt.spec.ts
 RUNS  packages/digitaldefiance-i18n-lib/tests/component-validation.spec.ts
 RUNS  packages/digitaldefiance-i18n-lib/tests/error-translation.spec.ts
 RUNS  packages/digitaldefiance-i18n-lib/tests/typed-helpers.spec.ts
 RUNS  packages/digitaldefiance-i18n-lib/tests/errors/i18n-error-advanced-icu.spec.ts
 RUNS  packages/digitaldefiance-i18n-lib/tests/t-function.spec.ts
 RUNS  packages/digitaldefiance-i18n-lib/tests/errors/i18n-error-icu.spec.ts
 RUNS  packages/digitaldefiance-i18n-lib/tests/plugin-i18n-engine.spec.ts
 RUNS  packages/digitaldefiance-i18n-lib/tests/pluralization/plural-rules.spec.ts
 RUNS  packages/digitaldefiance-i18n-lib/tests/language-registry.spec.ts

Test Suites: 0 of 96 total
Tests:       107 passed, 107 total
Snapshots:   0 total
Time:        11 s, estimated 24 s
████████████████████████████████████████
 RUNS  packages/digitaldefiance-i18n-lib/tests/circular-dependencies.spec.ts
 RUNS  packages/digitaldefiance-i18n-lib/tests/typed-error-pbt.spec.ts
 RUNS  packages/digitaldefiance-i18n-lib/tests/component-validation.spec.ts
 RUNS  packages/digitaldefiance-i18n-lib/tests/error-translation.spec.ts
 RUNS  packages/digitaldefiance-i18n-lib/tests/typed-helpers.spec.ts
 RUNS  packages/digitaldefiance-i18n-lib/tests/errors/i18n-error-advanced-icu.spec.ts
 RUNS  packages/digitaldefiance-i18n-lib/tests/t-function.spec.ts
 RUNS  packages/digitaldefiance-i18n-lib/tests/errors/i18n-error-icu.spec.ts
 RUNS  packages/digitaldefiance-i18n-lib/tests/plugin-i18n-engine.spec.ts
 RUNS  packages/digitaldefiance-i18n-lib/tests/pluralization/plural-rules.spec.ts
 RUNS  packages/digitaldefiance-i18n-lib/tests/language-registry.spec.ts

Test Suites: 0 of 96 total
Tests:       126 passed, 126 total
Snapshots:   0 total
Time:        11 s, estimated 24 s
████████████████████████████████████████
 RUNS  packages/digitaldefiance-i18n-lib/tests/circular-dependencies.spec.ts
 RUNS  packages/digitaldefiance-i18n-lib/tests/typed-error-pbt.spec.ts
 RUNS  packages/digitaldefiance-i18n-lib/tests/component-validation.spec.ts
 RUNS  packages/digitaldefiance-i18n-lib/tests/error-translation.spec.ts
 RUNS  packages/digitaldefiance-i18n-lib/tests/typed-helpers.spec.ts
 RUNS  packages/digitaldefiance-i18n-lib/tests/errors/i18n-error-advanced-icu.spec.ts
 RUNS  packages/digitaldefiance-i18n-lib/tests/t-function.spec.ts
 RUNS  packages/digitaldefiance-i18n-lib/tests/errors/i18n-error-icu.spec.ts
 RUNS  packages/digitaldefiance-i18n-lib/tests/plugin-i18n-engine.spec.ts
 RUNS  packages/digitaldefiance-i18n-lib/tests/pluralization/plural-rules.spec.ts
 RUNS  packages/digitaldefiance-i18n-lib/tests/language-registry.spec.ts

Test Suites: 0 of 96 total
Tests:       149 passed, 149 total
Snapshots:   0 total
Time:        11 s, estimated 24 s
████████████████████████████████████████
 RUNS  packages/digitaldefiance-i18n-lib/tests/circular-dependencies.spec.ts
 RUNS  packages/digitaldefiance-i18n-lib/tests/typed-error-pbt.spec.ts
 RUNS  packages/digitaldefiance-i18n-lib/tests/component-validation.spec.ts
 RUNS  packages/digitaldefiance-i18n-lib/tests/error-translation.spec.ts
 RUNS  packages/digitaldefiance-i18n-lib/tests/typed-helpers.spec.ts
 RUNS  packages/digitaldefiance-i18n-lib/tests/errors/i18n-error-advanced-icu.spec.ts
 RUNS  packages/digitaldefiance-i18n-lib/tests/t-function.spec.ts
 RUNS  packages/digitaldefiance-i18n-lib/tests/errors/i18n-error-icu.spec.ts
 RUNS  packages/digitaldefiance-i18n-lib/tests/plugin-i18n-engine.spec.ts
 RUNS  packages/digitaldefiance-i18n-lib/tests/pluralization/plural-rules.spec.ts
 RUNS  packages/digitaldefiance-i18n-lib/tests/language-registry.spec.ts

Test Suites: 0 of 96 total
Tests:       164 passed, 164 total
Snapshots:   0 total
Time:        11 s, estimated 24 s
████████████████████████████████████████
 RUNS  packages/digitaldefiance-i18n-lib/tests/circular-dependencies.spec.ts
 RUNS  packages/digitaldefiance-i18n-lib/tests/typed-error-pbt.spec.ts
 RUNS  packages/digitaldefiance-i18n-lib/tests/component-validation.spec.ts
 RUNS  packages/digitaldefiance-i18n-lib/tests/error-translation.spec.ts
 RUNS  packages/digitaldefiance-i18n-lib/tests/typed-helpers.spec.ts
 RUNS  packages/digitaldefiance-i18n-lib/tests/errors/i18n-error-advanced-icu.spec.ts
 RUNS  packages/digitaldefiance-i18n-lib/tests/t-function.spec.ts
 RUNS  packages/digitaldefiance-i18n-lib/tests/errors/i18n-error-icu.spec.ts
 RUNS  packages/digitaldefiance-i18n-lib/tests/plugin-i18n-engine.spec.ts
 RUNS  packages/digitaldefiance-i18n-lib/tests/pluralization/plural-rules.spec.ts
 RUNS  packages/digitaldefiance-i18n-lib/tests/language-registry.spec.ts

Test Suites: 0 of 96 total
Tests:       177 passed, 177 total
Snapshots:   0 total
Time:        11 s, estimated 24 s
████████████████████████████████████████
 RUNS  packages/digitaldefiance-i18n-lib/tests/circular-dependencies.spec.ts
 RUNS  packages/digitaldefiance-i18n-lib/tests/typed-error-pbt.spec.ts
 RUNS  packages/digitaldefiance-i18n-lib/tests/component-validation.spec.ts
 RUNS  packages/digitaldefiance-i18n-lib/tests/error-translation.spec.ts
 RUNS  packages/digitaldefiance-i18n-lib/tests/typed-helpers.spec.ts
 RUNS  packages/digitaldefiance-i18n-lib/tests/errors/i18n-error-advanced-icu.spec.ts
 RUNS  packages/digitaldefiance-i18n-lib/tests/t-function.spec.ts
 RUNS  packages/digitaldefiance-i18n-lib/tests/errors/i18n-error-icu.spec.ts
 RUNS  packages/digitaldefiance-i18n-lib/tests/plugin-i18n-engine.spec.ts
 RUNS  packages/digitaldefiance-i18n-lib/tests/pluralization/plural-rules.spec.ts
 RUNS  packages/digitaldefiance-i18n-lib/tests/language-registry.spec.ts

Test Suites: 0 of 96 total
Tests:       187 passed, 187 total
Snapshots:   0 total
Time:        11 s, estimated 24 s
████████████████████████████████████████
 RUNS  packages/digitaldefiance-i18n-lib/tests/circular-dependencies.spec.ts
 RUNS  packages/digitaldefiance-i18n-lib/tests/typed-error-pbt.spec.ts
 RUNS  packages/digitaldefiance-i18n-lib/tests/component-validation.spec.ts
 RUNS  packages/digitaldefiance-i18n-lib/tests/error-translation.spec.ts
 RUNS  packages/digitaldefiance-i18n-lib/tests/typed-helpers.spec.ts
 RUNS  packages/digitaldefiance-i18n-lib/tests/errors/i18n-error-advanced-icu.spec.ts
 RUNS  packages/digitaldefiance-i18n-lib/tests/t-function.spec.ts
 RUNS  packages/digitaldefiance-i18n-lib/tests/errors/i18n-error-icu.spec.ts
 RUNS  packages/digitaldefiance-i18n-lib/tests/plugin-i18n-engine.spec.ts
 RUNS  packages/digitaldefiance-i18n-lib/tests/pluralization/plural-rules.spec.ts
 RUNS  packages/digitaldefiance-i18n-lib/tests/language-registry.spec.ts

Test Suites: 0 of 96 total
Tests:       199 passed, 199 total
Snapshots:   0 total
Time:        12 s, estimated 24 s
 PASS  packages/digitaldefiance-i18n-lib/tests/pluralization/plural-rules.spec.ts (5.686 s)��█████████

 RUNS  packages/digitaldefiance-i18n-lib/tests/circular-dependencies.spec.ts
 RUNS  packages/digitaldefiance-i18n-lib/tests/typed-error-pbt.spec.ts
 RUNS  packages/digitaldefiance-i18n-lib/tests/component-validation.spec.ts
 RUNS  packages/digitaldefiance-i18n-lib/tests/error-translation.spec.ts
 RUNS  packages/digitaldefiance-i18n-lib/tests/typed-helpers.spec.ts
 RUNS  packages/digitaldefiance-i18n-lib/tests/errors/i18n-error-advanced-icu.spec.ts
 RUNS  packages/digitaldefiance-i18n-lib/tests/t-function.spec.ts
 RUNS  packages/digitaldefiance-i18n-lib/tests/errors/i18n-error-icu.spec.ts
 RUNS  packages/digitaldefiance-i18n-lib/tests/plugin-i18n-engine.spec.ts
 RUNS  packages/digitaldefiance-i18n-lib/tests/pluralization/plural-rules.spec.ts
 RUNS  packages/digitaldefiance-i18n-lib/tests/language-registry.spec.ts

Test Suites: 0 of 96 total
Tests:       199 passed, 199 total
Snapshots:   0 total
Time:        12 s, estimated 24 s
████████████████████████████████████████
 RUNS  packages/digitaldefiance-i18n-lib/tests/circular-dependencies.spec.ts
 RUNS  packages/digitaldefiance-i18n-lib/tests/typed-error-pbt.spec.ts
 RUNS  packages/digitaldefiance-i18n-lib/tests/component-validation.spec.ts
 RUNS  packages/digitaldefiance-i18n-lib/tests/error-translation.spec.ts
 RUNS  packages/digitaldefiance-i18n-lib/tests/typed-helpers.spec.ts
 RUNS  packages/digitaldefiance-i18n-lib/tests/errors/i18n-error-advanced-icu.spec.ts
 RUNS  packages/digitaldefiance-i18n-lib/tests/t-function.spec.ts
 RUNS  packages/digitaldefiance-i18n-lib/tests/errors/i18n-error-icu.spec.ts
 RUNS  packages/digitaldefiance-i18n-lib/tests/plugin-i18n-engine.spec.ts
 RUNS  packages/digitaldefiance-i18n-lib/tests/pluralization/plural-rules.spec.ts
 RUNS  packages/digitaldefiance-i18n-lib/tests/language-registry.spec.ts

Test Suites: 0 of 96 total
Tests:       199 passed, 199 total
Snapshots:   0 total
Time:        12 s, estimated 24 s
████████████████████████████████████████
 RUNS  packages/digitaldefiance-i18n-lib/tests/circular-dependencies.spec.ts
 RUNS  packages/digitaldefiance-i18n-lib/tests/typed-error-pbt.spec.ts
 RUNS  packages/digitaldefiance-i18n-lib/tests/component-validation.spec.ts
 RUNS  packages/digitaldefiance-i18n-lib/tests/error-translation.spec.ts
 RUNS  packages/digitaldefiance-i18n-lib/tests/typed-helpers.spec.ts
 RUNS  packages/digitaldefiance-i18n-lib/tests/errors/i18n-error-advanced-icu.spec.ts
 RUNS  packages/digitaldefiance-i18n-lib/tests/t-function.spec.ts
 RUNS  packages/digitaldefiance-i18n-lib/tests/errors/i18n-error-icu.spec.ts
 RUNS  packages/digitaldefiance-i18n-lib/tests/plugin-i18n-engine.spec.ts
 RUNS  packages/digitaldefiance-i18n-lib/tests/language-registry.spec.ts
 RUNS  packages/digitaldefiance-i18n-lib/tests/icu/tokenizer.spec.ts

Test Suites: 1 passed, 1 of 96 total
Tests:       210 passed, 210 total
Snapshots:   0 total
Time:        12 s, estimated 24 s
████████████████████████████████████████
 RUNS  packages/digitaldefiance-i18n-lib/tests/circular-dependencies.spec.ts
 RUNS  packages/digitaldefiance-i18n-lib/tests/typed-error-pbt.spec.ts
 RUNS  packages/digitaldefiance-i18n-lib/tests/component-validation.spec.ts
 RUNS  packages/digitaldefiance-i18n-lib/tests/error-translation.spec.ts
 RUNS  packages/digitaldefiance-i18n-lib/tests/typed-helpers.spec.ts
 RUNS  packages/digitaldefiance-i18n-lib/tests/errors/i18n-error-advanced-icu.spec.ts
 RUNS  packages/digitaldefiance-i18n-lib/tests/t-function.spec.ts
 RUNS  packages/digitaldefiance-i18n-lib/tests/errors/i18n-error-icu.spec.ts
 RUNS  packages/digitaldefiance-i18n-lib/tests/plugin-i18n-engine.spec.ts
 RUNS  packages/digitaldefiance-i18n-lib/tests/language-registry.spec.ts
 RUNS  packages/digitaldefiance-i18n-lib/tests/icu/tokenizer.spec.ts

Test Suites: 1 passed, 1 of 96 total
Tests:       234 passed, 234 total
Snapshots:   0 total
Time:        12 s, estimated 24 s
████████████████████████████████████████
 RUNS  packages/digitaldefiance-i18n-lib/tests/circular-dependencies.spec.ts
 RUNS  packages/digitaldefiance-i18n-lib/tests/typed-error-pbt.spec.ts
 RUNS  packages/digitaldefiance-i18n-lib/tests/component-validation.spec.ts
 RUNS  packages/digitaldefiance-i18n-lib/tests/error-translation.spec.ts
 RUNS  packages/digitaldefiance-i18n-lib/tests/typed-helpers.spec.ts
 RUNS  packages/digitaldefiance-i18n-lib/tests/errors/i18n-error-advanced-icu.spec.ts
 RUNS  packages/digitaldefiance-i18n-lib/tests/t-function.spec.ts
 RUNS  packages/digitaldefiance-i18n-lib/tests/errors/i18n-error-icu.spec.ts
 RUNS  packages/digitaldefiance-i18n-lib/tests/plugin-i18n-engine.spec.ts
 RUNS  packages/digitaldefiance-i18n-lib/tests/language-registry.spec.ts
 RUNS  packages/digitaldefiance-i18n-lib/tests/icu/tokenizer.spec.ts

Test Suites: 1 passed, 1 of 96 total
Tests:       254 passed, 254 total
Snapshots:   0 total
Time:        12 s, estimated 24 s
 PASS  packages/digitaldefiance-i18n-lib/tests/language-registry.spec.ts (5.02 s)█████████████

 RUNS  packages/digitaldefiance-i18n-lib/tests/circular-dependencies.spec.ts
 RUNS  packages/digitaldefiance-i18n-lib/tests/typed-error-pbt.spec.ts
 RUNS  packages/digitaldefiance-i18n-lib/tests/component-validation.spec.ts
 RUNS  packages/digitaldefiance-i18n-lib/tests/error-translation.spec.ts
 RUNS  packages/digitaldefiance-i18n-lib/tests/typed-helpers.spec.ts
 RUNS  packages/digitaldefiance-i18n-lib/tests/errors/i18n-error-advanced-icu.spec.ts
 RUNS  packages/digitaldefiance-i18n-lib/tests/t-function.spec.ts
 RUNS  packages/digitaldefiance-i18n-lib/tests/errors/i18n-error-icu.spec.ts
 RUNS  packages/digitaldefiance-i18n-lib/tests/plugin-i18n-engine.spec.ts
 RUNS  packages/digitaldefiance-i18n-lib/tests/language-registry.spec.ts
 RUNS  packages/digitaldefiance-i18n-lib/tests/icu/tokenizer.spec.ts

Test Suites: 1 passed, 1 of 96 total
Tests:       254 passed, 254 total
Snapshots:   0 total
Time:        12 s, estimated 24 s
████████████████████████████████████████
 RUNS  packages/digitaldefiance-i18n-lib/tests/circular-dependencies.spec.ts
 RUNS  packages/digitaldefiance-i18n-lib/tests/typed-error-pbt.spec.ts
 RUNS  packages/digitaldefiance-i18n-lib/tests/component-validation.spec.ts
 RUNS  packages/digitaldefiance-i18n-lib/tests/error-translation.spec.ts
 RUNS  packages/digitaldefiance-i18n-lib/tests/typed-helpers.spec.ts
 RUNS  packages/digitaldefiance-i18n-lib/tests/errors/i18n-error-advanced-icu.spec.ts
 RUNS  packages/digitaldefiance-i18n-lib/tests/t-function.spec.ts
 RUNS  packages/digitaldefiance-i18n-lib/tests/errors/i18n-error-icu.spec.ts
 RUNS  packages/digitaldefiance-i18n-lib/tests/plugin-i18n-engine.spec.ts
 RUNS  packages/digitaldefiance-i18n-lib/tests/icu/tokenizer-debug.spec.ts
 RUNS  packages/digitaldefiance-i18n-lib/tests/icu/tokenizer.spec.ts

Test Suites: 2 passed, 2 of 96 total
Tests:       261 passed, 261 total
Snapshots:   0 total
Time:        12 s, estimated 24 s
���███████████████████████████████████████
 RUNS  packages/digitaldefiance-i18n-lib/tests/circular-dependencies.spec.ts
 RUNS  packages/digitaldefiance-i18n-lib/tests/typed-error-pbt.spec.ts
 RUNS  packages/digitaldefiance-i18n-lib/tests/component-validation.spec.ts
 RUNS  packages/digitaldefiance-i18n-lib/tests/error-translation.spec.ts
 RUNS  packages/digitaldefiance-i18n-lib/tests/typed-helpers.spec.ts
 RUNS  packages/digitaldefiance-i18n-lib/tests/errors/i18n-error-advanced-icu.spec.ts
 RUNS  packages/digitaldefiance-i18n-lib/tests/t-function.spec.ts
 RUNS  packages/digitaldefiance-i18n-lib/tests/errors/i18n-error-icu.spec.ts
 RUNS  packages/digitaldefiance-i18n-lib/tests/plugin-i18n-engine.spec.ts
 RUNS  packages/digitaldefiance-i18n-lib/tests/icu/tokenizer-debug.spec.ts
 RUNS  packages/digitaldefiance-i18n-lib/tests/icu/tokenizer.spec.ts

Test Suites: 2 passed, 2 of 96 total
Tests:       267 passed, 267 total
Snapshots:   0 total
Time:        12 s, estimated 24 s
████████████████████████████████████████
 RUNS  packages/digitaldefiance-i18n-lib/tests/circular-dependencies.spec.ts
 RUNS  packages/digitaldefiance-i18n-lib/tests/typed-error-pbt.spec.ts
 RUNS  packages/digitaldefiance-i18n-lib/tests/component-validation.spec.ts
 RUNS  packages/digitaldefiance-i18n-lib/tests/error-translation.spec.ts
 RUNS  packages/digitaldefiance-i18n-lib/tests/typed-helpers.spec.ts
 RUNS  packages/digitaldefiance-i18n-lib/tests/errors/i18n-error-advanced-icu.spec.ts
 RUNS  packages/digitaldefiance-i18n-lib/tests/t-function.spec.ts
 RUNS  packages/digitaldefiance-i18n-lib/tests/errors/i18n-error-icu.spec.ts
 RUNS  packages/digitaldefiance-i18n-lib/tests/plugin-i18n-engine.spec.ts
 RUNS  packages/digitaldefiance-i18n-lib/tests/icu/tokenizer-debug.spec.ts
 RUNS  packages/digitaldefiance-i18n-lib/tests/icu/tokenizer.spec.ts

Test Suites: 2 passed, 2 of 96 total
Tests:       275 passed, 275 total
Snapshots:   0 total
Time:        12 s, estimated 24 s
████████████████████████████████████████
 RUNS  packages/digitaldefiance-i18n-lib/tests/circular-dependencies.spec.ts
 RUNS  packages/digitaldefiance-i18n-lib/tests/typed-error-pbt.spec.ts
 RUNS  packages/digitaldefiance-i18n-lib/tests/component-validation.spec.ts
 RUNS  packages/digitaldefiance-i18n-lib/tests/error-translation.spec.ts
 RUNS  packages/digitaldefiance-i18n-lib/tests/typed-helpers.spec.ts
 RUNS  packages/digitaldefiance-i18n-lib/tests/errors/i18n-error-advanced-icu.spec.ts
 RUNS  packages/digitaldefiance-i18n-lib/tests/t-function.spec.ts
 RUNS  packages/digitaldefiance-i18n-lib/tests/errors/i18n-error-icu.spec.ts
 RUNS  packages/digitaldefiance-i18n-lib/tests/plugin-i18n-engine.spec.ts
 RUNS  packages/digitaldefiance-i18n-lib/tests/icu/tokenizer-debug.spec.ts
 RUNS  packages/digitaldefiance-i18n-lib/tests/icu/tokenizer.spec.ts

Test Suites: 2 passed, 2 of 96 total
Tests:       288 passed, 288 total
Snapshots:   0 total
Time:        12 s, estimated 24 s
████████████████████████████████████████
 RUNS  packages/digitaldefiance-i18n-lib/tests/circular-dependencies.spec.ts
 RUNS  packages/digitaldefiance-i18n-lib/tests/typed-error-pbt.spec.ts
 RUNS  packages/digitaldefiance-i18n-lib/tests/component-validation.spec.ts
 RUNS  packages/digitaldefiance-i18n-lib/tests/error-translation.spec.ts
 RUNS  packages/digitaldefiance-i18n-lib/tests/typed-helpers.spec.ts
 RUNS  packages/digitaldefiance-i18n-lib/tests/errors/i18n-error-advanced-icu.spec.ts
 RUNS  packages/digitaldefiance-i18n-lib/tests/t-function.spec.ts
 RUNS  packages/digitaldefiance-i18n-lib/tests/errors/i18n-error-icu.spec.ts
 RUNS  packages/digitaldefiance-i18n-lib/tests/plugin-i18n-engine.spec.ts
 RUNS  packages/digitaldefiance-i18n-lib/tests/icu/tokenizer-debug.spec.ts
 RUNS  packages/digitaldefiance-i18n-lib/tests/icu/tokenizer.spec.ts

Test Suites: 2 passed, 2 of 96 total
Tests:       293 passed, 293 total
Snapshots:   0 total
Time:        13 s, estimated 24 s
████████████████████████████████████████
 RUNS  packages/digitaldefiance-i18n-lib/tests/circular-dependencies.spec.ts
 RUNS  packages/digitaldefiance-i18n-lib/tests/typed-error-pbt.spec.ts
 RUNS  packages/digitaldefiance-i18n-lib/tests/component-validation.spec.ts
 RUNS  packages/digitaldefiance-i18n-lib/tests/error-translation.spec.ts
 RUNS  packages/digitaldefiance-i18n-lib/tests/typed-helpers.spec.ts
 RUNS  packages/digitaldefiance-i18n-lib/tests/errors/i18n-error-advanced-icu.spec.ts
 RUNS  packages/digitaldefiance-i18n-lib/tests/t-function.spec.ts
 RUNS  packages/digitaldefiance-i18n-lib/tests/errors/i18n-error-icu.spec.ts
 RUNS  packages/digitaldefiance-i18n-lib/tests/plugin-i18n-engine.spec.ts
 RUNS  packages/digitaldefiance-i18n-lib/tests/icu/tokenizer-debug.spec.ts
 RUNS  packages/digitaldefiance-i18n-lib/tests/icu/tokenizer.spec.ts

Test Suites: 2 passed, 2 of 96 total
Tests:       296 passed, 296 total
Snapshots:   0 total
Time:        13 s, estimated 24 s
████████████████████████████████████████
 RUNS  packages/digitaldefiance-i18n-lib/tests/circular-dependencies.spec.ts
 RUNS  packages/digitaldefiance-i18n-lib/tests/typed-error-pbt.spec.ts
 RUNS  packages/digitaldefiance-i18n-lib/tests/component-validation.spec.ts
 RUNS  packages/digitaldefiance-i18n-lib/tests/error-translation.spec.ts
 RUNS  packages/digitaldefiance-i18n-lib/tests/typed-helpers.spec.ts
 RUNS  packages/digitaldefiance-i18n-lib/tests/errors/i18n-error-advanced-icu.spec.ts
 RUNS  packages/digitaldefiance-i18n-lib/tests/t-function.spec.ts
 RUNS  packages/digitaldefiance-i18n-lib/tests/errors/i18n-error-icu.spec.ts
 RUNS  packages/digitaldefiance-i18n-lib/tests/plugin-i18n-engine.spec.ts
 RUNS  packages/digitaldefiance-i18n-lib/tests/icu/tokenizer-debug.spec.ts
 RUNS  packages/digitaldefiance-i18n-lib/tests/icu/tokenizer.spec.ts

Test Suites: 2 passed, 2 of 96 total
Tests:       309 passed, 309 total
Snapshots:   0 total
Time:        13 s, estimated 24 s
████████████████████████████████████████
 RUNS  packages/digitaldefiance-i18n-lib/tests/circular-dependencies.spec.ts
 RUNS  packages/digitaldefiance-i18n-lib/tests/typed-error-pbt.spec.ts
 RUNS  packages/digitaldefiance-i18n-lib/tests/component-validation.spec.ts
 RUNS  packages/digitaldefiance-i18n-lib/tests/error-translation.spec.ts
 RUNS  packages/digitaldefiance-i18n-lib/tests/typed-helpers.spec.ts
 RUNS  packages/digitaldefiance-i18n-lib/tests/errors/i18n-error-advanced-icu.spec.ts
 RUNS  packages/digitaldefiance-i18n-lib/tests/t-function.spec.ts
 RUNS  packages/digitaldefiance-i18n-lib/tests/errors/i18n-error-icu.spec.ts
 RUNS  packages/digitaldefiance-i18n-lib/tests/plugin-i18n-engine.spec.ts
 RUNS  packages/digitaldefiance-i18n-lib/tests/icu/tokenizer-debug.spec.ts
 RUNS  packages/digitaldefiance-i18n-lib/tests/icu/tokenizer.spec.ts

Test Suites: 2 passed, 2 of 96 total
Tests:       311 passed, 311 total
Snapshots:   0 total
Time:        13 s, estimated 24 s
████████████████████████████████████████
 RUNS  packages/digitaldefiance-i18n-lib/tests/circular-dependencies.spec.ts
 RUNS  packages/digitaldefiance-i18n-lib/tests/typed-error-pbt.spec.ts
 RUNS  packages/digitaldefiance-i18n-lib/tests/component-validation.spec.ts
 RUNS  packages/digitaldefiance-i18n-lib/tests/error-translation.spec.ts
 RUNS  packages/digitaldefiance-i18n-lib/tests/typed-helpers.spec.ts
 RUNS  packages/digitaldefiance-i18n-lib/tests/errors/i18n-error-advanced-icu.spec.ts
 RUNS  packages/digitaldefiance-i18n-lib/tests/t-function.spec.ts
 RUNS  packages/digitaldefiance-i18n-lib/tests/errors/i18n-error-icu.spec.ts
 RUNS  packages/digitaldefiance-i18n-lib/tests/plugin-i18n-engine.spec.ts
 RUNS  packages/digitaldefiance-i18n-lib/tests/icu/tokenizer-debug.spec.ts
 RUNS  packages/digitaldefiance-i18n-lib/tests/icu/tokenizer.spec.ts

Test Suites: 2 passed, 2 of 96 total
Tests:       316 passed, 316 total
Snapshots:   0 total
Time:        13 s, estimated 24 s
 PASS  packages/digitaldefiance-i18n-lib/tests/errors/i18n-error-advanced-icu.spec.ts (6.22 s)��████████

 RUNS  packages/digitaldefiance-i18n-lib/tests/circular-dependencies.spec.ts
 RUNS  packages/digitaldefiance-i18n-lib/tests/typed-error-pbt.spec.ts
 RUNS  packages/digitaldefiance-i18n-lib/tests/component-validation.spec.ts
 RUNS  packages/digitaldefiance-i18n-lib/tests/error-translation.spec.ts
 RUNS  packages/digitaldefiance-i18n-lib/tests/typed-helpers.spec.ts
 RUNS  packages/digitaldefiance-i18n-lib/tests/errors/i18n-error-advanced-icu.spec.ts
 RUNS  packages/digitaldefiance-i18n-lib/tests/t-function.spec.ts
 RUNS  packages/digitaldefiance-i18n-lib/tests/errors/i18n-error-icu.spec.ts
 RUNS  packages/digitaldefiance-i18n-lib/tests/plugin-i18n-engine.spec.ts
 RUNS  packages/digitaldefiance-i18n-lib/tests/icu/tokenizer-debug.spec.ts
 RUNS  packages/digitaldefiance-i18n-lib/tests/icu/tokenizer.spec.ts

Test Suites: 2 passed, 2 of 96 total
Tests:       316 passed, 316 total
Snapshots:   0 total
Time:        13 s, estimated 24 s
████████████████████████████████████████
 RUNS  packages/digitaldefiance-i18n-lib/tests/circular-dependencies.spec.ts
 RUNS  packages/digitaldefiance-i18n-lib/tests/typed-error-pbt.spec.ts
 RUNS  packages/digitaldefiance-i18n-lib/tests/component-validation.spec.ts
 RUNS  packages/digitaldefiance-i18n-lib/tests/error-translation.spec.ts
 RUNS  packages/digitaldefiance-i18n-lib/tests/typed-helpers.spec.ts
 RUNS  packages/digitaldefiance-i18n-lib/tests/t-function.spec.ts
 RUNS  packages/digitaldefiance-i18n-lib/tests/errors/i18n-error-icu.spec.ts
 RUNS  packages/digitaldefiance-i18n-lib/tests/plugin-i18n-engine.spec.ts
 RUNS  packages/digitaldefiance-i18n-lib/tests/icu/tokenizer-debug.spec.ts
 RUNS  packages/digitaldefiance-i18n-lib/tests/v2/i18n-engine.spec.ts
 RUNS  packages/digitaldefiance-i18n-lib/tests/icu/tokenizer.spec.ts

Test Suites: 3 passed, 3 of 96 total
Tests:       320 passed, 320 total
Snapshots:   0 total
Time:        13 s, estimated 24 s
████████████████████████████████████████
 RUNS  packages/digitaldefiance-i18n-lib/tests/circular-dependencies.spec.ts
 RUNS  packages/digitaldefiance-i18n-lib/tests/typed-error-pbt.spec.ts
 RUNS  packages/digitaldefiance-i18n-lib/tests/component-validation.spec.ts
 RUNS  packages/digitaldefiance-i18n-lib/tests/error-translation.spec.ts
 RUNS  packages/digitaldefiance-i18n-lib/tests/typed-helpers.spec.ts
 RUNS  packages/digitaldefiance-i18n-lib/tests/t-function.spec.ts
 RUNS  packages/digitaldefiance-i18n-lib/tests/errors/i18n-error-icu.spec.ts
 RUNS  packages/digitaldefiance-i18n-lib/tests/plugin-i18n-engine.spec.ts
 RUNS  packages/digitaldefiance-i18n-lib/tests/icu/tokenizer-debug.spec.ts
 RUNS  packages/digitaldefiance-i18n-lib/tests/v2/i18n-engine.spec.ts
 RUNS  packages/digitaldefiance-i18n-lib/tests/icu/tokenizer.spec.ts

Test Suites: 3 passed, 3 of 96 total
Tests:       367 passed, 367 total
Snapshots:   0 total
Time:        13 s, estimated 24 s
████████████████████████████████████████
 RUNS  packages/digitaldefiance-i18n-lib/tests/circular-dependencies.spec.ts
 RUNS  packages/digitaldefiance-i18n-lib/tests/typed-error-pbt.spec.ts
 RUNS  packages/digitaldefiance-i18n-lib/tests/component-validation.spec.ts
 RUNS  packages/digitaldefiance-i18n-lib/tests/error-translation.spec.ts
 RUNS  packages/digitaldefiance-i18n-lib/tests/typed-helpers.spec.ts
 RUNS  packages/digitaldefiance-i18n-lib/tests/t-function.spec.ts
 RUNS  packages/digitaldefiance-i18n-lib/tests/errors/i18n-error-icu.spec.ts
 RUNS  packages/digitaldefiance-i18n-lib/tests/plugin-i18n-engine.spec.ts
 RUNS  packages/digitaldefiance-i18n-lib/tests/icu/tokenizer-debug.spec.ts
 RUNS  packages/digitaldefiance-i18n-lib/tests/v2/i18n-engine.spec.ts
 RUNS  packages/digitaldefiance-i18n-lib/tests/icu/tokenizer.spec.ts

Test Suites: 3 passed, 3 of 96 total
Tests:       387 passed, 387 total
Snapshots:   0 total
Time:        14 s, estimated 24 s
████████████████████████████████████████
 RUNS  packages/digitaldefiance-i18n-lib/tests/circular-dependencies.spec.ts
 RUNS  packages/digitaldefiance-i18n-lib/tests/typed-error-pbt.spec.ts
 RUNS  packages/digitaldefiance-i18n-lib/tests/component-validation.spec.ts
 RUNS  packages/digitaldefiance-i18n-lib/tests/error-translation.spec.ts
 RUNS  packages/digitaldefiance-i18n-lib/tests/typed-helpers.spec.ts
 RUNS  packages/digitaldefiance-i18n-lib/tests/t-function.spec.ts
 RUNS  packages/digitaldefiance-i18n-lib/tests/errors/i18n-error-icu.spec.ts
 RUNS  packages/digitaldefiance-i18n-lib/tests/plugin-i18n-engine.spec.ts
 RUNS  packages/digitaldefiance-i18n-lib/tests/icu/tokenizer-debug.spec.ts
 RUNS  packages/digitaldefiance-i18n-lib/tests/v2/i18n-engine.spec.ts
 RUNS  packages/digitaldefiance-i18n-lib/tests/icu/tokenizer.spec.ts

Test Suites: 3 passed, 3 of 96 total
Tests:       409 passed, 409 total
Snapshots:   0 total
Time:        14 s, estimated 24 s
 PASS  packages/digitaldefiance-i18n-lib/tests/errors/i18n-error-icu.spec.ts (7.494 s)�███████████

 RUNS  packages/digitaldefiance-i18n-lib/tests/circular-dependencies.spec.ts
 RUNS  packages/digitaldefiance-i18n-lib/tests/typed-error-pbt.spec.ts
 RUNS  packages/digitaldefiance-i18n-lib/tests/component-validation.spec.ts
 RUNS  packages/digitaldefiance-i18n-lib/tests/error-translation.spec.ts
 RUNS  packages/digitaldefiance-i18n-lib/tests/typed-helpers.spec.ts
 RUNS  packages/digitaldefiance-i18n-lib/tests/t-function.spec.ts
 RUNS  packages/digitaldefiance-i18n-lib/tests/errors/i18n-error-icu.spec.ts
 RUNS  packages/digitaldefiance-i18n-lib/tests/plugin-i18n-engine.spec.ts
 RUNS  packages/digitaldefiance-i18n-lib/tests/icu/tokenizer-debug.spec.ts
 RUNS  packages/digitaldefiance-i18n-lib/tests/v2/i18n-engine.spec.ts
 RUNS  packages/digitaldefiance-i18n-lib/tests/icu/tokenizer.spec.ts

Test Suites: 3 passed, 3 of 96 total
Tests:       409 passed, 409 total
Snapshots:   0 total
Time:        14 s, estimated 24 s
████████████████████████████████████████
 RUNS  packages/digitaldefiance-i18n-lib/tests/circular-dependencies.spec.ts
 RUNS  packages/digitaldefiance-i18n-lib/tests/typed-error-pbt.spec.ts
 RUNS  packages/digitaldefiance-i18n-lib/tests/component-validation.spec.ts
 RUNS  packages/digitaldefiance-i18n-lib/tests/error-translation.spec.ts
 RUNS  packages/digitaldefiance-i18n-lib/tests/typed-helpers.spec.ts
 RUNS  packages/digitaldefiance-i18n-lib/tests/global-active-context.e2e.spec.ts
 RUNS  packages/digitaldefiance-i18n-lib/tests/t-function.spec.ts
 RUNS  packages/digitaldefiance-i18n-lib/tests/plugin-i18n-engine.spec.ts
 RUNS  packages/digitaldefiance-i18n-lib/tests/icu/tokenizer-debug.spec.ts
 RUNS  packages/digitaldefiance-i18n-lib/tests/v2/i18n-engine.spec.ts
 RUNS  packages/digitaldefiance-i18n-lib/tests/icu/tokenizer.spec.ts

Test Suites: 4 passed, 4 of 96 total
Tests:       446 passed, 446 total
Snapshots:   0 total
Time:        14 s, estimated 24 s
████████████████████████████████████████
 RUNS  packages/digitaldefiance-i18n-lib/tests/circular-dependencies.spec.ts
 RUNS  packages/digitaldefiance-i18n-lib/tests/typed-error-pbt.spec.ts
 RUNS  packages/digitaldefiance-i18n-lib/tests/component-validation.spec.ts
 RUNS  packages/digitaldefiance-i18n-lib/tests/error-translation.spec.ts
 RUNS  packages/digitaldefiance-i18n-lib/tests/typed-helpers.spec.ts
 RUNS  packages/digitaldefiance-i18n-lib/tests/global-active-context.e2e.spec.ts
 RUNS  packages/digitaldefiance-i18n-lib/tests/t-function.spec.ts
 RUNS  packages/digitaldefiance-i18n-lib/tests/plugin-i18n-engine.spec.ts
 RUNS  packages/digitaldefiance-i18n-lib/tests/icu/tokenizer-debug.spec.ts
 RUNS  packages/digitaldefiance-i18n-lib/tests/v2/i18n-engine.spec.ts
 RUNS  packages/digitaldefiance-i18n-lib/tests/icu/tokenizer.spec.ts

Test Suites: 4 passed, 4 of 96 total
Tests:       465 passed, 465 total
Snapshots:   0 total
Time:        14 s, estimated 24 s
 PASS  packages/digitaldefiance-i18n-lib/tests/t-function.spec.ts (6.355 s)███████████████

 RUNS  packages/digitaldefiance-i18n-lib/tests/circular-dependencies.spec.ts
 RUNS  packages/digitaldefiance-i18n-lib/tests/typed-error-pbt.spec.ts
 RUNS  packages/digitaldefiance-i18n-lib/tests/component-validation.spec.ts
 RUNS  packages/digitaldefiance-i18n-lib/tests/error-translation.spec.ts
 RUNS  packages/digitaldefiance-i18n-lib/tests/typed-helpers.spec.ts
 RUNS  packages/digitaldefiance-i18n-lib/tests/global-active-context.e2e.spec.ts
 RUNS  packages/digitaldefiance-i18n-lib/tests/t-function.spec.ts
 RUNS  packages/digitaldefiance-i18n-lib/tests/plugin-i18n-engine.spec.ts
 RUNS  packages/digitaldefiance-i18n-lib/tests/icu/tokenizer-debug.spec.ts
 RUNS  packages/digitaldefiance-i18n-lib/tests/v2/i18n-engine.spec.ts
 RUNS  packages/digitaldefiance-i18n-lib/tests/icu/tokenizer.spec.ts

Test Suites: 4 passed, 4 of 96 total
Tests:       465 passed, 465 total
Snapshots:   0 total
Time:        14 s, estimated 24 s
████████████████████████████████████████
 RUNS  packages/digitaldefiance-i18n-lib/tests/circular-dependencies.spec.ts
 RUNS  packages/digitaldefiance-i18n-lib/tests/typed-error-pbt.spec.ts
 RUNS  packages/digitaldefiance-i18n-lib/tests/component-validation.spec.ts
 RUNS  packages/digitaldefiance-i18n-lib/tests/error-translation.spec.ts
 RUNS  packages/digitaldefiance-i18n-lib/tests/typed-helpers.spec.ts
 RUNS  packages/digitaldefiance-i18n-lib/tests/global-active-context.e2e.spec.ts
 RUNS  packages/digitaldefiance-i18n-lib/tests/context-variables.spec.ts
 RUNS  packages/digitaldefiance-i18n-lib/tests/plugin-i18n-engine.spec.ts
 RUNS  packages/digitaldefiance-i18n-lib/tests/icu/tokenizer-debug.spec.ts
 RUNS  packages/digitaldefiance-i18n-lib/tests/v2/i18n-engine.spec.ts
 RUNS  packages/digitaldefiance-i18n-lib/tests/icu/tokenizer.spec.ts

Test Suites: 5 passed, 5 of 96 total
Tests:       474 passed, 474 total
Snapshots:   0 total
Time:        14 s, estimated 24 s
████████████████████████████████████████
 RUNS  packages/digitaldefiance-i18n-lib/tests/circular-dependencies.spec.ts
 RUNS  packages/digitaldefiance-i18n-lib/tests/typed-error-pbt.spec.ts
 RUNS  packages/digitaldefiance-i18n-lib/tests/component-validation.spec.ts
 RUNS  packages/digitaldefiance-i18n-lib/tests/error-translation.spec.ts
 RUNS  packages/digitaldefiance-i18n-lib/tests/typed-helpers.spec.ts
 RUNS  packages/digitaldefiance-i18n-lib/tests/global-active-context.e2e.spec.ts
 RUNS  packages/digitaldefiance-i18n-lib/tests/context-variables.spec.ts
 RUNS  packages/digitaldefiance-i18n-lib/tests/plugin-i18n-engine.spec.ts
 RUNS  packages/digitaldefiance-i18n-lib/tests/icu/tokenizer-debug.spec.ts
 RUNS  packages/digitaldefiance-i18n-lib/tests/v2/i18n-engine.spec.ts
 RUNS  packages/digitaldefiance-i18n-lib/tests/icu/tokenizer.spec.ts

Test Suites: 5 passed, 5 of 96 total
Tests:       508 passed, 508 total
Snapshots:   0 total
Time:        14 s, estimated 24 s
 PASS  packages/digitaldefiance-i18n-lib/tests/typed-helpers.spec.ts (5.776 s)██████████████

 RUNS  packages/digitaldefiance-i18n-lib/tests/circular-dependencies.spec.ts
 RUNS  packages/digitaldefiance-i18n-lib/tests/typed-error-pbt.spec.ts
 RUNS  packages/digitaldefiance-i18n-lib/tests/component-validation.spec.ts
 RUNS  packages/digitaldefiance-i18n-lib/tests/error-translation.spec.ts
 RUNS  packages/digitaldefiance-i18n-lib/tests/typed-helpers.spec.ts
 RUNS  packages/digitaldefiance-i18n-lib/tests/global-active-context.e2e.spec.ts
 RUNS  packages/digitaldefiance-i18n-lib/tests/context-variables.spec.ts
 RUNS  packages/digitaldefiance-i18n-lib/tests/plugin-i18n-engine.spec.ts
 RUNS  packages/digitaldefiance-i18n-lib/tests/icu/tokenizer-debug.spec.ts
 RUNS  packages/digitaldefiance-i18n-lib/tests/v2/i18n-engine.spec.ts
 RUNS  packages/digitaldefiance-i18n-lib/tests/icu/tokenizer.spec.ts

Test Suites: 5 passed, 5 of 96 total
Tests:       508 passed, 508 total
Snapshots:   0 total
Time:        14 s, estimated 24 s
████████████████████████████████████████
 RUNS  packages/digitaldefiance-i18n-lib/tests/circular-dependencies.spec.ts
 RUNS  packages/digitaldefiance-i18n-lib/tests/typed-error-pbt.spec.ts
 RUNS  packages/digitaldefiance-i18n-lib/tests/component-validation.spec.ts
 RUNS  packages/digitaldefiance-i18n-lib/tests/error-translation.spec.ts
 RUNS  packages/digitaldefiance-i18n-lib/tests/global-active-context.e2e.spec.ts
 RUNS  packages/digitaldefiance-i18n-lib/tests/global-active-context.spec.ts
 RUNS  packages/digitaldefiance-i18n-lib/tests/context-variables.spec.ts
 RUNS  packages/digitaldefiance-i18n-lib/tests/plugin-i18n-engine.spec.ts
 RUNS  packages/digitaldefiance-i18n-lib/tests/icu/tokenizer-debug.spec.ts
 RUNS  packages/digitaldefiance-i18n-lib/tests/v2/i18n-engine.spec.ts
 RUNS  packages/digitaldefiance-i18n-lib/tests/icu/tokenizer.spec.ts

Test Suites: 6 passed, 6 of 96 total
Tests:       519 passed, 519 total
Snapshots:   0 total
Time:        14 s, estimated 24 s
████████████████████████████████████████
 RUNS  packages/digitaldefiance-i18n-lib/tests/circular-dependencies.spec.ts
 RUNS  packages/digitaldefiance-i18n-lib/tests/typed-error-pbt.spec.ts
 RUNS  packages/digitaldefiance-i18n-lib/tests/component-validation.spec.ts
 RUNS  packages/digitaldefiance-i18n-lib/tests/error-translation.spec.ts
 RUNS  packages/digitaldefiance-i18n-lib/tests/global-active-context.e2e.spec.ts
 RUNS  packages/digitaldefiance-i18n-lib/tests/global-active-context.spec.ts
 RUNS  packages/digitaldefiance-i18n-lib/tests/context-variables.spec.ts
 RUNS  packages/digitaldefiance-i18n-lib/tests/plugin-i18n-engine.spec.ts
 RUNS  packages/digitaldefiance-i18n-lib/tests/icu/tokenizer-debug.spec.ts
 RUNS  packages/digitaldefiance-i18n-lib/tests/v2/i18n-engine.spec.ts
 RUNS  packages/digitaldefiance-i18n-lib/tests/icu/tokenizer.spec.ts

Test Suites: 6 passed, 6 of 96 total
Tests:       526 passed, 526 total
Snapshots:   0 total
Time:        14 s, estimated 24 s
 PASS  packages/digitaldefiance-i18n-lib/tests/error-translation.spec.ts (8.439 s)��████████████

 RUNS  packages/digitaldefiance-i18n-lib/tests/circular-dependencies.spec.ts
 RUNS  packages/digitaldefiance-i18n-lib/tests/typed-error-pbt.spec.ts
 RUNS  packages/digitaldefiance-i18n-lib/tests/component-validation.spec.ts
 RUNS  packages/digitaldefiance-i18n-lib/tests/error-translation.spec.ts
 RUNS  packages/digitaldefiance-i18n-lib/tests/global-active-context.e2e.spec.ts
 RUNS  packages/digitaldefiance-i18n-lib/tests/global-active-context.spec.ts
 RUNS  packages/digitaldefiance-i18n-lib/tests/context-variables.spec.ts
 RUNS  packages/digitaldefiance-i18n-lib/tests/plugin-i18n-engine.spec.ts
 RUNS  packages/digitaldefiance-i18n-lib/tests/icu/tokenizer-debug.spec.ts
 RUNS  packages/digitaldefiance-i18n-lib/tests/v2/i18n-engine.spec.ts
 RUNS  packages/digitaldefiance-i18n-lib/tests/icu/tokenizer.spec.ts

Test Suites: 6 passed, 6 of 96 total
Tests:       526 passed, 526 total
Snapshots:   0 total
Time:        14 s, estimated 24 s
████████████████████████████████████████
 RUNS  packages/digitaldefiance-i18n-lib/tests/circular-dependencies.spec.ts
 RUNS  packages/digitaldefiance-i18n-lib/tests/typed-error-pbt.spec.ts
 RUNS  packages/digitaldefiance-i18n-lib/tests/component-validation.spec.ts
 RUNS  packages/digitaldefiance-i18n-lib/tests/registry-error.spec.ts
 RUNS  packages/digitaldefiance-i18n-lib/tests/global-active-context.e2e.spec.ts
 RUNS  packages/digitaldefiance-i18n-lib/tests/global-active-context.spec.ts
 RUNS  packages/digitaldefiance-i18n-lib/tests/context-variables.spec.ts
 RUNS  packages/digitaldefiance-i18n-lib/tests/plugin-i18n-engine.spec.ts
 RUNS  packages/digitaldefiance-i18n-lib/tests/icu/tokenizer-debug.spec.ts
 RUNS  packages/digitaldefiance-i18n-lib/tests/v2/i18n-engine.spec.ts
 RUNS  packages/digitaldefiance-i18n-lib/tests/icu/tokenizer.spec.ts

Test Suites: 7 passed, 7 of 96 total
Tests:       536 passed, 536 total
Snapshots:   0 total
Time:        15 s, estimated 24 s
 PASS  packages/digitaldefiance-i18n-lib/tests/component-validation.spec.ts (8.097 s)��███████████

 RUNS  packages/digitaldefiance-i18n-lib/tests/circular-dependencies.spec.ts
 RUNS  packages/digitaldefiance-i18n-lib/tests/typed-error-pbt.spec.ts
 RUNS  packages/digitaldefiance-i18n-lib/tests/component-validation.spec.ts
 RUNS  packages/digitaldefiance-i18n-lib/tests/registry-error.spec.ts
 RUNS  packages/digitaldefiance-i18n-lib/tests/global-active-context.e2e.spec.ts
 RUNS  packages/digitaldefiance-i18n-lib/tests/global-active-context.spec.ts
 RUNS  packages/digitaldefiance-i18n-lib/tests/context-variables.spec.ts
 RUNS  packages/digitaldefiance-i18n-lib/tests/plugin-i18n-engine.spec.ts
 RUNS  packages/digitaldefiance-i18n-lib/tests/icu/tokenizer-debug.spec.ts
 RUNS  packages/digitaldefiance-i18n-lib/tests/v2/i18n-engine.spec.ts
 RUNS  packages/digitaldefiance-i18n-lib/tests/icu/tokenizer.spec.ts

Test Suites: 7 passed, 7 of 96 total
Tests:       536 passed, 536 total
Snapshots:   0 total
Time:        15 s, estimated 24 s
████████████████████████████████████████
 RUNS  packages/digitaldefiance-i18n-lib/tests/circular-dependencies.spec.ts
 RUNS  packages/digitaldefiance-i18n-lib/tests/typed-error-pbt.spec.ts
 RUNS  packages/digitaldefiance-i18n-lib/tests/core-i18n.spec.ts
 RUNS  packages/digitaldefiance-i18n-lib/tests/registry-error.spec.ts
 RUNS  packages/digitaldefiance-i18n-lib/tests/global-active-context.e2e.spec.ts
 RUNS  packages/digitaldefiance-i18n-lib/tests/global-active-context.spec.ts
 RUNS  packages/digitaldefiance-i18n-lib/tests/context-variables.spec.ts
 RUNS  packages/digitaldefiance-i18n-lib/tests/plugin-i18n-engine.spec.ts
 RUNS  packages/digitaldefiance-i18n-lib/tests/icu/tokenizer-debug.spec.ts
 RUNS  packages/digitaldefiance-i18n-lib/tests/v2/i18n-engine.spec.ts
 RUNS  packages/digitaldefiance-i18n-lib/tests/icu/tokenizer.spec.ts

Test Suites: 8 passed, 8 of 96 total
Tests:       549 passed, 549 total
Snapshots:   0 total
Time:        15 s, estimated 24 s
████████████████████████████████████████
 RUNS  packages/digitaldefiance-i18n-lib/tests/circular-dependencies.spec.ts
 RUNS  packages/digitaldefiance-i18n-lib/tests/typed-error-pbt.spec.ts
 RUNS  packages/digitaldefiance-i18n-lib/tests/core-i18n.spec.ts
 RUNS  packages/digitaldefiance-i18n-lib/tests/registry-error.spec.ts
 RUNS  packages/digitaldefiance-i18n-lib/tests/global-active-context.e2e.spec.ts
 RUNS  packages/digitaldefiance-i18n-lib/tests/global-active-context.spec.ts
 RUNS  packages/digitaldefiance-i18n-lib/tests/context-variables.spec.ts
 RUNS  packages/digitaldefiance-i18n-lib/tests/plugin-i18n-engine.spec.ts
 RUNS  packages/digitaldefiance-i18n-lib/tests/icu/tokenizer-debug.spec.ts
 RUNS  packages/digitaldefiance-i18n-lib/tests/v2/i18n-engine.spec.ts
 RUNS  packages/digitaldefiance-i18n-lib/tests/icu/tokenizer.spec.ts

Test Suites: 8 passed, 8 of 96 total
Tests:       560 passed, 560 total
Snapshots:   0 total
Time:        15 s, estimated 24 s
 PASS  packages/digitaldefiance-i18n-lib/tests/plugin-i18n-engine.spec.ts (9.038 s)�████████████

 RUNS  packages/digitaldefiance-i18n-lib/tests/circular-dependencies.spec.ts
 RUNS  packages/digitaldefiance-i18n-lib/tests/typed-error-pbt.spec.ts
 RUNS  packages/digitaldefiance-i18n-lib/tests/core-i18n.spec.ts
 RUNS  packages/digitaldefiance-i18n-lib/tests/registry-error.spec.ts
 RUNS  packages/digitaldefiance-i18n-lib/tests/global-active-context.e2e.spec.ts
 RUNS  packages/digitaldefiance-i18n-lib/tests/global-active-context.spec.ts
 RUNS  packages/digitaldefiance-i18n-lib/tests/context-variables.spec.ts
 RUNS  packages/digitaldefiance-i18n-lib/tests/plugin-i18n-engine.spec.ts
 RUNS  packages/digitaldefiance-i18n-lib/tests/icu/tokenizer-debug.spec.ts
 RUNS  packages/digitaldefiance-i18n-lib/tests/v2/i18n-engine.spec.ts
 RUNS  packages/digitaldefiance-i18n-lib/tests/icu/tokenizer.spec.ts

Test Suites: 8 passed, 8 of 96 total
Tests:       560 passed, 560 total
Snapshots:   0 total
Time:        15 s, estimated 24 s
████████████████████████████████████████
 RUNS  packages/digitaldefiance-i18n-lib/tests/circular-dependencies.spec.ts
 RUNS  packages/digitaldefiance-i18n-lib/tests/typed-error-pbt.spec.ts
 RUNS  packages/digitaldefiance-i18n-lib/tests/translatable-generic-error.spec.ts
 RUNS  packages/digitaldefiance-i18n-lib/tests/core-i18n.spec.ts
 RUNS  packages/digitaldefiance-i18n-lib/tests/registry-error.spec.ts
 RUNS  packages/digitaldefiance-i18n-lib/tests/global-active-context.e2e.spec.ts
 RUNS  packages/digitaldefiance-i18n-lib/tests/global-active-context.spec.ts
 RUNS  packages/digitaldefiance-i18n-lib/tests/context-variables.spec.ts
 RUNS  packages/digitaldefiance-i18n-lib/tests/icu/tokenizer-debug.spec.ts
 RUNS  packages/digitaldefiance-i18n-lib/tests/v2/i18n-engine.spec.ts
 RUNS  packages/digitaldefiance-i18n-lib/tests/icu/tokenizer.spec.ts

Test Suites: 9 passed, 9 of 96 total
Tests:       563 passed, 563 total
Snapshots:   0 total
Time:        15 s, estimated 24 s
████████████████████████████████████████
 RUNS  packages/digitaldefiance-i18n-lib/tests/circular-dependencies.spec.ts
 RUNS  packages/digitaldefiance-i18n-lib/tests/typed-error-pbt.spec.ts
 RUNS  packages/digitaldefiance-i18n-lib/tests/translatable-generic-error.spec.ts
 RUNS  packages/digitaldefiance-i18n-lib/tests/core-i18n.spec.ts
 RUNS  packages/digitaldefiance-i18n-lib/tests/registry-error.spec.ts
 RUNS  packages/digitaldefiance-i18n-lib/tests/global-active-context.e2e.spec.ts
 RUNS  packages/digitaldefiance-i18n-lib/tests/global-active-context.spec.ts
 RUNS  packages/digitaldefiance-i18n-lib/tests/context-variables.spec.ts
 RUNS  packages/digitaldefiance-i18n-lib/tests/icu/tokenizer-debug.spec.ts
 RUNS  packages/digitaldefiance-i18n-lib/tests/v2/i18n-engine.spec.ts
 RUNS  packages/digitaldefiance-i18n-lib/tests/icu/tokenizer.spec.ts

Test Suites: 9 passed, 9 of 96 total
Tests:       575 passed, 575 total
Snapshots:   0 total
Time:        15 s, estimated 24 s
 PASS  packages/digitaldefiance-i18n-lib/tests/icu/tokenizer-debug.spec.ts�███████████████

 RUNS  packages/digitaldefiance-i18n-lib/tests/circular-dependencies.spec.ts
 RUNS  packages/digitaldefiance-i18n-lib/tests/typed-error-pbt.spec.ts
 RUNS  packages/digitaldefiance-i18n-lib/tests/translatable-generic-error.spec.ts
 RUNS  packages/digitaldefiance-i18n-lib/tests/core-i18n.spec.ts
 RUNS  packages/digitaldefiance-i18n-lib/tests/registry-error.spec.ts
 RUNS  packages/digitaldefiance-i18n-lib/tests/global-active-context.e2e.spec.ts
 RUNS  packages/digitaldefiance-i18n-lib/tests/global-active-context.spec.ts
 RUNS  packages/digitaldefiance-i18n-lib/tests/context-variables.spec.ts
 RUNS  packages/digitaldefiance-i18n-lib/tests/icu/tokenizer-debug.spec.ts
 RUNS  packages/digitaldefiance-i18n-lib/tests/v2/i18n-engine.spec.ts
 RUNS  packages/digitaldefiance-i18n-lib/tests/icu/tokenizer.spec.ts

Test Suites: 9 passed, 9 of 96 total
Tests:       575 passed, 575 total
Snapshots:   0 total
Time:        15 s, estimated 24 s
████████████████████████████████████████
 RUNS  packages/digitaldefiance-i18n-lib/tests/circular-dependencies.spec.ts
 RUNS  packages/digitaldefiance-i18n-lib/tests/typed-error-pbt.spec.ts
 RUNS  packages/digitaldefiance-i18n-lib/tests/translatable-generic-error.spec.ts
 RUNS  packages/digitaldefiance-i18n-lib/tests/core-i18n.spec.ts
 RUNS  packages/digitaldefiance-i18n-lib/tests/registry-error.spec.ts
 RUNS  packages/digitaldefiance-i18n-lib/tests/global-active-context.e2e.spec.ts
 RUNS  packages/digitaldefiance-i18n-lib/tests/global-active-context.spec.ts
 RUNS  packages/digitaldefiance-i18n-lib/tests/context-variables.spec.ts
 RUNS  packages/digitaldefiance-i18n-lib/tests/currency.spec.ts
 RUNS  packages/digitaldefiance-i18n-lib/tests/v2/i18n-engine.spec.ts
 RUNS  packages/digitaldefiance-i18n-lib/tests/icu/tokenizer.spec.ts

Test Suites: 10 passed, 10 of 96 total
Tests:       590 passed, 590 total
Snapshots:   0 total
Time:        15 s, estimated 24 s
 PASS  packages/digitaldefiance-i18n-lib/tests/icu/tokenizer.spec.ts�█████████████████

 RUNS  packages/digitaldefiance-i18n-lib/tests/circular-dependencies.spec.ts
 RUNS  packages/digitaldefiance-i18n-lib/tests/typed-error-pbt.spec.ts
 RUNS  packages/digitaldefiance-i18n-lib/tests/translatable-generic-error.spec.ts
 RUNS  packages/digitaldefiance-i18n-lib/tests/core-i18n.spec.ts
 RUNS  packages/digitaldefiance-i18n-lib/tests/registry-error.spec.ts
 RUNS  packages/digitaldefiance-i18n-lib/tests/global-active-context.e2e.spec.ts
 RUNS  packages/digitaldefiance-i18n-lib/tests/global-active-context.spec.ts
 RUNS  packages/digitaldefiance-i18n-lib/tests/context-variables.spec.ts
 RUNS  packages/digitaldefiance-i18n-lib/tests/currency.spec.ts
 RUNS  packages/digitaldefiance-i18n-lib/tests/v2/i18n-engine.spec.ts
 RUNS  packages/digitaldefiance-i18n-lib/tests/icu/tokenizer.spec.ts

Test Suites: 10 passed, 10 of 96 total
Tests:       590 passed, 590 total
Snapshots:   0 total
Time:        15 s, estimated 24 s
████████████████████████████████████████
 RUNS  packages/digitaldefiance-i18n-lib/tests/circular-dependencies.spec.ts
 RUNS  packages/digitaldefiance-i18n-lib/tests/typed-error-pbt.spec.ts
 RUNS  packages/digitaldefiance-i18n-lib/tests/translatable-generic-error.spec.ts
 RUNS  packages/digitaldefiance-i18n-lib/tests/core-i18n.spec.ts
 RUNS  packages/digitaldefiance-i18n-lib/tests/registry-error.spec.ts
 RUNS  packages/digitaldefiance-i18n-lib/tests/global-active-context.e2e.spec.ts
 RUNS  packages/digitaldefiance-i18n-lib/tests/global-active-context.spec.ts
 RUNS  packages/digitaldefiance-i18n-lib/tests/context-variables.spec.ts
 RUNS  packages/digitaldefiance-i18n-lib/tests/currency.spec.ts
 RUNS  packages/digitaldefiance-i18n-lib/tests/typed-handleable.spec.ts
 RUNS  packages/digitaldefiance-i18n-lib/tests/v2/i18n-engine.spec.ts

Test Suites: 11 passed, 11 of 96 total
Tests:       608 passed, 608 total
Snapshots:   0 total
Time:        15 s, estimated 24 s
████████████████████████████████████████
 RUNS  packages/digitaldefiance-i18n-lib/tests/circular-dependencies.spec.ts
 RUNS  packages/digitaldefiance-i18n-lib/tests/typed-error-pbt.spec.ts
 RUNS  packages/digitaldefiance-i18n-lib/tests/translatable-generic-error.spec.ts
 RUNS  packages/digitaldefiance-i18n-lib/tests/core-i18n.spec.ts
 RUNS  packages/digitaldefiance-i18n-lib/tests/registry-error.spec.ts
 RUNS  packages/digitaldefiance-i18n-lib/tests/global-active-context.e2e.spec.ts
 RUNS  packages/digitaldefiance-i18n-lib/tests/global-active-context.spec.ts
 RUNS  packages/digitaldefiance-i18n-lib/tests/context-variables.spec.ts
 RUNS  packages/digitaldefiance-i18n-lib/tests/currency.spec.ts
 RUNS  packages/digitaldefiance-i18n-lib/tests/typed-handleable.spec.ts
 RUNS  packages/digitaldefiance-i18n-lib/tests/v2/i18n-engine.spec.ts

Test Suites: 11 passed, 11 of 96 total
Tests:       632 passed, 632 total
Snapshots:   0 total
Time:        15 s, estimated 24 s
 PASS  packages/digitaldefiance-i18n-lib/tests/v2/i18n-engine.spec.ts█████████████████

 RUNS  packages/digitaldefiance-i18n-lib/tests/circular-dependencies.spec.ts
 RUNS  packages/digitaldefiance-i18n-lib/tests/typed-error-pbt.spec.ts
 RUNS  packages/digitaldefiance-i18n-lib/tests/translatable-generic-error.spec.ts
 RUNS  packages/digitaldefiance-i18n-lib/tests/core-i18n.spec.ts
 RUNS  packages/digitaldefiance-i18n-lib/tests/registry-error.spec.ts
 RUNS  packages/digitaldefiance-i18n-lib/tests/global-active-context.e2e.spec.ts
 RUNS  packages/digitaldefiance-i18n-lib/tests/global-active-context.spec.ts
 RUNS  packages/digitaldefiance-i18n-lib/tests/context-variables.spec.ts
 RUNS  packages/digitaldefiance-i18n-lib/tests/currency.spec.ts
 RUNS  packages/digitaldefiance-i18n-lib/tests/typed-handleable.spec.ts
 RUNS  packages/digitaldefiance-i18n-lib/tests/v2/i18n-engine.spec.ts

Test Suites: 11 passed, 11 of 96 total
Tests:       632 passed, 632 total
Snapshots:   0 total
Time:        15 s, estimated 24 s
████████████████████████████████████████
 RUNS  packages/digitaldefiance-i18n-lib/tests/circular-dependencies.spec.ts
 RUNS  packages/digitaldefiance-i18n-lib/tests/typed-error-pbt.spec.ts
 RUNS  packages/digitaldefiance-i18n-lib/tests/translatable-generic-error.spec.ts
 RUNS  packages/digitaldefiance-i18n-lib/tests/core-i18n.spec.ts
 RUNS  packages/digitaldefiance-i18n-lib/tests/registry-error.spec.ts
 RUNS  packages/digitaldefiance-i18n-lib/tests/global-active-context.e2e.spec.ts
 RUNS  packages/digitaldefiance-i18n-lib/tests/global-active-context.spec.ts
 RUNS  packages/digitaldefiance-i18n-lib/tests/context-variables.spec.ts
 RUNS  packages/digitaldefiance-i18n-lib/tests/currency.spec.ts
 RUNS  packages/digitaldefiance-i18n-lib/tests/typed-handleable.spec.ts
 RUNS  packages/digitaldefiance-i18n-lib/tests/icu/parser.spec.ts

Test Suites: 12 passed, 12 of 96 total
Tests:       664 passed, 664 total
Snapshots:   0 total
Time:        16 s, estimated 24 s
████████████████████████████████████████
 RUNS  packages/digitaldefiance-i18n-lib/tests/circular-dependencies.spec.ts
 RUNS  packages/digitaldefiance-i18n-lib/tests/typed-error-pbt.spec.ts
 RUNS  packages/digitaldefiance-i18n-lib/tests/translatable-generic-error.spec.ts
 RUNS  packages/digitaldefiance-i18n-lib/tests/core-i18n.spec.ts
 RUNS  packages/digitaldefiance-i18n-lib/tests/registry-error.spec.ts
 RUNS  packages/digitaldefiance-i18n-lib/tests/global-active-context.e2e.spec.ts
 RUNS  packages/digitaldefiance-i18n-lib/tests/global-active-context.spec.ts
 RUNS  packages/digitaldefiance-i18n-lib/tests/context-variables.spec.ts
 RUNS  packages/digitaldefiance-i18n-lib/tests/currency.spec.ts
 RUNS  packages/digitaldefiance-i18n-lib/tests/typed-handleable.spec.ts
 RUNS  packages/digitaldefiance-i18n-lib/tests/icu/parser.spec.ts

Test Suites: 12 passed, 12 of 96 total
Tests:       671 passed, 671 total
Snapshots:   0 total
Time:        16 s, estimated 24 s
 PASS  packages/digitaldefiance-i18n-lib/tests/context-variables.spec.ts████████████████

 RUNS  packages/digitaldefiance-i18n-lib/tests/circular-dependencies.spec.ts
 RUNS  packages/digitaldefiance-i18n-lib/tests/typed-error-pbt.spec.ts
 RUNS  packages/digitaldefiance-i18n-lib/tests/translatable-generic-error.spec.ts
 RUNS  packages/digitaldefiance-i18n-lib/tests/core-i18n.spec.ts
 RUNS  packages/digitaldefiance-i18n-lib/tests/registry-error.spec.ts
 RUNS  packages/digitaldefiance-i18n-lib/tests/global-active-context.e2e.spec.ts
 RUNS  packages/digitaldefiance-i18n-lib/tests/global-active-context.spec.ts
 RUNS  packages/digitaldefiance-i18n-lib/tests/context-variables.spec.ts
 RUNS  packages/digitaldefiance-i18n-lib/tests/currency.spec.ts
 RUNS  packages/digitaldefiance-i18n-lib/tests/typed-handleable.spec.ts
 RUNS  packages/digitaldefiance-i18n-lib/tests/icu/parser.spec.ts

Test Suites: 12 passed, 12 of 96 total
Tests:       671 passed, 671 total
Snapshots:   0 total
Time:        16 s, estimated 24 s
 PASS  packages/digitaldefiance-i18n-lib/tests/global-active-context.spec.ts��██████████████

 RUNS  packages/digitaldefiance-i18n-lib/tests/circular-dependencies.spec.ts
 RUNS  packages/digitaldefiance-i18n-lib/tests/typed-error-pbt.spec.ts
 RUNS  packages/digitaldefiance-i18n-lib/tests/translatable-generic-error.spec.ts
 RUNS  packages/digitaldefiance-i18n-lib/tests/core-i18n.spec.ts
 RUNS  packages/digitaldefiance-i18n-lib/tests/registry-error.spec.ts
 RUNS  packages/digitaldefiance-i18n-lib/tests/global-active-context.e2e.spec.ts
 RUNS  packages/digitaldefiance-i18n-lib/tests/global-active-context.spec.ts
 RUNS  packages/digitaldefiance-i18n-lib/tests/context-variables.spec.ts
 RUNS  packages/digitaldefiance-i18n-lib/tests/currency.spec.ts
 RUNS  packages/digitaldefiance-i18n-lib/tests/typed-handleable.spec.ts
 RUNS  packages/digitaldefiance-i18n-lib/tests/icu/parser.spec.ts

Test Suites: 12 passed, 12 of 96 total
Tests:       671 passed, 671 total
Snapshots:   0 total
Time:        16 s, estimated 24 s
████████████████████████████████████████
 RUNS  packages/digitaldefiance-i18n-lib/tests/circular-dependencies.spec.ts
 RUNS  packages/digitaldefiance-i18n-lib/tests/typed-error-pbt.spec.ts
 RUNS  packages/digitaldefiance-i18n-lib/tests/translatable-generic-error.spec.ts
 RUNS  packages/digitaldefiance-i18n-lib/tests/core-i18n.spec.ts
 RUNS  packages/digitaldefiance-i18n-lib/tests/registry-error.spec.ts
 RUNS  packages/digitaldefiance-i18n-lib/tests/global-active-context.e2e.spec.ts
 RUNS  packages/digitaldefiance-i18n-lib/tests/security/prototype-pollution.spec.ts
 RUNS  packages/digitaldefiance-i18n-lib/tests/currency.spec.ts
 RUNS  packages/digitaldefiance-i18n-lib/tests/typed-handleable.spec.ts
 RUNS  packages/digitaldefiance-i18n-lib/tests/icu/parser-spec-compliance.spec.ts
 RUNS  packages/digitaldefiance-i18n-lib/tests/icu/parser.spec.ts

Test Suites: 14 passed, 14 of 96 total
Tests:       688 passed, 688 total
Snapshots:   0 total
Time:        16 s, estimated 24 s
█████████████████████████████████���██████
 RUNS  packages/digitaldefiance-i18n-lib/tests/circular-dependencies.spec.ts
 RUNS  packages/digitaldefiance-i18n-lib/tests/typed-error-pbt.spec.ts
 RUNS  packages/digitaldefiance-i18n-lib/tests/translatable-generic-error.spec.ts
 RUNS  packages/digitaldefiance-i18n-lib/tests/core-i18n.spec.ts
 RUNS  packages/digitaldefiance-i18n-lib/tests/registry-error.spec.ts
 RUNS  packages/digitaldefiance-i18n-lib/tests/global-active-context.e2e.spec.ts
 RUNS  packages/digitaldefiance-i18n-lib/tests/security/prototype-pollution.spec.ts
 RUNS  packages/digitaldefiance-i18n-lib/tests/currency.spec.ts
 RUNS  packages/digitaldefiance-i18n-lib/tests/typed-handleable.spec.ts
 RUNS  packages/digitaldefiance-i18n-lib/tests/icu/parser-spec-compliance.spec.ts
 RUNS  packages/digitaldefiance-i18n-lib/tests/icu/parser.spec.ts

Test Suites: 14 passed, 14 of 96 total
Tests:       721 passed, 721 total
Snapshots:   0 total
Time:        16 s, estimated 24 s
 PASS  packages/digitaldefiance-i18n-lib/tests/registry-error.spec.ts█████████████████

 RUNS  packages/digitaldefiance-i18n-lib/tests/circular-dependencies.spec.ts
 RUNS  packages/digitaldefiance-i18n-lib/tests/typed-error-pbt.spec.ts
 RUNS  packages/digitaldefiance-i18n-lib/tests/translatable-generic-error.spec.ts
 RUNS  packages/digitaldefiance-i18n-lib/tests/core-i18n.spec.ts
 RUNS  packages/digitaldefiance-i18n-lib/tests/registry-error.spec.ts
 RUNS  packages/digitaldefiance-i18n-lib/tests/global-active-context.e2e.spec.ts
 RUNS  packages/digitaldefiance-i18n-lib/tests/security/prototype-pollution.spec.ts
 RUNS  packages/digitaldefiance-i18n-lib/tests/currency.spec.ts
 RUNS  packages/digitaldefiance-i18n-lib/tests/typed-handleable.spec.ts
 RUNS  packages/digitaldefiance-i18n-lib/tests/icu/parser-spec-compliance.spec.ts
 RUNS  packages/digitaldefiance-i18n-lib/tests/icu/parser.spec.ts

Test Suites: 14 passed, 14 of 96 total
Tests:       721 passed, 721 total
Snapshots:   0 total
Time:        16 s, estimated 24 s
 PASS  packages/digitaldefiance-i18n-lib/tests/core-i18n.spec.ts��██████████████████

 RUNS  packages/digitaldefiance-i18n-lib/tests/circular-dependencies.spec.ts
 RUNS  packages/digitaldefiance-i18n-lib/tests/typed-error-pbt.spec.ts
 RUNS  packages/digitaldefiance-i18n-lib/tests/translatable-generic-error.spec.ts
 RUNS  packages/digitaldefiance-i18n-lib/tests/core-i18n.spec.ts
 RUNS  packages/digitaldefiance-i18n-lib/tests/registry-error.spec.ts
 RUNS  packages/digitaldefiance-i18n-lib/tests/global-active-context.e2e.spec.ts
 RUNS  packages/digitaldefiance-i18n-lib/tests/security/prototype-pollution.spec.ts
 RUNS  packages/digitaldefiance-i18n-lib/tests/currency.spec.ts
 RUNS  packages/digitaldefiance-i18n-lib/tests/typed-handleable.spec.ts
 RUNS  packages/digitaldefiance-i18n-lib/tests/icu/parser-spec-compliance.spec.ts
 RUNS  packages/digitaldefiance-i18n-lib/tests/icu/parser.spec.ts

Test Suites: 14 passed, 14 of 96 total
Tests:       721 passed, 721 total
Snapshots:   0 total
Time:        16 s, estimated 24 s
 PASS  packages/digitaldefiance-i18n-lib/tests/global-active-context.e2e.spec.ts�█████████████

 RUNS  packages/digitaldefiance-i18n-lib/tests/circular-dependencies.spec.ts
 RUNS  packages/digitaldefiance-i18n-lib/tests/typed-error-pbt.spec.ts
 RUNS  packages/digitaldefiance-i18n-lib/tests/translatable-generic-error.spec.ts
 RUNS  packages/digitaldefiance-i18n-lib/tests/core-i18n.spec.ts
 RUNS  packages/digitaldefiance-i18n-lib/tests/registry-error.spec.ts
 RUNS  packages/digitaldefiance-i18n-lib/tests/global-active-context.e2e.spec.ts
 RUNS  packages/digitaldefiance-i18n-lib/tests/security/prototype-pollution.spec.ts
 RUNS  packages/digitaldefiance-i18n-lib/tests/currency.spec.ts
 RUNS  packages/digitaldefiance-i18n-lib/tests/typed-handleable.spec.ts
 RUNS  packages/digitaldefiance-i18n-lib/tests/icu/parser-spec-compliance.spec.ts
 RUNS  packages/digitaldefiance-i18n-lib/tests/icu/parser.spec.ts

Test Suites: 14 passed, 14 of 96 total
Tests:       721 passed, 721 total
Snapshots:   0 total
Time:        16 s, estimated 24 s
████████████████████████████████████████
 RUNS  packages/digitaldefiance-i18n-lib/tests/circular-dependencies.spec.ts
 RUNS  packages/digitaldefiance-i18n-lib/tests/typed-error-pbt.spec.ts
 RUNS  packages/digitaldefiance-i18n-lib/tests/translatable-generic-error.spec.ts
 RUNS  packages/digitaldefiance-i18n-lib/tests/icu/runtime.spec.ts
 RUNS  packages/digitaldefiance-i18n-lib/tests/utils/validation.spec.ts
 RUNS  packages/digitaldefiance-i18n-lib/tests/create-translation-adapter.spec.ts
 RUNS  packages/digitaldefiance-i18n-lib/tests/security/prototype-pollution.spec.ts
 RUNS  packages/digitaldefiance-i18n-lib/tests/currency.spec.ts
 RUNS  packages/digitaldefiance-i18n-lib/tests/typed-handleable.spec.ts
 RUNS  packages/digitaldefiance-i18n-lib/tests/icu/parser-spec-compliance.spec.ts
 RUNS  packages/digitaldefiance-i18n-lib/tests/icu/parser.spec.ts

Test Suites: 17 passed, 17 of 96 total
Tests:       737 passed, 737 total
Snapshots:   0 total
Time:        16 s, estimated 24 s
████████████████████████████████████████
 RUNS  packages/digitaldefiance-i18n-lib/tests/circular-dependencies.spec.ts
 RUNS  packages/digitaldefiance-i18n-lib/tests/typed-error-pbt.spec.ts
 RUNS  packages/digitaldefiance-i18n-lib/tests/translatable-generic-error.spec.ts
 RUNS  packages/digitaldefiance-i18n-lib/tests/icu/runtime.spec.ts
 RUNS  packages/digitaldefiance-i18n-lib/tests/utils/validation.spec.ts
 RUNS  packages/digitaldefiance-i18n-lib/tests/create-translation-adapter.spec.ts
 RUNS  packages/digitaldefiance-i18n-lib/tests/security/prototype-pollution.spec.ts
 RUNS  packages/digitaldefiance-i18n-lib/tests/currency.spec.ts
 RUNS  packages/digitaldefiance-i18n-lib/tests/typed-handleable.spec.ts
 RUNS  packages/digitaldefiance-i18n-lib/tests/icu/parser-spec-compliance.spec.ts
 RUNS  packages/digitaldefiance-i18n-lib/tests/icu/parser.spec.ts

Test Suites: 17 passed, 17 of 96 total
Tests:       777 passed, 777 total
Snapshots:   0 total
Time:        16 s, estimated 24 s
 PASS  packages/digitaldefiance-i18n-lib/tests/translatable-generic-error.spec.ts█████████████

 RUNS  packages/digitaldefiance-i18n-lib/tests/circular-dependencies.spec.ts
 RUNS  packages/digitaldefiance-i18n-lib/tests/typed-error-pbt.spec.ts
 RUNS  packages/digitaldefiance-i18n-lib/tests/translatable-generic-error.spec.ts
 RUNS  packages/digitaldefiance-i18n-lib/tests/icu/runtime.spec.ts
 RUNS  packages/digitaldefiance-i18n-lib/tests/utils/validation.spec.ts
 RUNS  packages/digitaldefiance-i18n-lib/tests/create-translation-adapter.spec.ts
 RUNS  packages/digitaldefiance-i18n-lib/tests/security/prototype-pollution.spec.ts
 RUNS  packages/digitaldefiance-i18n-lib/tests/currency.spec.ts
 RUNS  packages/digitaldefiance-i18n-lib/tests/typed-handleable.spec.ts
 RUNS  packages/digitaldefiance-i18n-lib/tests/icu/parser-spec-compliance.spec.ts
 RUNS  packages/digitaldefiance-i18n-lib/tests/icu/parser.spec.ts

Test Suites: 17 passed, 17 of 96 total
Tests:       777 passed, 777 total
Snapshots:   0 total
Time:        16 s, estimated 24 s
 PASS  packages/digitaldefiance-i18n-lib/tests/currency.spec.ts███████████████████

 RUNS  packages/digitaldefiance-i18n-lib/tests/circular-dependencies.spec.ts
 RUNS  packages/digitaldefiance-i18n-lib/tests/typed-error-pbt.spec.ts
 RUNS  packages/digitaldefiance-i18n-lib/tests/translatable-generic-error.spec.ts
 RUNS  packages/digitaldefiance-i18n-lib/tests/icu/runtime.spec.ts
 RUNS  packages/digitaldefiance-i18n-lib/tests/utils/validation.spec.ts
 RUNS  packages/digitaldefiance-i18n-lib/tests/create-translation-adapter.spec.ts
 RUNS  packages/digitaldefiance-i18n-lib/tests/security/prototype-pollution.spec.ts
 RUNS  packages/digitaldefiance-i18n-lib/tests/currency.spec.ts
 RUNS  packages/digitaldefiance-i18n-lib/tests/typed-handleable.spec.ts
 RUNS  packages/digitaldefiance-i18n-lib/tests/icu/parser-spec-compliance.spec.ts
 RUNS  packages/digitaldefiance-i18n-lib/tests/icu/parser.spec.ts

Test Suites: 17 passed, 17 of 96 total
Tests:       777 passed, 777 total
Snapshots:   0 total
Time:        16 s, estimated 24 s
████████████████████████████████████████
 RUNS  packages/digitaldefiance-i18n-lib/tests/circular-dependencies.spec.ts
 RUNS  packages/digitaldefiance-i18n-lib/tests/typed-error-pbt.spec.ts
 RUNS  packages/digitaldefiance-i18n-lib/tests/timezone.spec.ts
 RUNS  packages/digitaldefiance-i18n-lib/tests/icu/runtime.spec.ts
 RUNS  packages/digitaldefiance-i18n-lib/tests/utils/validation.spec.ts
 RUNS  packages/digitaldefiance-i18n-lib/tests/i18n-builder.spec.ts
 RUNS  packages/digitaldefiance-i18n-lib/tests/create-translation-adapter.spec.ts
 RUNS  packages/digitaldefiance-i18n-lib/tests/security/prototype-pollution.spec.ts
 RUNS  packages/digitaldefiance-i18n-lib/tests/typed-handleable.spec.ts
 RUNS  packages/digitaldefiance-i18n-lib/tests/icu/parser-spec-compliance.spec.ts
 RUNS  packages/digitaldefiance-i18n-lib/tests/icu/parser.spec.ts

Test Suites: 19 passed, 19 of 96 total
Tests:       793 passed, 793 total
Snapshots:   0 total
Time:        16 s, estimated 24 s
 PASS  packages/digitaldefiance-i18n-lib/tests/typed-error-pbt.spec.ts (10.161 s)█████████████

 RUNS  packages/digitaldefiance-i18n-lib/tests/circular-dependencies.spec.ts
 RUNS  packages/digitaldefiance-i18n-lib/tests/typed-error-pbt.spec.ts
 RUNS  packages/digitaldefiance-i18n-lib/tests/timezone.spec.ts
 RUNS  packages/digitaldefiance-i18n-lib/tests/icu/runtime.spec.ts
 RUNS  packages/digitaldefiance-i18n-lib/tests/utils/validation.spec.ts
 RUNS  packages/digitaldefiance-i18n-lib/tests/i18n-builder.spec.ts
 RUNS  packages/digitaldefiance-i18n-lib/tests/create-translation-adapter.spec.ts
 RUNS  packages/digitaldefiance-i18n-lib/tests/security/prototype-pollution.spec.ts
 RUNS  packages/digitaldefiance-i18n-lib/tests/typed-handleable.spec.ts
 RUNS  packages/digitaldefiance-i18n-lib/tests/icu/parser-spec-compliance.spec.ts
 RUNS  packages/digitaldefiance-i18n-lib/tests/icu/parser.spec.ts

Test Suites: 19 passed, 19 of 96 total
Tests:       793 passed, 793 total
Snapshots:   0 total
Time:        16 s, estimated 24 s
████████████████████████████████████████
 RUNS  packages/digitaldefiance-i18n-lib/tests/circular-dependencies.spec.ts
 RUNS  packages/digitaldefiance-i18n-lib/tests/timezone.spec.ts
 RUNS  packages/digitaldefiance-i18n-lib/tests/icu/runtime.spec.ts
 RUNS  packages/digitaldefiance-i18n-lib/tests/utils/validation.spec.ts
 RUNS  packages/digitaldefiance-i18n-lib/tests/i18n-builder.spec.ts
 RUNS  packages/digitaldefiance-i18n-lib/tests/create-translation-adapter.spec.ts
 RUNS  packages/digitaldefiance-i18n-lib/tests/security/prototype-pollution.spec.ts
 RUNS  packages/digitaldefiance-i18n-lib/tests/i18n-engine.registerIfNotExists.spec.ts
 RUNS  packages/digitaldefiance-i18n-lib/tests/typed-handleable.spec.ts
 RUNS  packages/digitaldefiance-i18n-lib/tests/icu/parser-spec-compliance.spec.ts
 RUNS  packages/digitaldefiance-i18n-lib/tests/icu/parser.spec.ts

Test Suites: 20 passed, 20 of 96 total
Tests:       799 passed, 799 total
Snapshots:   0 total
Time:        16 s, estimated 24 s
 PASS  packages/digitaldefiance-i18n-lib/tests/icu/runtime.spec.ts██████████████████

 RUNS  packages/digitaldefiance-i18n-lib/tests/circular-dependencies.spec.ts
 RUNS  packages/digitaldefiance-i18n-lib/tests/timezone.spec.ts
 RUNS  packages/digitaldefiance-i18n-lib/tests/icu/runtime.spec.ts
 RUNS  packages/digitaldefiance-i18n-lib/tests/utils/validation.spec.ts
 RUNS  packages/digitaldefiance-i18n-lib/tests/i18n-builder.spec.ts
 RUNS  packages/digitaldefiance-i18n-lib/tests/create-translation-adapter.spec.ts
 RUNS  packages/digitaldefiance-i18n-lib/tests/security/prototype-pollution.spec.ts
 RUNS  packages/digitaldefiance-i18n-lib/tests/i18n-engine.registerIfNotExists.spec.ts
 RUNS  packages/digitaldefiance-i18n-lib/tests/typed-handleable.spec.ts
 RUNS  packages/digitaldefiance-i18n-lib/tests/icu/parser-spec-compliance.spec.ts
 RUNS  packages/digitaldefiance-i18n-lib/tests/icu/parser.spec.ts

Test Suites: 20 passed, 20 of 96 total
Tests:       799 passed, 799 total
Snapshots:   0 total
Time:        16 s, estimated 24 s
████████████████████████████████████████
 RUNS  packages/digitaldefiance-i18n-lib/tests/circular-dependencies.spec.ts
 RUNS  packages/digitaldefiance-i18n-lib/tests/errors/plural-errors.spec.ts
 RUNS  packages/digitaldefiance-i18n-lib/tests/timezone.spec.ts
 RUNS  packages/digitaldefiance-i18n-lib/tests/utils/validation.spec.ts
 RUNS  packages/digitaldefiance-i18n-lib/tests/i18n-builder.spec.ts
 RUNS  packages/digitaldefiance-i18n-lib/tests/create-translation-adapter.spec.ts
 RUNS  packages/digitaldefiance-i18n-lib/tests/security/prototype-pollution.spec.ts
 RUNS  packages/digitaldefiance-i18n-lib/tests/i18n-engine.registerIfNotExists.spec.ts
 RUNS  packages/digitaldefiance-i18n-lib/tests/typed-handleable.spec.ts
 RUNS  packages/digitaldefiance-i18n-lib/tests/icu/parser-spec-compliance.spec.ts
 RUNS  packages/digitaldefiance-i18n-lib/tests/icu/parser.spec.ts

Test Suites: 21 passed, 21 of 96 total
Tests:       812 passed, 812 total
Snapshots:   0 total
Time:        16 s, estimated 24 s
 PASS  packages/digitaldefiance-i18n-lib/tests/icu/parser.spec.ts�██████████████████

 RUNS  packages/digitaldefiance-i18n-lib/tests/circular-dependencies.spec.ts
 RUNS  packages/digitaldefiance-i18n-lib/tests/errors/plural-errors.spec.ts
 RUNS  packages/digitaldefiance-i18n-lib/tests/timezone.spec.ts
 RUNS  packages/digitaldefiance-i18n-lib/tests/utils/validation.spec.ts
 RUNS  packages/digitaldefiance-i18n-lib/tests/i18n-builder.spec.ts
 RUNS  packages/digitaldefiance-i18n-lib/tests/create-translation-adapter.spec.ts
 RUNS  packages/digitaldefiance-i18n-lib/tests/security/prototype-pollution.spec.ts
 RUNS  packages/digitaldefiance-i18n-lib/tests/i18n-engine.registerIfNotExists.spec.ts
 RUNS  packages/digitaldefiance-i18n-lib/tests/typed-handleable.spec.ts
 RUNS  packages/digitaldefiance-i18n-lib/tests/icu/parser-spec-compliance.spec.ts
 RUNS  packages/digitaldefiance-i18n-lib/tests/icu/parser.spec.ts

Test Suites: 21 passed, 21 of 96 total
Tests:       812 passed, 812 total
Snapshots:   0 total
Time:        16 s, estimated 24 s
████████████████████████████████████████
 RUNS  packages/digitaldefiance-i18n-lib/tests/circular-dependencies.spec.ts
 RUNS  packages/digitaldefiance-i18n-lib/tests/errors/plural-errors.spec.ts
 RUNS  packages/digitaldefiance-i18n-lib/tests/timezone.spec.ts
 RUNS  packages/digitaldefiance-i18n-lib/tests/icu/runtime-security.spec.ts
 RUNS  packages/digitaldefiance-i18n-lib/tests/utils/validation.spec.ts
 RUNS  packages/digitaldefiance-i18n-lib/tests/i18n-builder.spec.ts
 RUNS  packages/digitaldefiance-i18n-lib/tests/create-translation-adapter.spec.ts
 RUNS  packages/digitaldefiance-i18n-lib/tests/security/prototype-pollution.spec.ts
 RUNS  packages/digitaldefiance-i18n-lib/tests/i18n-engine.registerIfNotExists.spec.ts
 RUNS  packages/digitaldefiance-i18n-lib/tests/typed-handleable.spec.ts
 RUNS  packages/digitaldefiance-i18n-lib/tests/icu/parser-spec-compliance.spec.ts

Test Suites: 22 passed, 22 of 96 total
Tests:       821 passed, 821 total
Snapshots:   0 total
Time:        17 s, estimated 24 s
████████████████████████████████████████
 RUNS  packages/digitaldefiance-i18n-lib/tests/circular-dependencies.spec.ts
 RUNS  packages/digitaldefiance-i18n-lib/tests/errors/plural-errors.spec.ts
 RUNS  packages/digitaldefiance-i18n-lib/tests/timezone.spec.ts
 RUNS  packages/digitaldefiance-i18n-lib/tests/icu/runtime-security.spec.ts
 RUNS  packages/digitaldefiance-i18n-lib/tests/utils/validation.spec.ts
 RUNS  packages/digitaldefiance-i18n-lib/tests/i18n-builder.spec.ts
 RUNS  packages/digitaldefiance-i18n-lib/tests/create-translation-adapter.spec.ts
 RUNS  packages/digitaldefiance-i18n-lib/tests/security/prototype-pollution.spec.ts
 RUNS  packages/digitaldefiance-i18n-lib/tests/i18n-engine.registerIfNotExists.spec.ts
 RUNS  packages/digitaldefiance-i18n-lib/tests/typed-handleable.spec.ts
 RUNS  packages/digitaldefiance-i18n-lib/tests/icu/parser-spec-compliance.spec.ts

Test Suites: 22 passed, 22 of 96 total
Tests:       829 passed, 829 total
Snapshots:   0 total
Time:        17 s, estimated 24 s
 PASS  packages/digitaldefiance-i18n-lib/tests/security/prototype-pollution.spec.ts�████████████

 RUNS  packages/digitaldefiance-i18n-lib/tests/circular-dependencies.spec.ts
 RUNS  packages/digitaldefiance-i18n-lib/tests/errors/plural-errors.spec.ts
 RUNS  packages/digitaldefiance-i18n-lib/tests/timezone.spec.ts
 RUNS  packages/digitaldefiance-i18n-lib/tests/icu/runtime-security.spec.ts
 RUNS  packages/digitaldefiance-i18n-lib/tests/utils/validation.spec.ts
 RUNS  packages/digitaldefiance-i18n-lib/tests/i18n-builder.spec.ts
 RUNS  packages/digitaldefiance-i18n-lib/tests/create-translation-adapter.spec.ts
 RUNS  packages/digitaldefiance-i18n-lib/tests/security/prototype-pollution.spec.ts
 RUNS  packages/digitaldefiance-i18n-lib/tests/i18n-engine.registerIfNotExists.spec.ts
 RUNS  packages/digitaldefiance-i18n-lib/tests/typed-handleable.spec.ts
 RUNS  packages/digitaldefiance-i18n-lib/tests/icu/parser-spec-compliance.spec.ts

Test Suites: 22 passed, 22 of 96 total
Tests:       829 passed, 829 total
Snapshots:   0 total
Time:        17 s, estimated 24 s
████████████████████████████████████████
 RUNS  packages/digitaldefiance-i18n-lib/tests/circular-dependencies.spec.ts
 RUNS  packages/digitaldefiance-i18n-lib/tests/errors/plural-errors.spec.ts
 RUNS  packages/digitaldefiance-i18n-lib/tests/timezone.spec.ts
 RUNS  packages/digitaldefiance-i18n-lib/tests/icu/runtime-security.spec.ts
 RUNS  packages/digitaldefiance-i18n-lib/tests/utils/validation.spec.ts
 RUNS  packages/digitaldefiance-i18n-lib/tests/i18n-builder.spec.ts
 RUNS  packages/digitaldefiance-i18n-lib/tests/create-translation-adapter.spec.ts
 RUNS  packages/digitaldefiance-i18n-lib/tests/i18n-engine.registerIfNotExists.spec.ts
 RUNS  packages/digitaldefiance-i18n-lib/tests/typed-handleable.spec.ts
 RUNS  packages/digitaldefiance-i18n-lib/tests/icu/parser-spec-compliance.spec.ts
 RUNS  packages/digitaldefiance-i18n-lib/tests/icu/multilingual-edge-cases.spec.ts

Test Suites: 23 passed, 23 of 96 total
Tests:       867 passed, 867 total
Snapshots:   0 total
Time:        17 s, estimated 24 s
 PASS  packages/digitaldefiance-i18n-lib/tests/errors/plural-errors.spec.ts███████████████

 RUNS  packages/digitaldefiance-i18n-lib/tests/circular-dependencies.spec.ts
 RUNS  packages/digitaldefiance-i18n-lib/tests/errors/plural-errors.spec.ts
 RUNS  packages/digitaldefiance-i18n-lib/tests/timezone.spec.ts
 RUNS  packages/digitaldefiance-i18n-lib/tests/icu/runtime-security.spec.ts
 RUNS  packages/digitaldefiance-i18n-lib/tests/utils/validation.spec.ts
 RUNS  packages/digitaldefiance-i18n-lib/tests/i18n-builder.spec.ts
 RUNS  packages/digitaldefiance-i18n-lib/tests/create-translation-adapter.spec.ts
 RUNS  packages/digitaldefiance-i18n-lib/tests/i18n-engine.registerIfNotExists.spec.ts
 RUNS  packages/digitaldefiance-i18n-lib/tests/typed-handleable.spec.ts
 RUNS  packages/digitaldefiance-i18n-lib/tests/icu/parser-spec-compliance.spec.ts
 RUNS  packages/digitaldefiance-i18n-lib/tests/icu/multilingual-edge-cases.spec.ts

Test Suites: 23 passed, 23 of 96 total
Tests:       867 passed, 867 total
Snapshots:   0 total
Time:        17 s, estimated 24 s
 PASS  packages/digitaldefiance-i18n-lib/tests/icu/parser-spec-compliance.spec.ts████��████████

 RUNS  packages/digitaldefiance-i18n-lib/tests/circular-dependencies.spec.ts
 RUNS  packages/digitaldefiance-i18n-lib/tests/errors/plural-errors.spec.ts
 RUNS  packages/digitaldefiance-i18n-lib/tests/timezone.spec.ts
 RUNS  packages/digitaldefiance-i18n-lib/tests/icu/runtime-security.spec.ts
 RUNS  packages/digitaldefiance-i18n-lib/tests/utils/validation.spec.ts
 RUNS  packages/digitaldefiance-i18n-lib/tests/i18n-builder.spec.ts
 RUNS  packages/digitaldefiance-i18n-lib/tests/create-translation-adapter.spec.ts
 RUNS  packages/digitaldefiance-i18n-lib/tests/i18n-engine.registerIfNotExists.spec.ts
 RUNS  packages/digitaldefiance-i18n-lib/tests/typed-handleable.spec.ts
 RUNS  packages/digitaldefiance-i18n-lib/tests/icu/parser-spec-compliance.spec.ts
 RUNS  packages/digitaldefiance-i18n-lib/tests/icu/multilingual-edge-cases.spec.ts

Test Suites: 23 passed, 23 of 96 total
Tests:       867 passed, 867 total
Snapshots:   0 total
Time:        17 s, estimated 24 s
 PASS  packages/digitaldefiance-i18n-lib/tests/utils/validation.spec.ts�████████████████

 RUNS  packages/digitaldefiance-i18n-lib/tests/circular-dependencies.spec.ts
 RUNS  packages/digitaldefiance-i18n-lib/tests/errors/plural-errors.spec.ts
 RUNS  packages/digitaldefiance-i18n-lib/tests/timezone.spec.ts
 RUNS  packages/digitaldefiance-i18n-lib/tests/icu/runtime-security.spec.ts
 RUNS  packages/digitaldefiance-i18n-lib/tests/utils/validation.spec.ts
 RUNS  packages/digitaldefiance-i18n-lib/tests/i18n-builder.spec.ts
 RUNS  packages/digitaldefiance-i18n-lib/tests/create-translation-adapter.spec.ts
 RUNS  packages/digitaldefiance-i18n-lib/tests/i18n-engine.registerIfNotExists.spec.ts
 RUNS  packages/digitaldefiance-i18n-lib/tests/typed-handleable.spec.ts
 RUNS  packages/digitaldefiance-i18n-lib/tests/icu/parser-spec-compliance.spec.ts
 RUNS  packages/digitaldefiance-i18n-lib/tests/icu/multilingual-edge-cases.spec.ts

Test Suites: 23 passed, 23 of 96 total
Tests:       867 passed, 867 total
Snapshots:   0 total
Time:        17 s, estimated 24 s
████████████████████████████████████████
 RUNS  packages/digitaldefiance-i18n-lib/tests/circular-dependencies.spec.ts
 RUNS  packages/digitaldefiance-i18n-lib/tests/utils/string-utils-security.spec.ts
 RUNS  packages/digitaldefiance-i18n-lib/tests/timezone.spec.ts
 RUNS  packages/digitaldefiance-i18n-lib/tests/icu/runtime-security.spec.ts
 RUNS  packages/digitaldefiance-i18n-lib/tests/i18n-builder.spec.ts
 RUNS  packages/digitaldefiance-i18n-lib/tests/create-translation-adapter.spec.ts
 RUNS  packages/digitaldefiance-i18n-lib/tests/icu/integration.spec.ts
 RUNS  packages/digitaldefiance-i18n-lib/tests/i18n-engine.registerIfNotExists.spec.ts
 RUNS  packages/digitaldefiance-i18n-lib/tests/typed-handleable.spec.ts
 RUNS  packages/digitaldefiance-i18n-lib/tests/security/cache-security.spec.ts
 RUNS  packages/digitaldefiance-i18n-lib/tests/icu/multilingual-edge-cases.spec.ts

Test Suites: 26 passed, 26 of 96 total
Tests:       897 passed, 897 total
Snapshots:   0 total
Time:        17 s, estimated 24 s
 PASS  packages/digitaldefiance-i18n-lib/tests/timezone.spec.ts███████████████████

 RUNS  packages/digitaldefiance-i18n-lib/tests/circular-dependencies.spec.ts
 RUNS  packages/digitaldefiance-i18n-lib/tests/utils/string-utils-security.spec.ts
 RUNS  packages/digitaldefiance-i18n-lib/tests/timezone.spec.ts
 RUNS  packages/digitaldefiance-i18n-lib/tests/icu/runtime-security.spec.ts
 RUNS  packages/digitaldefiance-i18n-lib/tests/i18n-builder.spec.ts
 RUNS  packages/digitaldefiance-i18n-lib/tests/create-translation-adapter.spec.ts
 RUNS  packages/digitaldefiance-i18n-lib/tests/icu/integration.spec.ts
 RUNS  packages/digitaldefiance-i18n-lib/tests/i18n-engine.registerIfNotExists.spec.ts
 RUNS  packages/digitaldefiance-i18n-lib/tests/typed-handleable.spec.ts
 RUNS  packages/digitaldefiance-i18n-lib/tests/security/cache-security.spec.ts
 RUNS  packages/digitaldefiance-i18n-lib/tests/icu/multilingual-edge-cases.spec.ts

Test Suites: 26 passed, 26 of 96 total
Tests:       897 passed, 897 total
Snapshots:   0 total
Time:        17 s, estimated 24 s
████████████████████████████████████████
 RUNS  packages/digitaldefiance-i18n-lib/tests/circular-dependencies.spec.ts
 RUNS  packages/digitaldefiance-i18n-lib/tests/utils/string-utils-security.spec.ts
 RUNS  packages/digitaldefiance-i18n-lib/tests/icu/runtime-security.spec.ts
 RUNS  packages/digitaldefiance-i18n-lib/tests/validation/plural-validation.spec.ts
 RUNS  packages/digitaldefiance-i18n-lib/tests/i18n-builder.spec.ts
 RUNS  packages/digitaldefiance-i18n-lib/tests/create-translation-adapter.spec.ts
 RUNS  packages/digitaldefiance-i18n-lib/tests/icu/integration.spec.ts
 RUNS  packages/digitaldefiance-i18n-lib/tests/i18n-engine.registerIfNotExists.spec.ts
 RUNS  packages/digitaldefiance-i18n-lib/tests/typed-handleable.spec.ts
 RUNS  packages/digitaldefiance-i18n-lib/tests/security/cache-security.spec.ts
 RUNS  packages/digitaldefiance-i18n-lib/tests/icu/multilingual-edge-cases.spec.ts

Test Suites: 27 passed, 27 of 96 total
Tests:       916 passed, 916 total
Snapshots:   0 total
Time:        17 s, estimated 24 s
 PASS  packages/digitaldefiance-i18n-lib/tests/create-translation-adapter.spec.ts█████████████

 RUNS  packages/digitaldefiance-i18n-lib/tests/circular-dependencies.spec.ts
 RUNS  packages/digitaldefiance-i18n-lib/tests/utils/string-utils-security.spec.ts
 RUNS  packages/digitaldefiance-i18n-lib/tests/icu/runtime-security.spec.ts
 RUNS  packages/digitaldefiance-i18n-lib/tests/validation/plural-validation.spec.ts
 RUNS  packages/digitaldefiance-i18n-lib/tests/i18n-builder.spec.ts
 RUNS  packages/digitaldefiance-i18n-lib/tests/create-translation-adapter.spec.ts
 RUNS  packages/digitaldefiance-i18n-lib/tests/icu/integration.spec.ts
 RUNS  packages/digitaldefiance-i18n-lib/tests/i18n-engine.registerIfNotExists.spec.ts
 RUNS  packages/digitaldefiance-i18n-lib/tests/typed-handleable.spec.ts
 RUNS  packages/digitaldefiance-i18n-lib/tests/security/cache-security.spec.ts
 RUNS  packages/digitaldefiance-i18n-lib/tests/icu/multilingual-edge-cases.spec.ts

Test Suites: 27 passed, 27 of 96 total
Tests:       916 passed, 916 total
Snapshots:   0 total
Time:        17 s, estimated 24 s
 PASS  packages/digitaldefiance-i18n-lib/tests/typed-handleable.spec.ts�████████████████

 RUNS  packages/digitaldefiance-i18n-lib/tests/circular-dependencies.spec.ts
 RUNS  packages/digitaldefiance-i18n-lib/tests/utils/string-utils-security.spec.ts
 RUNS  packages/digitaldefiance-i18n-lib/tests/icu/runtime-security.spec.ts
 RUNS  packages/digitaldefiance-i18n-lib/tests/validation/plural-validation.spec.ts
 RUNS  packages/digitaldefiance-i18n-lib/tests/i18n-builder.spec.ts
 RUNS  packages/digitaldefiance-i18n-lib/tests/create-translation-adapter.spec.ts
 RUNS  packages/digitaldefiance-i18n-lib/tests/icu/integration.spec.ts
 RUNS  packages/digitaldefiance-i18n-lib/tests/i18n-engine.registerIfNotExists.spec.ts
 RUNS  packages/digitaldefiance-i18n-lib/tests/typed-handleable.spec.ts
 RUNS  packages/digitaldefiance-i18n-lib/tests/security/cache-security.spec.ts
 RUNS  packages/digitaldefiance-i18n-lib/tests/icu/multilingual-edge-cases.spec.ts

Test Suites: 27 passed, 27 of 96 total
Tests:       916 passed, 916 total
Snapshots:   0 total
Time:        17 s, estimated 24 s
████████████████████████████████████████
 RUNS  packages/digitaldefiance-i18n-lib/tests/circular-dependencies.spec.ts
 RUNS  packages/digitaldefiance-i18n-lib/tests/utils/string-utils-security.spec.ts
 RUNS  packages/digitaldefiance-i18n-lib/tests/string-utils.spec.ts
 RUNS  packages/digitaldefiance-i18n-lib/tests/icu/runtime-security.spec.ts
 RUNS  packages/digitaldefiance-i18n-lib/tests/validation/plural-validation.spec.ts
 RUNS  packages/digitaldefiance-i18n-lib/tests/i18n-builder.spec.ts
 RUNS  packages/digitaldefiance-i18n-lib/tests/component-store-coverage.spec.ts
 RUNS  packages/digitaldefiance-i18n-lib/tests/icu/integration.spec.ts
 RUNS  packages/digitaldefiance-i18n-lib/tests/i18n-engine.registerIfNotExists.spec.ts
 RUNS  packages/digitaldefiance-i18n-lib/tests/security/cache-security.spec.ts
 RUNS  packages/digitaldefiance-i18n-lib/tests/icu/multilingual-edge-cases.spec.ts

Test Suites: 29 passed, 29 of 96 total
Tests:       946 passed, 946 total
Snapshots:   0 total
Time:        17 s, estimated 24 s
 PASS  packages/digitaldefiance-i18n-lib/tests/i18n-builder.spec.ts��█████████████████

 RUNS  packages/digitaldefiance-i18n-lib/tests/circular-dependencies.spec.ts
 RUNS  packages/digitaldefiance-i18n-lib/tests/utils/string-utils-security.spec.ts
 RUNS  packages/digitaldefiance-i18n-lib/tests/string-utils.spec.ts
 RUNS  packages/digitaldefiance-i18n-lib/tests/icu/runtime-security.spec.ts
 RUNS  packages/digitaldefiance-i18n-lib/tests/validation/plural-validation.spec.ts
 RUNS  packages/digitaldefiance-i18n-lib/tests/i18n-builder.spec.ts
 RUNS  packages/digitaldefiance-i18n-lib/tests/component-store-coverage.spec.ts
 RUNS  packages/digitaldefiance-i18n-lib/tests/icu/integration.spec.ts
 RUNS  packages/digitaldefiance-i18n-lib/tests/i18n-engine.registerIfNotExists.spec.ts
 RUNS  packages/digitaldefiance-i18n-lib/tests/security/cache-security.spec.ts
 RUNS  packages/digitaldefiance-i18n-lib/tests/icu/multilingual-edge-cases.spec.ts

Test Suites: 29 passed, 29 of 96 total
Tests:       946 passed, 946 total
Snapshots:   0 total
Time:        17 s, estimated 24 s
 PASS  packages/digitaldefiance-i18n-lib/tests/icu/runtime-security.spec.ts███████████████

 RUNS  packages/digitaldefiance-i18n-lib/tests/circular-dependencies.spec.ts
 RUNS  packages/digitaldefiance-i18n-lib/tests/utils/string-utils-security.spec.ts
 RUNS  packages/digitaldefiance-i18n-lib/tests/string-utils.spec.ts
 RUNS  packages/digitaldefiance-i18n-lib/tests/icu/runtime-security.spec.ts
 RUNS  packages/digitaldefiance-i18n-lib/tests/validation/plural-validation.spec.ts
 RUNS  packages/digitaldefiance-i18n-lib/tests/i18n-builder.spec.ts
 RUNS  packages/digitaldefiance-i18n-lib/tests/component-store-coverage.spec.ts
 RUNS  packages/digitaldefiance-i18n-lib/tests/icu/integration.spec.ts
 RUNS  packages/digitaldefiance-i18n-lib/tests/i18n-engine.registerIfNotExists.spec.ts
 RUNS  packages/digitaldefiance-i18n-lib/tests/security/cache-security.spec.ts
 RUNS  packages/digitaldefiance-i18n-lib/tests/icu/multilingual-edge-cases.spec.ts

Test Suites: 29 passed, 29 of 96 total
Tests:       946 passed, 946 total
Snapshots:   0 total
Time:        17 s, estimated 24 s
████████████████████████████████████████
 RUNS  packages/digitaldefiance-i18n-lib/tests/circular-dependencies.spec.ts
 RUNS  packages/digitaldefiance-i18n-lib/tests/utils/string-utils-security.spec.ts
 RUNS  packages/digitaldefiance-i18n-lib/tests/string-utils.spec.ts
 RUNS  packages/digitaldefiance-i18n-lib/tests/validation/plural-validation.spec.ts
 RUNS  packages/digitaldefiance-i18n-lib/tests/handleable.spec.ts
 RUNS  packages/digitaldefiance-i18n-lib/tests/component-store-coverage.spec.ts
 RUNS  packages/digitaldefiance-i18n-lib/tests/icu/integration.spec.ts
 RUNS  packages/digitaldefiance-i18n-lib/tests/i18n-engine.registerIfNotExists.spec.ts
 RUNS  packages/digitaldefiance-i18n-lib/tests/translatable.spec.ts
 RUNS  packages/digitaldefiance-i18n-lib/tests/security/cache-security.spec.ts
 RUNS  packages/digitaldefiance-i18n-lib/tests/icu/multilingual-edge-cases.spec.ts

Test Suites: 31 passed, 31 of 96 total
Tests:       947 passed, 947 total
Snapshots:   0 total
Time:        17 s, estimated 24 s
████████████████████████████████████████
 RUNS  packages/digitaldefiance-i18n-lib/tests/circular-dependencies.spec.ts
 RUNS  packages/digitaldefiance-i18n-lib/tests/utils/string-utils-security.spec.ts
 RUNS  packages/digitaldefiance-i18n-lib/tests/string-utils.spec.ts
 RUNS  packages/digitaldefiance-i18n-lib/tests/validation/plural-validation.spec.ts
 RUNS  packages/digitaldefiance-i18n-lib/tests/handleable.spec.ts
 RUNS  packages/digitaldefiance-i18n-lib/tests/component-store-coverage.spec.ts
 RUNS  packages/digitaldefiance-i18n-lib/tests/icu/integration.spec.ts
 RUNS  packages/digitaldefiance-i18n-lib/tests/i18n-engine.registerIfNotExists.spec.ts
 RUNS  packages/digitaldefiance-i18n-lib/tests/translatable.spec.ts
 RUNS  packages/digitaldefiance-i18n-lib/tests/security/cache-security.spec.ts
 RUNS  packages/digitaldefiance-i18n-lib/tests/icu/multilingual-edge-cases.spec.ts

Test Suites: 31 passed, 31 of 96 total
Tests:       954 passed, 954 total
Snapshots:   0 total
Time:        18 s, estimated 24 s
 PASS  packages/digitaldefiance-i18n-lib/tests/icu/integration.spec.ts��████████████████

 RUNS  packages/digitaldefiance-i18n-lib/tests/circular-dependencies.spec.ts
 RUNS  packages/digitaldefiance-i18n-lib/tests/utils/string-utils-security.spec.ts
 RUNS  packages/digitaldefiance-i18n-lib/tests/string-utils.spec.ts
 RUNS  packages/digitaldefiance-i18n-lib/tests/validation/plural-validation.spec.ts
 RUNS  packages/digitaldefiance-i18n-lib/tests/handleable.spec.ts
 RUNS  packages/digitaldefiance-i18n-lib/tests/component-store-coverage.spec.ts
 RUNS  packages/digitaldefiance-i18n-lib/tests/icu/integration.spec.ts
 RUNS  packages/digitaldefiance-i18n-lib/tests/i18n-engine.registerIfNotExists.spec.ts
 RUNS  packages/digitaldefiance-i18n-lib/tests/translatable.spec.ts
 RUNS  packages/digitaldefiance-i18n-lib/tests/security/cache-security.spec.ts
 RUNS  packages/digitaldefiance-i18n-lib/tests/icu/multilingual-edge-cases.spec.ts

Test Suites: 31 passed, 31 of 96 total
Tests:       954 passed, 954 total
Snapshots:   0 total
Time:        18 s, estimated 24 s
████████████████████████████████████████
 RUNS  packages/digitaldefiance-i18n-lib/tests/circular-dependencies.spec.ts
 RUNS  packages/digitaldefiance-i18n-lib/tests/utils/string-utils-security.spec.ts
 RUNS  packages/digitaldefiance-i18n-lib/tests/string-utils.spec.ts
 RUNS  packages/digitaldefiance-i18n-lib/tests/utils/html-escape.spec.ts
 RUNS  packages/digitaldefiance-i18n-lib/tests/validation/plural-validation.spec.ts
 RUNS  packages/digitaldefiance-i18n-lib/tests/handleable.spec.ts
 RUNS  packages/digitaldefiance-i18n-lib/tests/component-store-coverage.spec.ts
 RUNS  packages/digitaldefiance-i18n-lib/tests/i18n-engine.registerIfNotExists.spec.ts
 RUNS  packages/digitaldefiance-i18n-lib/tests/translatable.spec.ts
 RUNS  packages/digitaldefiance-i18n-lib/tests/security/cache-security.spec.ts
 RUNS  packages/digitaldefiance-i18n-lib/tests/icu/multilingual-edge-cases.spec.ts

Test Suites: 32 passed, 32 of 96 total
Tests:       968 passed, 968 total
Snapshots:   0 total
Time:        18 s, estimated 24 s
 PASS  packages/digitaldefiance-i18n-lib/tests/component-store-coverage.spec.ts��█████████████

 RUNS  packages/digitaldefiance-i18n-lib/tests/circular-dependencies.spec.ts
 RUNS  packages/digitaldefiance-i18n-lib/tests/utils/string-utils-security.spec.ts
 RUNS  packages/digitaldefiance-i18n-lib/tests/string-utils.spec.ts
 RUNS  packages/digitaldefiance-i18n-lib/tests/utils/html-escape.spec.ts
 RUNS  packages/digitaldefiance-i18n-lib/tests/validation/plural-validation.spec.ts
 RUNS  packages/digitaldefiance-i18n-lib/tests/handleable.spec.ts
 RUNS  packages/digitaldefiance-i18n-lib/tests/component-store-coverage.spec.ts
 RUNS  packages/digitaldefiance-i18n-lib/tests/i18n-engine.registerIfNotExists.spec.ts
 RUNS  packages/digitaldefiance-i18n-lib/tests/translatable.spec.ts
 RUNS  packages/digitaldefiance-i18n-lib/tests/security/cache-security.spec.ts
 RUNS  packages/digitaldefiance-i18n-lib/tests/icu/multilingual-edge-cases.spec.ts

Test Suites: 32 passed, 32 of 96 total
Tests:       968 passed, 968 total
Snapshots:   0 total
Time:        18 s, estimated 24 s
████████████████████████████████████████
 RUNS  packages/digitaldefiance-i18n-lib/tests/circular-dependencies.spec.ts
 RUNS  packages/digitaldefiance-i18n-lib/tests/utils/string-utils-security.spec.ts
 RUNS  packages/digitaldefiance-i18n-lib/tests/string-utils.spec.ts
 RUNS  packages/digitaldefiance-i18n-lib/tests/utils/html-escape.spec.ts
 RUNS  packages/digitaldefiance-i18n-lib/tests/validation/plural-validation.spec.ts
 RUNS  packages/digitaldefiance-i18n-lib/tests/handleable.spec.ts
 RUNS  packages/digitaldefiance-i18n-lib/tests/module-imports.spec.ts
 RUNS  packages/digitaldefiance-i18n-lib/tests/i18n-engine.registerIfNotExists.spec.ts
 RUNS  packages/digitaldefiance-i18n-lib/tests/translatable.spec.ts
 RUNS  packages/digitaldefiance-i18n-lib/tests/security/cache-security.spec.ts
 RUNS  packages/digitaldefiance-i18n-lib/tests/icu/multilingual-edge-cases.spec.ts

Test Suites: 33 passed, 33 of 96 total
Tests:       1004 passed, 1004 total
Snapshots:   0 total
Time:        18 s, estimated 24 s
 PASS  packages/digitaldefiance-i18n-lib/tests/security/cache-security.spec.ts██████████████

 RUNS  packages/digitaldefiance-i18n-lib/tests/circular-dependencies.spec.ts
 RUNS  packages/digitaldefiance-i18n-lib/tests/utils/string-utils-security.spec.ts
 RUNS  packages/digitaldefiance-i18n-lib/tests/string-utils.spec.ts
 RUNS  packages/digitaldefiance-i18n-lib/tests/utils/html-escape.spec.ts
 RUNS  packages/digitaldefiance-i18n-lib/tests/validation/plural-validation.spec.ts
 RUNS  packages/digitaldefiance-i18n-lib/tests/handleable.spec.ts
 RUNS  packages/digitaldefiance-i18n-lib/tests/module-imports.spec.ts
 RUNS  packages/digitaldefiance-i18n-lib/tests/i18n-engine.registerIfNotExists.spec.ts
 RUNS  packages/digitaldefiance-i18n-lib/tests/translatable.spec.ts
 RUNS  packages/digitaldefiance-i18n-lib/tests/security/cache-security.spec.ts
 RUNS  packages/digitaldefiance-i18n-lib/tests/icu/multilingual-edge-cases.spec.ts

Test Suites: 33 passed, 33 of 96 total
Tests:       1004 passed, 1004 total
Snapshots:   0 total
Time:        18 s, estimated 24 s
 PASS  packages/digitaldefiance-i18n-lib/tests/string-utils.spec.ts��█████████████████

 RUNS  packages/digitaldefiance-i18n-lib/tests/circular-dependencies.spec.ts
 RUNS  packages/digitaldefiance-i18n-lib/tests/utils/string-utils-security.spec.ts
 RUNS  packages/digitaldefiance-i18n-lib/tests/string-utils.spec.ts
 RUNS  packages/digitaldefiance-i18n-lib/tests/utils/html-escape.spec.ts
 RUNS  packages/digitaldefiance-i18n-lib/tests/validation/plural-validation.spec.ts
 RUNS  packages/digitaldefiance-i18n-lib/tests/handleable.spec.ts
 RUNS  packages/digitaldefiance-i18n-lib/tests/module-imports.spec.ts
 RUNS  packages/digitaldefiance-i18n-lib/tests/i18n-engine.registerIfNotExists.spec.ts
 RUNS  packages/digitaldefiance-i18n-lib/tests/translatable.spec.ts
 RUNS  packages/digitaldefiance-i18n-lib/tests/security/cache-security.spec.ts
 RUNS  packages/digitaldefiance-i18n-lib/tests/icu/multilingual-edge-cases.spec.ts

Test Suites: 33 passed, 33 of 96 total
Tests:       1004 passed, 1004 total
Snapshots:   0 total
Time:        18 s, estimated 24 s
████████████████████████████████████████
 RUNS  packages/digitaldefiance-i18n-lib/tests/circular-dependencies.spec.ts
 RUNS  packages/digitaldefiance-i18n-lib/tests/utils/string-utils-security.spec.ts
 RUNS  packages/digitaldefiance-i18n-lib/tests/utils/html-escape.spec.ts
 RUNS  packages/digitaldefiance-i18n-lib/tests/validation/plural-validation.spec.ts
 RUNS  packages/digitaldefiance-i18n-lib/tests/handleable.spec.ts
 RUNS  packages/digitaldefiance-i18n-lib/tests/i18n-builder-coverage.spec.ts
 RUNS  packages/digitaldefiance-i18n-lib/tests/module-imports.spec.ts
 RUNS  packages/digitaldefiance-i18n-lib/tests/i18n-engine.registerIfNotExists.spec.ts
 RUNS  packages/digitaldefiance-i18n-lib/tests/translatable.spec.ts
 RUNS  packages/digitaldefiance-i18n-lib/tests/component-registry.spec.ts
 RUNS  packages/digitaldefiance-i18n-lib/tests/icu/multilingual-edge-cases.spec.ts

Test Suites: 35 passed, 35 of 96 total
Tests:       1037 passed, 1037 total
Snapshots:   0 total
Time:        18 s, estimated 24 s
 PASS  packages/digitaldefiance-i18n-lib/tests/i18n-engine.registerIfNotExists.spec.ts�███████████

 RUNS  packages/digitaldefiance-i18n-lib/tests/circular-dependencies.spec.ts
 RUNS  packages/digitaldefiance-i18n-lib/tests/utils/string-utils-security.spec.ts
 RUNS  packages/digitaldefiance-i18n-lib/tests/utils/html-escape.spec.ts
 RUNS  packages/digitaldefiance-i18n-lib/tests/validation/plural-validation.spec.ts
 RUNS  packages/digitaldefiance-i18n-lib/tests/handleable.spec.ts
 RUNS  packages/digitaldefiance-i18n-lib/tests/i18n-builder-coverage.spec.ts
 RUNS  packages/digitaldefiance-i18n-lib/tests/module-imports.spec.ts
 RUNS  packages/digitaldefiance-i18n-lib/tests/i18n-engine.registerIfNotExists.spec.ts
 RUNS  packages/digitaldefiance-i18n-lib/tests/translatable.spec.ts
 RUNS  packages/digitaldefiance-i18n-lib/tests/component-registry.spec.ts
 RUNS  packages/digitaldefiance-i18n-lib/tests/icu/multilingual-edge-cases.spec.ts

Test Suites: 35 passed, 35 of 96 total
Tests:       1037 passed, 1037 total
Snapshots:   0 total
Time:        18 s, estimated 24 s
 PASS  packages/digitaldefiance-i18n-lib/tests/validation/plural-validation.spec.ts�████████████

 RUNS  packages/digitaldefiance-i18n-lib/tests/circular-dependencies.spec.ts
 RUNS  packages/digitaldefiance-i18n-lib/tests/utils/string-utils-security.spec.ts
 RUNS  packages/digitaldefiance-i18n-lib/tests/utils/html-escape.spec.ts
 RUNS  packages/digitaldefiance-i18n-lib/tests/validation/plural-validation.spec.ts
 RUNS  packages/digitaldefiance-i18n-lib/tests/handleable.spec.ts
 RUNS  packages/digitaldefiance-i18n-lib/tests/i18n-builder-coverage.spec.ts
 RUNS  packages/digitaldefiance-i18n-lib/tests/module-imports.spec.ts
 RUNS  packages/digitaldefiance-i18n-lib/tests/i18n-engine.registerIfNotExists.spec.ts
 RUNS  packages/digitaldefiance-i18n-lib/tests/translatable.spec.ts
 RUNS  packages/digitaldefiance-i18n-lib/tests/component-registry.spec.ts
 RUNS  packages/digitaldefiance-i18n-lib/tests/icu/multilingual-edge-cases.spec.ts

Test Suites: 35 passed, 35 of 96 total
Tests:       1037 passed, 1037 total
Snapshots:   0 total
Time:        18 s, estimated 24 s
 PASS  packages/digitaldefiance-i18n-lib/tests/utils/string-utils-security.spec.ts��████████████

 RUNS  packages/digitaldefiance-i18n-lib/tests/circular-dependencies.spec.ts
 RUNS  packages/digitaldefiance-i18n-lib/tests/utils/string-utils-security.spec.ts
 RUNS  packages/digitaldefiance-i18n-lib/tests/utils/html-escape.spec.ts
 RUNS  packages/digitaldefiance-i18n-lib/tests/validation/plural-validation.spec.ts
 RUNS  packages/digitaldefiance-i18n-lib/tests/handleable.spec.ts
 RUNS  packages/digitaldefiance-i18n-lib/tests/i18n-builder-coverage.spec.ts
 RUNS  packages/digitaldefiance-i18n-lib/tests/module-imports.spec.ts
 RUNS  packages/digitaldefiance-i18n-lib/tests/i18n-engine.registerIfNotExists.spec.ts
 RUNS  packages/digitaldefiance-i18n-lib/tests/translatable.spec.ts
 RUNS  packages/digitaldefiance-i18n-lib/tests/component-registry.spec.ts
 RUNS  packages/digitaldefiance-i18n-lib/tests/icu/multilingual-edge-cases.spec.ts

Test Suites: 35 passed, 35 of 96 total
Tests:       1037 passed, 1037 total
Snapshots:   0 total
Time:        18 s, estimated 24 s
 PASS  packages/digitaldefiance-i18n-lib/tests/translatable.spec.ts��█████████████████

 RUNS  packages/digitaldefiance-i18n-lib/tests/circular-dependencies.spec.ts
 RUNS  packages/digitaldefiance-i18n-lib/tests/utils/string-utils-security.spec.ts
 RUNS  packages/digitaldefiance-i18n-lib/tests/utils/html-escape.spec.ts
 RUNS  packages/digitaldefiance-i18n-lib/tests/validation/plural-validation.spec.ts
 RUNS  packages/digitaldefiance-i18n-lib/tests/handleable.spec.ts
 RUNS  packages/digitaldefiance-i18n-lib/tests/i18n-builder-coverage.spec.ts
 RUNS  packages/digitaldefiance-i18n-lib/tests/module-imports.spec.ts
 RUNS  packages/digitaldefiance-i18n-lib/tests/i18n-engine.registerIfNotExists.spec.ts
 RUNS  packages/digitaldefiance-i18n-lib/tests/translatable.spec.ts
 RUNS  packages/digitaldefiance-i18n-lib/tests/component-registry.spec.ts
 RUNS  packages/digitaldefiance-i18n-lib/tests/icu/multilingual-edge-cases.spec.ts

Test Suites: 35 passed, 35 of 96 total
Tests:       1037 passed, 1037 total
Snapshots:   0 total
Time:        18 s, estimated 24 s
 PASS  packages/digitaldefiance-i18n-lib/tests/handleable.spec.ts�██████████████████

 RUNS  packages/digitaldefiance-i18n-lib/tests/circular-dependencies.spec.ts
 RUNS  packages/digitaldefiance-i18n-lib/tests/utils/string-utils-security.spec.ts
 RUNS  packages/digitaldefiance-i18n-lib/tests/utils/html-escape.spec.ts
 RUNS  packages/digitaldefiance-i18n-lib/tests/validation/plural-validation.spec.ts
 RUNS  packages/digitaldefiance-i18n-lib/tests/handleable.spec.ts
 RUNS  packages/digitaldefiance-i18n-lib/tests/i18n-builder-coverage.spec.ts
 RUNS  packages/digitaldefiance-i18n-lib/tests/module-imports.spec.ts
 RUNS  packages/digitaldefiance-i18n-lib/tests/i18n-engine.registerIfNotExists.spec.ts
 RUNS  packages/digitaldefiance-i18n-lib/tests/translatable.spec.ts
 RUNS  packages/digitaldefiance-i18n-lib/tests/component-registry.spec.ts
 RUNS  packages/digitaldefiance-i18n-lib/tests/icu/multilingual-edge-cases.spec.ts

Test Suites: 35 passed, 35 of 96 total
Tests:       1037 passed, 1037 total
Snapshots:   0 total
Time:        18 s, estimated 24 s
████████████████████████████████████████
 RUNS  packages/digitaldefiance-i18n-lib/tests/circular-dependencies.spec.ts
 RUNS  packages/digitaldefiance-i18n-lib/tests/typed-coverage.spec.ts
 RUNS  packages/digitaldefiance-i18n-lib/tests/security/input-validation.spec.ts
 RUNS  packages/digitaldefiance-i18n-lib/tests/utils/html-escape.spec.ts
 RUNS  packages/digitaldefiance-i18n-lib/tests/icu/formatters/time-formatter.spec.ts
 RUNS  packages/digitaldefiance-i18n-lib/tests/i18n-builder-coverage.spec.ts
 RUNS  packages/digitaldefiance-i18n-lib/tests/module-imports.spec.ts
 RUNS  packages/digitaldefiance-i18n-lib/tests/utils/safe-object.spec.ts
 RUNS  packages/digitaldefiance-i18n-lib/tests/integration/plural-gender.spec.ts
 RUNS  packages/digitaldefiance-i18n-lib/tests/component-registry.spec.ts
 RUNS  packages/digitaldefiance-i18n-lib/tests/icu/multilingual-edge-cases.spec.ts

Test Suites: 40 passed, 40 of 96 total
Tests:       1068 passed, 1068 total
Snapshots:   0 total
Time:        18 s, estimated 24 s
 PASS  packages/digitaldefiance-i18n-lib/tests/utils/html-escape.spec.ts████████████████

 RUNS  packages/digitaldefiance-i18n-lib/tests/circular-dependencies.spec.ts
 RUNS  packages/digitaldefiance-i18n-lib/tests/typed-coverage.spec.ts
 RUNS  packages/digitaldefiance-i18n-lib/tests/security/input-validation.spec.ts
 RUNS  packages/digitaldefiance-i18n-lib/tests/utils/html-escape.spec.ts
 RUNS  packages/digitaldefiance-i18n-lib/tests/icu/formatters/time-formatter.spec.ts
 RUNS  packages/digitaldefiance-i18n-lib/tests/i18n-builder-coverage.spec.ts
 RUNS  packages/digitaldefiance-i18n-lib/tests/module-imports.spec.ts
 RUNS  packages/digitaldefiance-i18n-lib/tests/utils/safe-object.spec.ts
 RUNS  packages/digitaldefiance-i18n-lib/tests/integration/plural-gender.spec.ts
 RUNS  packages/digitaldefiance-i18n-lib/tests/component-registry.spec.ts
 RUNS  packages/digitaldefiance-i18n-lib/tests/icu/multilingual-edge-cases.spec.ts

Test Suites: 40 passed, 40 of 96 total
Tests:       1068 passed, 1068 total
Snapshots:   0 total
Time:        18 s, estimated 24 s
████████████████████████████████████████
 RUNS  packages/digitaldefiance-i18n-lib/tests/circular-dependencies.spec.ts
 RUNS  packages/digitaldefiance-i18n-lib/tests/typed-coverage.spec.ts
 RUNS  packages/digitaldefiance-i18n-lib/tests/security/input-validation.spec.ts
 RUNS  packages/digitaldefiance-i18n-lib/tests/icu/formatters/time-formatter.spec.ts
 RUNS  packages/digitaldefiance-i18n-lib/tests/enum-registry.spec.ts
 RUNS  packages/digitaldefiance-i18n-lib/tests/i18n-builder-coverage.spec.ts
 RUNS  packages/digitaldefiance-i18n-lib/tests/module-imports.spec.ts
 RUNS  packages/digitaldefiance-i18n-lib/tests/utils/safe-object.spec.ts
 RUNS  packages/digitaldefiance-i18n-lib/tests/integration/plural-gender.spec.ts
 RUNS  packages/digitaldefiance-i18n-lib/tests/component-registry.spec.ts
 RUNS  packages/digitaldefiance-i18n-lib/tests/icu/multilingual-edge-cases.spec.ts

Test Suites: 41 passed, 41 of 96 total
Tests:       1089 passed, 1089 total
Snapshots:   0 total
Time:        18 s, estimated 24 s
 PASS  packages/digitaldefiance-i18n-lib/tests/icu/multilingual-edge-cases.spec.ts��████████████

 RUNS  packages/digitaldefiance-i18n-lib/tests/circular-dependencies.spec.ts
 RUNS  packages/digitaldefiance-i18n-lib/tests/typed-coverage.spec.ts
 RUNS  packages/digitaldefiance-i18n-lib/tests/security/input-validation.spec.ts
 RUNS  packages/digitaldefiance-i18n-lib/tests/icu/formatters/time-formatter.spec.ts
 RUNS  packages/digitaldefiance-i18n-lib/tests/enum-registry.spec.ts
 RUNS  packages/digitaldefiance-i18n-lib/tests/i18n-builder-coverage.spec.ts
 RUNS  packages/digitaldefiance-i18n-lib/tests/module-imports.spec.ts
 RUNS  packages/digitaldefiance-i18n-lib/tests/utils/safe-object.spec.ts
 RUNS  packages/digitaldefiance-i18n-lib/tests/integration/plural-gender.spec.ts
 RUNS  packages/digitaldefiance-i18n-lib/tests/component-registry.spec.ts
 RUNS  packages/digitaldefiance-i18n-lib/tests/icu/multilingual-edge-cases.spec.ts

Test Suites: 41 passed, 41 of 96 total
Tests:       1089 passed, 1089 total
Snapshots:   0 total
Time:        18 s, estimated 24 s
████████████████████████████████████████
 RUNS  packages/digitaldefiance-i18n-lib/tests/circular-dependencies.spec.ts
 RUNS  packages/digitaldefiance-i18n-lib/tests/typed-coverage.spec.ts
 RUNS  packages/digitaldefiance-i18n-lib/tests/security/input-validation.spec.ts
 RUNS  packages/digitaldefiance-i18n-lib/tests/timezone-coverage.spec.ts
 RUNS  packages/digitaldefiance-i18n-lib/tests/icu/formatters/time-formatter.spec.ts
 RUNS  packages/digitaldefiance-i18n-lib/tests/enum-registry.spec.ts
 RUNS  packages/digitaldefiance-i18n-lib/tests/i18n-builder-coverage.spec.ts
 RUNS  packages/digitaldefiance-i18n-lib/tests/module-imports.spec.ts
 RUNS  packages/digitaldefiance-i18n-lib/tests/utils/safe-object.spec.ts
 RUNS  packages/digitaldefiance-i18n-lib/tests/integration/plural-gender.spec.ts
 RUNS  packages/digitaldefiance-i18n-lib/tests/component-registry.spec.ts

Test Suites: 42 passed, 42 of 96 total
Tests:       1096 passed, 1096 total
Snapshots:   0 total
Time:        18 s, estimated 24 s
 PASS  packages/digitaldefiance-i18n-lib/tests/i18n-builder-coverage.spec.ts��██████████████

 RUNS  packages/digitaldefiance-i18n-lib/tests/circular-dependencies.spec.ts
 RUNS  packages/digitaldefiance-i18n-lib/tests/typed-coverage.spec.ts
 RUNS  packages/digitaldefiance-i18n-lib/tests/security/input-validation.spec.ts
 RUNS  packages/digitaldefiance-i18n-lib/tests/timezone-coverage.spec.ts
 RUNS  packages/digitaldefiance-i18n-lib/tests/icu/formatters/time-formatter.spec.ts
 RUNS  packages/digitaldefiance-i18n-lib/tests/enum-registry.spec.ts
 RUNS  packages/digitaldefiance-i18n-lib/tests/i18n-builder-coverage.spec.ts
 RUNS  packages/digitaldefiance-i18n-lib/tests/module-imports.spec.ts
 RUNS  packages/digitaldefiance-i18n-lib/tests/utils/safe-object.spec.ts
 RUNS  packages/digitaldefiance-i18n-lib/tests/integration/plural-gender.spec.ts
 RUNS  packages/digitaldefiance-i18n-lib/tests/component-registry.spec.ts

Test Suites: 42 passed, 42 of 96 total
Tests:       1096 passed, 1096 total
Snapshots:   0 total
Time:        18 s, estimated 24 s
████████████████████████████████████████
 RUNS  packages/digitaldefiance-i18n-lib/tests/circular-dependencies.spec.ts
 RUNS  packages/digitaldefiance-i18n-lib/tests/typed-coverage.spec.ts
 RUNS  packages/digitaldefiance-i18n-lib/tests/security/input-validation.spec.ts
 RUNS  packages/digitaldefiance-i18n-lib/tests/timezone-coverage.spec.ts
 RUNS  packages/digitaldefiance-i18n-lib/tests/icu/formatters/time-formatter.spec.ts
 RUNS  packages/digitaldefiance-i18n-lib/tests/enum-registry.spec.ts
 RUNS  packages/digitaldefiance-i18n-lib/tests/module-imports.spec.ts
 RUNS  packages/digitaldefiance-i18n-lib/tests/utils/safe-object.spec.ts
 RUNS  packages/digitaldefiance-i18n-lib/tests/integration/plural-gender.spec.ts
 RUNS  packages/digitaldefiance-i18n-lib/tests/component-registry.spec.ts
 RUNS  packages/digitaldefiance-i18n-lib/tests/currency-coverage.spec.ts

Test Suites: 43 passed, 43 of 96 total
Tests:       1098 passed, 1098 total
Snapshots:   0 total
Time:        18 s, estimated 24 s
████████████████████████████████████████
 RUNS  packages/digitaldefiance-i18n-lib/tests/circular-dependencies.spec.ts
 RUNS  packages/digitaldefiance-i18n-lib/tests/typed-coverage.spec.ts
 RUNS  packages/digitaldefiance-i18n-lib/tests/security/input-validation.spec.ts
 RUNS  packages/digitaldefiance-i18n-lib/tests/timezone-coverage.spec.ts
 RUNS  packages/digitaldefiance-i18n-lib/tests/icu/formatters/time-formatter.spec.ts
 RUNS  packages/digitaldefiance-i18n-lib/tests/enum-registry.spec.ts
 RUNS  packages/digitaldefiance-i18n-lib/tests/module-imports.spec.ts
 RUNS  packages/digitaldefiance-i18n-lib/tests/utils/safe-object.spec.ts
 RUNS  packages/digitaldefiance-i18n-lib/tests/integration/plural-gender.spec.ts
 RUNS  packages/digitaldefiance-i18n-lib/tests/component-registry.spec.ts
 RUNS  packages/digitaldefiance-i18n-lib/tests/currency-coverage.spec.ts

Test Suites: 43 passed, 43 of 96 total
Tests:       1098 passed, 1098 total
Snapshots:   0 total
Time:        19 s, estimated 24 s
 PASS  packages/digitaldefiance-i18n-lib/tests/module-imports.spec.ts█████████████████

 RUNS  packages/digitaldefiance-i18n-lib/tests/circular-dependencies.spec.ts
 RUNS  packages/digitaldefiance-i18n-lib/tests/typed-coverage.spec.ts
 RUNS  packages/digitaldefiance-i18n-lib/tests/security/input-validation.spec.ts
 RUNS  packages/digitaldefiance-i18n-lib/tests/timezone-coverage.spec.ts
 RUNS  packages/digitaldefiance-i18n-lib/tests/icu/formatters/time-formatter.spec.ts
 RUNS  packages/digitaldefiance-i18n-lib/tests/enum-registry.spec.ts
 RUNS  packages/digitaldefiance-i18n-lib/tests/module-imports.spec.ts
 RUNS  packages/digitaldefiance-i18n-lib/tests/utils/safe-object.spec.ts
 RUNS  packages/digitaldefiance-i18n-lib/tests/integration/plural-gender.spec.ts
 RUNS  packages/digitaldefiance-i18n-lib/tests/component-registry.spec.ts
 RUNS  packages/digitaldefiance-i18n-lib/tests/currency-coverage.spec.ts

Test Suites: 43 passed, 43 of 96 total
Tests:       1098 passed, 1098 total
Snapshots:   0 total
Time:        19 s, estimated 24 s
████████████████████████████████████████
 RUNS  packages/digitaldefiance-i18n-lib/tests/circular-dependencies.spec.ts
 RUNS  packages/digitaldefiance-i18n-lib/tests/typed-coverage.spec.ts
 RUNS  packages/digitaldefiance-i18n-lib/tests/security/input-validation.spec.ts
 RUNS  packages/digitaldefiance-i18n-lib/tests/timezone-coverage.spec.ts
 RUNS  packages/digitaldefiance-i18n-lib/tests/icu/formatters/time-formatter.spec.ts
 RUNS  packages/digitaldefiance-i18n-lib/tests/enum-registry.spec.ts
 RUNS  packages/digitaldefiance-i18n-lib/tests/icu/edge-cases.spec.ts
 RUNS  packages/digitaldefiance-i18n-lib/tests/utils/safe-object.spec.ts
 RUNS  packages/digitaldefiance-i18n-lib/tests/integration/plural-gender.spec.ts
 RUNS  packages/digitaldefiance-i18n-lib/tests/component-registry.spec.ts
 RUNS  packages/digitaldefiance-i18n-lib/tests/currency-coverage.spec.ts

Test Suites: 44 passed, 44 of 96 total
Tests:       1139 passed, 1139 total
Snapshots:   0 total
Time:        19 s, estimated 24 s
 PASS  packages/digitaldefiance-i18n-lib/tests/icu/formatters/time-formatter.spec.ts████████████

 RUNS  packages/digitaldefiance-i18n-lib/tests/circular-dependencies.spec.ts
 RUNS  packages/digitaldefiance-i18n-lib/tests/typed-coverage.spec.ts
 RUNS  packages/digitaldefiance-i18n-lib/tests/security/input-validation.spec.ts
 RUNS  packages/digitaldefiance-i18n-lib/tests/timezone-coverage.spec.ts
 RUNS  packages/digitaldefiance-i18n-lib/tests/icu/formatters/time-formatter.spec.ts
 RUNS  packages/digitaldefiance-i18n-lib/tests/enum-registry.spec.ts
 RUNS  packages/digitaldefiance-i18n-lib/tests/icu/edge-cases.spec.ts
 RUNS  packages/digitaldefiance-i18n-lib/tests/utils/safe-object.spec.ts
 RUNS  packages/digitaldefiance-i18n-lib/tests/integration/plural-gender.spec.ts
 RUNS  packages/digitaldefiance-i18n-lib/tests/component-registry.spec.ts
 RUNS  packages/digitaldefiance-i18n-lib/tests/currency-coverage.spec.ts

Test Suites: 44 passed, 44 of 96 total
Tests:       1139 passed, 1139 total
Snapshots:   0 total
Time:        19 s, estimated 24 s
 PASS  packages/digitaldefiance-i18n-lib/tests/currency-coverage.spec.ts████████████████

 RUNS  packages/digitaldefiance-i18n-lib/tests/circular-dependencies.spec.ts
 RUNS  packages/digitaldefiance-i18n-lib/tests/typed-coverage.spec.ts
 RUNS  packages/digitaldefiance-i18n-lib/tests/security/input-validation.spec.ts
 RUNS  packages/digitaldefiance-i18n-lib/tests/timezone-coverage.spec.ts
 RUNS  packages/digitaldefiance-i18n-lib/tests/icu/formatters/time-formatter.spec.ts
 RUNS  packages/digitaldefiance-i18n-lib/tests/enum-registry.spec.ts
 RUNS  packages/digitaldefiance-i18n-lib/tests/icu/edge-cases.spec.ts
 RUNS  packages/digitaldefiance-i18n-lib/tests/utils/safe-object.spec.ts
 RUNS  packages/digitaldefiance-i18n-lib/tests/integration/plural-gender.spec.ts
 RUNS  packages/digitaldefiance-i18n-lib/tests/component-registry.spec.ts
 RUNS  packages/digitaldefiance-i18n-lib/tests/currency-coverage.spec.ts

Test Suites: 44 passed, 44 of 96 total
Tests:       1139 passed, 1139 total
Snapshots:   0 total
Time:        19 s, estimated 24 s
 PASS  packages/digitaldefiance-i18n-lib/tests/integration/plural-gender.spec.ts�█████████████

 RUNS  packages/digitaldefiance-i18n-lib/tests/circular-dependencies.spec.ts
 RUNS  packages/digitaldefiance-i18n-lib/tests/typed-coverage.spec.ts
 RUNS  packages/digitaldefiance-i18n-lib/tests/security/input-validation.spec.ts
 RUNS  packages/digitaldefiance-i18n-lib/tests/timezone-coverage.spec.ts
 RUNS  packages/digitaldefiance-i18n-lib/tests/icu/formatters/time-formatter.spec.ts
 RUNS  packages/digitaldefiance-i18n-lib/tests/enum-registry.spec.ts
 RUNS  packages/digitaldefiance-i18n-lib/tests/icu/edge-cases.spec.ts
 RUNS  packages/digitaldefiance-i18n-lib/tests/utils/safe-object.spec.ts
 RUNS  packages/digitaldefiance-i18n-lib/tests/integration/plural-gender.spec.ts
 RUNS  packages/digitaldefiance-i18n-lib/tests/component-registry.spec.ts
 RUNS  packages/digitaldefiance-i18n-lib/tests/currency-coverage.spec.ts

Test Suites: 44 passed, 44 of 96 total
Tests:       1139 passed, 1139 total
Snapshots:   0 total
Time:        19 s, estimated 24 s
 PASS  packages/digitaldefiance-i18n-lib/tests/utils/safe-object.spec.ts████████████████

 RUNS  packages/digitaldefiance-i18n-lib/tests/circular-dependencies.spec.ts
 RUNS  packages/digitaldefiance-i18n-lib/tests/typed-coverage.spec.ts
 RUNS  packages/digitaldefiance-i18n-lib/tests/security/input-validation.spec.ts
 RUNS  packages/digitaldefiance-i18n-lib/tests/timezone-coverage.spec.ts
 RUNS  packages/digitaldefiance-i18n-lib/tests/icu/formatters/time-formatter.spec.ts
 RUNS  packages/digitaldefiance-i18n-lib/tests/enum-registry.spec.ts
 RUNS  packages/digitaldefiance-i18n-lib/tests/icu/edge-cases.spec.ts
 RUNS  packages/digitaldefiance-i18n-lib/tests/utils/safe-object.spec.ts
 RUNS  packages/digitaldefiance-i18n-lib/tests/integration/plural-gender.spec.ts
 RUNS  packages/digitaldefiance-i18n-lib/tests/component-registry.spec.ts
 RUNS  packages/digitaldefiance-i18n-lib/tests/currency-coverage.spec.ts

Test Suites: 44 passed, 44 of 96 total
Tests:       1139 passed, 1139 total
Snapshots:   0 total
Time:        19 s, estimated 24 s
 PASS  packages/digitaldefiance-i18n-lib/tests/component-registry.spec.ts��███████████████

 RUNS  packages/digitaldefiance-i18n-lib/tests/circular-dependencies.spec.ts
 RUNS  packages/digitaldefiance-i18n-lib/tests/typed-coverage.spec.ts
 RUNS  packages/digitaldefiance-i18n-lib/tests/security/input-validation.spec.ts
 RUNS  packages/digitaldefiance-i18n-lib/tests/timezone-coverage.spec.ts
 RUNS  packages/digitaldefiance-i18n-lib/tests/icu/formatters/time-formatter.spec.ts
 RUNS  packages/digitaldefiance-i18n-lib/tests/enum-registry.spec.ts
 RUNS  packages/digitaldefiance-i18n-lib/tests/icu/edge-cases.spec.ts
 RUNS  packages/digitaldefiance-i18n-lib/tests/utils/safe-object.spec.ts
 RUNS  packages/digitaldefiance-i18n-lib/tests/integration/plural-gender.spec.ts
 RUNS  packages/digitaldefiance-i18n-lib/tests/component-registry.spec.ts
 RUNS  packages/digitaldefiance-i18n-lib/tests/currency-coverage.spec.ts

Test Suites: 44 passed, 44 of 96 total
Tests:       1139 passed, 1139 total
Snapshots:   0 total
Time:        19 s, estimated 24 s
████████████████████████████████████████
 RUNS  packages/digitaldefiance-i18n-lib/tests/circular-dependencies.spec.ts
 RUNS  packages/digitaldefiance-i18n-lib/tests/typed-coverage.spec.ts
 RUNS  packages/digitaldefiance-i18n-lib/tests/security/input-validation.spec.ts
 RUNS  packages/digitaldefiance-i18n-lib/tests/timezone-coverage.spec.ts
 RUNS  packages/digitaldefiance-i18n-lib/tests/icu/helpers.spec.ts
 RUNS  packages/digitaldefiance-i18n-lib/tests/enum-registry.spec.ts
 RUNS  packages/digitaldefiance-i18n-lib/tests/icu/edge-cases.spec.ts
 RUNS  packages/digitaldefiance-i18n-lib/tests/utils/plural-helpers.spec.ts
 RUNS  packages/digitaldefiance-i18n-lib/tests/i18n-error-coverage.spec.ts
 RUNS  packages/digitaldefiance-i18n-lib/tests/core/i18n-engine-plurals.spec.ts
 RUNS  packages/digitaldefiance-i18n-lib/tests/core-i18n-coverage.spec.ts

Test Suites: 49 passed, 49 of 96 total
Tests:       1176 passed, 1176 total
Snapshots:   0 total
Time:        19 s, estimated 24 s
 PASS  packages/digitaldefiance-i18n-lib/tests/enum-registry.spec.ts�██████████���██████

 RUNS  packages/digitaldefiance-i18n-lib/tests/circular-dependencies.spec.ts
 RUNS  packages/digitaldefiance-i18n-lib/tests/typed-coverage.spec.ts
 RUNS  packages/digitaldefiance-i18n-lib/tests/security/input-validation.spec.ts
 RUNS  packages/digitaldefiance-i18n-lib/tests/timezone-coverage.spec.ts
 RUNS  packages/digitaldefiance-i18n-lib/tests/icu/helpers.spec.ts
 RUNS  packages/digitaldefiance-i18n-lib/tests/enum-registry.spec.ts
 RUNS  packages/digitaldefiance-i18n-lib/tests/icu/edge-cases.spec.ts
 RUNS  packages/digitaldefiance-i18n-lib/tests/utils/plural-helpers.spec.ts
 RUNS  packages/digitaldefiance-i18n-lib/tests/i18n-error-coverage.spec.ts
 RUNS  packages/digitaldefiance-i18n-lib/tests/core/i18n-engine-plurals.spec.ts
 RUNS  packages/digitaldefiance-i18n-lib/tests/core-i18n-coverage.spec.ts

Test Suites: 49 passed, 49 of 96 total
Tests:       1176 passed, 1176 total
Snapshots:   0 total
Time:        19 s, estimated 24 s
████████████████████████████████████████
 RUNS  packages/digitaldefiance-i18n-lib/tests/circular-dependencies.spec.ts
 RUNS  packages/digitaldefiance-i18n-lib/tests/typed-coverage.spec.ts
 RUNS  packages/digitaldefiance-i18n-lib/tests/security/input-validation.spec.ts
 RUNS  packages/digitaldefiance-i18n-lib/tests/timezone-coverage.spec.ts
 RUNS  packages/digitaldefiance-i18n-lib/tests/icu/helpers.spec.ts
 RUNS  packages/digitaldefiance-i18n-lib/tests/icu/edge-cases.spec.ts
 RUNS  packages/digitaldefiance-i18n-lib/tests/utils/plural-helpers.spec.ts
 RUNS  packages/digitaldefiance-i18n-lib/tests/i18n-error-coverage.spec.ts
 RUNS  packages/digitaldefiance-i18n-lib/tests/core/i18n-engine-plurals.spec.ts
 RUNS  packages/digitaldefiance-i18n-lib/tests/icu/parser-security.spec.ts
 RUNS  packages/digitaldefiance-i18n-lib/tests/core-i18n-coverage.spec.ts

Test Suites: 50 passed, 50 of 96 total
Tests:       1182 passed, 1182 total
Snapshots:   0 total
Time:        19 s, estimated 24 s
 PASS  packages/digitaldefiance-i18n-lib/tests/security/input-validation.spec.ts�█████████████

 RUNS  packages/digitaldefiance-i18n-lib/tests/circular-dependencies.spec.ts
 RUNS  packages/digitaldefiance-i18n-lib/tests/typed-coverage.spec.ts
 RUNS  packages/digitaldefiance-i18n-lib/tests/security/input-validation.spec.ts
 RUNS  packages/digitaldefiance-i18n-lib/tests/timezone-coverage.spec.ts
 RUNS  packages/digitaldefiance-i18n-lib/tests/icu/helpers.spec.ts
 RUNS  packages/digitaldefiance-i18n-lib/tests/icu/edge-cases.spec.ts
 RUNS  packages/digitaldefiance-i18n-lib/tests/utils/plural-helpers.spec.ts
 RUNS  packages/digitaldefiance-i18n-lib/tests/i18n-error-coverage.spec.ts
 RUNS  packages/digitaldefiance-i18n-lib/tests/core/i18n-engine-plurals.spec.ts
 RUNS  packages/digitaldefiance-i18n-lib/tests/icu/parser-security.spec.ts
 RUNS  packages/digitaldefiance-i18n-lib/tests/core-i18n-coverage.spec.ts

Test Suites: 50 passed, 50 of 96 total
Tests:       1182 passed, 1182 total
Snapshots:   0 total
Time:        19 s, estimated 24 s
████████████████████████████████████████
 RUNS  packages/digitaldefiance-i18n-lib/tests/circular-dependencies.spec.ts
 RUNS  packages/digitaldefiance-i18n-lib/tests/typed-coverage.spec.ts
 RUNS  packages/digitaldefiance-i18n-lib/tests/timezone-coverage.spec.ts
 RUNS  packages/digitaldefiance-i18n-lib/tests/icu/helpers.spec.ts
 RUNS  packages/digitaldefiance-i18n-lib/tests/icu/formatters/plural-formatter.spec.ts
 RUNS  packages/digitaldefiance-i18n-lib/tests/icu/edge-cases.spec.ts
 RUNS  packages/digitaldefiance-i18n-lib/tests/utils/plural-helpers.spec.ts
 RUNS  packages/digitaldefiance-i18n-lib/tests/i18n-error-coverage.spec.ts
 RUNS  packages/digitaldefiance-i18n-lib/tests/core/i18n-engine-plurals.spec.ts
 RUNS  packages/digitaldefiance-i18n-lib/tests/icu/parser-security.spec.ts
 RUNS  packages/digitaldefiance-i18n-lib/tests/core-i18n-coverage.spec.ts

Test Suites: 51 passed, 51 of 96 total
Tests:       1200 passed, 1200 total
Snapshots:   0 total
Time:        19 s, estimated 24 s
 PASS  packages/digitaldefiance-i18n-lib/tests/utils/plural-helpers.spec.ts███████████████

 RUNS  packages/digitaldefiance-i18n-lib/tests/circular-dependencies.spec.ts
 RUNS  packages/digitaldefiance-i18n-lib/tests/typed-coverage.spec.ts
 RUNS  packages/digitaldefiance-i18n-lib/tests/timezone-coverage.spec.ts
 RUNS  packages/digitaldefiance-i18n-lib/tests/icu/helpers.spec.ts
 RUNS  packages/digitaldefiance-i18n-lib/tests/icu/formatters/plural-formatter.spec.ts
 RUNS  packages/digitaldefiance-i18n-lib/tests/icu/edge-cases.spec.ts
 RUNS  packages/digitaldefiance-i18n-lib/tests/utils/plural-helpers.spec.ts
 RUNS  packages/digitaldefiance-i18n-lib/tests/i18n-error-coverage.spec.ts
 RUNS  packages/digitaldefiance-i18n-lib/tests/core/i18n-engine-plurals.spec.ts
 RUNS  packages/digitaldefiance-i18n-lib/tests/icu/parser-security.spec.ts
 RUNS  packages/digitaldefiance-i18n-lib/tests/core-i18n-coverage.spec.ts

Test Suites: 51 passed, 51 of 96 total
Tests:       1200 passed, 1200 total
Snapshots:   0 total
Time:        19 s, estimated 24 s
████████████████████████████████████████
 RUNS  packages/digitaldefiance-i18n-lib/tests/circular-dependencies.spec.ts
 RUNS  packages/digitaldefiance-i18n-lib/tests/typed-coverage.spec.ts
 RUNS  packages/digitaldefiance-i18n-lib/tests/security/redos.spec.ts
 RUNS  packages/digitaldefiance-i18n-lib/tests/timezone-coverage.spec.ts
 RUNS  packages/digitaldefiance-i18n-lib/tests/icu/helpers.spec.ts
 RUNS  packages/digitaldefiance-i18n-lib/tests/icu/formatters/plural-formatter.spec.ts
 RUNS  packages/digitaldefiance-i18n-lib/tests/icu/edge-cases.spec.ts
 RUNS  packages/digitaldefiance-i18n-lib/tests/i18n-error-coverage.spec.ts
 RUNS  packages/digitaldefiance-i18n-lib/tests/core/i18n-engine-plurals.spec.ts
 RUNS  packages/digitaldefiance-i18n-lib/tests/icu/parser-security.spec.ts
 RUNS  packages/digitaldefiance-i18n-lib/tests/core-i18n-coverage.spec.ts

Test Suites: 52 passed, 52 of 96 total
Tests:       1216 passed, 1216 total
Snapshots:   0 total
Time:        19 s, estimated 24 s
 PASS  packages/digitaldefiance-i18n-lib/tests/icu/parser-security.spec.ts�███████████████

 RUNS  packages/digitaldefiance-i18n-lib/tests/circular-dependencies.spec.ts
 RUNS  packages/digitaldefiance-i18n-lib/tests/typed-coverage.spec.ts
 RUNS  packages/digitaldefiance-i18n-lib/tests/security/redos.spec.ts
 RUNS  packages/digitaldefiance-i18n-lib/tests/timezone-coverage.spec.ts
 RUNS  packages/digitaldefiance-i18n-lib/tests/icu/helpers.spec.ts
 RUNS  packages/digitaldefiance-i18n-lib/tests/icu/formatters/plural-formatter.spec.ts
 RUNS  packages/digitaldefiance-i18n-lib/tests/icu/edge-cases.spec.ts
 RUNS  packages/digitaldefiance-i18n-lib/tests/i18n-error-coverage.spec.ts
 RUNS  packages/digitaldefiance-i18n-lib/tests/core/i18n-engine-plurals.spec.ts
 RUNS  packages/digitaldefiance-i18n-lib/tests/icu/parser-security.spec.ts
 RUNS  packages/digitaldefiance-i18n-lib/tests/core-i18n-coverage.spec.ts

Test Suites: 52 passed, 52 of 96 total
Tests:       1216 passed, 1216 total
Snapshots:   0 total
Time:        19 s, estimated 24 s
 PASS  packages/digitaldefiance-i18n-lib/tests/timezone-coverage.spec.ts████████████████

 RUNS  packages/digitaldefiance-i18n-lib/tests/circular-dependencies.spec.ts
 RUNS  packages/digitaldefiance-i18n-lib/tests/typed-coverage.spec.ts
 RUNS  packages/digitaldefiance-i18n-lib/tests/security/redos.spec.ts
 RUNS  packages/digitaldefiance-i18n-lib/tests/timezone-coverage.spec.ts
 RUNS  packages/digitaldefiance-i18n-lib/tests/icu/helpers.spec.ts
 RUNS  packages/digitaldefiance-i18n-lib/tests/icu/formatters/plural-formatter.spec.ts
 RUNS  packages/digitaldefiance-i18n-lib/tests/icu/edge-cases.spec.ts
 RUNS  packages/digitaldefiance-i18n-lib/tests/i18n-error-coverage.spec.ts
 RUNS  packages/digitaldefiance-i18n-lib/tests/core/i18n-engine-plurals.spec.ts
 RUNS  packages/digitaldefiance-i18n-lib/tests/icu/parser-security.spec.ts
 RUNS  packages/digitaldefiance-i18n-lib/tests/core-i18n-coverage.spec.ts

Test Suites: 52 passed, 52 of 96 total
Tests:       1216 passed, 1216 total
Snapshots:   0 total
Time:        19 s, estimated 24 s
 PASS  packages/digitaldefiance-i18n-lib/tests/core-i18n-coverage.spec.ts��███████████████

 RUNS  packages/digitaldefiance-i18n-lib/tests/circular-dependencies.spec.ts
 RUNS  packages/digitaldefiance-i18n-lib/tests/typed-coverage.spec.ts
 RUNS  packages/digitaldefiance-i18n-lib/tests/security/redos.spec.ts
 RUNS  packages/digitaldefiance-i18n-lib/tests/timezone-coverage.spec.ts
 RUNS  packages/digitaldefiance-i18n-lib/tests/icu/helpers.spec.ts
 RUNS  packages/digitaldefiance-i18n-lib/tests/icu/formatters/plural-formatter.spec.ts
 RUNS  packages/digitaldefiance-i18n-lib/tests/icu/edge-cases.spec.ts
 RUNS  packages/digitaldefiance-i18n-lib/tests/i18n-error-coverage.spec.ts
 RUNS  packages/digitaldefiance-i18n-lib/tests/core/i18n-engine-plurals.spec.ts
 RUNS  packages/digitaldefiance-i18n-lib/tests/icu/parser-security.spec.ts
 RUNS  packages/digitaldefiance-i18n-lib/tests/core-i18n-coverage.spec.ts

Test Suites: 52 passed, 52 of 96 total
Tests:       1216 passed, 1216 total
Snapshots:   0 total
Time:        19 s, estimated 24 s
 PASS  packages/digitaldefiance-i18n-lib/tests/icu/helpers.spec.ts██████████████████

 RUNS  packages/digitaldefiance-i18n-lib/tests/circular-dependencies.spec.ts
 RUNS  packages/digitaldefiance-i18n-lib/tests/typed-coverage.spec.ts
 RUNS  packages/digitaldefiance-i18n-lib/tests/security/redos.spec.ts
 RUNS  packages/digitaldefiance-i18n-lib/tests/timezone-coverage.spec.ts
 RUNS  packages/digitaldefiance-i18n-lib/tests/icu/helpers.spec.ts
 RUNS  packages/digitaldefiance-i18n-lib/tests/icu/formatters/plural-formatter.spec.ts
 RUNS  packages/digitaldefiance-i18n-lib/tests/icu/edge-cases.spec.ts
 RUNS  packages/digitaldefiance-i18n-lib/tests/i18n-error-coverage.spec.ts
 RUNS  packages/digitaldefiance-i18n-lib/tests/core/i18n-engine-plurals.spec.ts
 RUNS  packages/digitaldefiance-i18n-lib/tests/icu/parser-security.spec.ts
 RUNS  packages/digitaldefiance-i18n-lib/tests/core-i18n-coverage.spec.ts

Test Suites: 52 passed, 52 of 96 total
Tests:       1216 passed, 1216 total
Snapshots:   0 total
Time:        19 s, estimated 24 s
████████████████████████████████████████
 RUNS  packages/digitaldefiance-i18n-lib/tests/circular-dependencies.spec.ts
 RUNS  packages/digitaldefiance-i18n-lib/tests/typed-coverage.spec.ts
 RUNS  packages/digitaldefiance-i18n-lib/tests/security/redos.spec.ts
 RUNS  packages/digitaldefiance-i18n-lib/tests/typed-error.spec.ts
 RUNS  packages/digitaldefiance-i18n-lib/tests/icu/formatters/plural-formatter.spec.ts
 RUNS  packages/digitaldefiance-i18n-lib/tests/icu/edge-cases.spec.ts
 RUNS  packages/digitaldefiance-i18n-lib/tests/security/recursion-limits.spec.ts
 RUNS  packages/digitaldefiance-i18n-lib/tests/i18n-error-coverage.spec.ts
 RUNS  packages/digitaldefiance-i18n-lib/tests/core/i18n-engine-plurals.spec.ts
 RUNS  packages/digitaldefiance-i18n-lib/tests/icu/parser-multilingual.spec.ts
 RUNS  packages/digitaldefiance-i18n-lib/tests/template.spec.ts

Test Suites: 56 passed, 56 of 96 total
Tests:       1252 passed, 1252 total
Snapshots:   0 total
Time:        20 s, estimated 24 s
 PASS  packages/digitaldefiance-i18n-lib/tests/typed-coverage.spec.ts█████████████████

 RUNS  packages/digitaldefiance-i18n-lib/tests/circular-dependencies.spec.ts
 RUNS  packages/digitaldefiance-i18n-lib/tests/typed-coverage.spec.ts
 RUNS  packages/digitaldefiance-i18n-lib/tests/security/redos.spec.ts
 RUNS  packages/digitaldefiance-i18n-lib/tests/typed-error.spec.ts
 RUNS  packages/digitaldefiance-i18n-lib/tests/icu/formatters/plural-formatter.spec.ts
 RUNS  packages/digitaldefiance-i18n-lib/tests/icu/edge-cases.spec.ts
 RUNS  packages/digitaldefiance-i18n-lib/tests/security/recursion-limits.spec.ts
 RUNS  packages/digitaldefiance-i18n-lib/tests/i18n-error-coverage.spec.ts
 RUNS  packages/digitaldefiance-i18n-lib/tests/core/i18n-engine-plurals.spec.ts
 RUNS  packages/digitaldefiance-i18n-lib/tests/icu/parser-multilingual.spec.ts
 RUNS  packages/digitaldefiance-i18n-lib/tests/template.spec.ts

Test Suites: 56 passed, 56 of 96 total
Tests:       1252 passed, 1252 total
Snapshots:   0 total
Time:        20 s, estimated 24 s
████████████████████████████████████████
 RUNS  packages/digitaldefiance-i18n-lib/tests/circular-dependencies.spec.ts
 RUNS  packages/digitaldefiance-i18n-lib/tests/security/redos.spec.ts
 RUNS  packages/digitaldefiance-i18n-lib/tests/typed-error.spec.ts
 RUNS  packages/digitaldefiance-i18n-lib/tests/enum-registry-coverage.spec.ts
 RUNS  packages/digitaldefiance-i18n-lib/tests/icu/formatters/plural-formatter.spec.ts
 RUNS  packages/digitaldefiance-i18n-lib/tests/icu/edge-cases.spec.ts
 RUNS  packages/digitaldefiance-i18n-lib/tests/security/recursion-limits.spec.ts
 RUNS  packages/digitaldefiance-i18n-lib/tests/i18n-error-coverage.spec.ts
 RUNS  packages/digitaldefiance-i18n-lib/tests/core/i18n-engine-plurals.spec.ts
 RUNS  packages/digitaldefiance-i18n-lib/tests/icu/parser-multilingual.spec.ts
 RUNS  packages/digitaldefiance-i18n-lib/tests/template.spec.ts

Test Suites: 57 passed, 57 of 96 total
Tests:       1269 passed, 1269 total
Snapshots:   0 total
Time:        20 s, estimated 24 s
 PASS  packages/digitaldefiance-i18n-lib/tests/icu/edge-cases.spec.ts█████████████████

 RUNS  packages/digitaldefiance-i18n-lib/tests/circular-dependencies.spec.ts
 RUNS  packages/digitaldefiance-i18n-lib/tests/security/redos.spec.ts
 RUNS  packages/digitaldefiance-i18n-lib/tests/typed-error.spec.ts
 RUNS  packages/digitaldefiance-i18n-lib/tests/enum-registry-coverage.spec.ts
 RUNS  packages/digitaldefiance-i18n-lib/tests/icu/formatters/plural-formatter.spec.ts
 RUNS  packages/digitaldefiance-i18n-lib/tests/icu/edge-cases.spec.ts
 RUNS  packages/digitaldefiance-i18n-lib/tests/security/recursion-limits.spec.ts
 RUNS  packages/digitaldefiance-i18n-lib/tests/i18n-error-coverage.spec.ts
 RUNS  packages/digitaldefiance-i18n-lib/tests/core/i18n-engine-plurals.spec.ts
 RUNS  packages/digitaldefiance-i18n-lib/tests/icu/parser-multilingual.spec.ts
 RUNS  packages/digitaldefiance-i18n-lib/tests/template.spec.ts

Test Suites: 57 passed, 57 of 96 total
Tests:       1269 passed, 1269 total
Snapshots:   0 total
Time:        20 s, estimated 24 s
████████████████████████████████████████
 RUNS  packages/digitaldefiance-i18n-lib/tests/circular-dependencies.spec.ts
 RUNS  packages/digitaldefiance-i18n-lib/tests/utils.spec.ts
 RUNS  packages/digitaldefiance-i18n-lib/tests/security/redos.spec.ts
 RUNS  packages/digitaldefiance-i18n-lib/tests/typed-error.spec.ts
 RUNS  packages/digitaldefiance-i18n-lib/tests/enum-registry-coverage.spec.ts
 RUNS  packages/digitaldefiance-i18n-lib/tests/icu/formatters/plural-formatter.spec.ts
 RUNS  packages/digitaldefiance-i18n-lib/tests/security/recursion-limits.spec.ts
 RUNS  packages/digitaldefiance-i18n-lib/tests/i18n-error-coverage.spec.ts
 RUNS  packages/digitaldefiance-i18n-lib/tests/core/i18n-engine-plurals.spec.ts
 RUNS  packages/digitaldefiance-i18n-lib/tests/icu/parser-multilingual.spec.ts
 RUNS  packages/digitaldefiance-i18n-lib/tests/template.spec.ts

Test Suites: 58 passed, 58 of 96 total
Tests:       1278 passed, 1278 total
Snapshots:   0 total
Time:        20 s, estimated 24 s
 PASS  packages/digitaldefiance-i18n-lib/tests/core/i18n-engine-plurals.spec.ts��█████████████

 RUNS  packages/digitaldefiance-i18n-lib/tests/circular-dependencies.spec.ts
 RUNS  packages/digitaldefiance-i18n-lib/tests/utils.spec.ts
 RUNS  packages/digitaldefiance-i18n-lib/tests/security/redos.spec.ts
 RUNS  packages/digitaldefiance-i18n-lib/tests/typed-error.spec.ts
 RUNS  packages/digitaldefiance-i18n-lib/tests/enum-registry-coverage.spec.ts
 RUNS  packages/digitaldefiance-i18n-lib/tests/icu/formatters/plural-formatter.spec.ts
 RUNS  packages/digitaldefiance-i18n-lib/tests/security/recursion-limits.spec.ts
 RUNS  packages/digitaldefiance-i18n-lib/tests/i18n-error-coverage.spec.ts
 RUNS  packages/digitaldefiance-i18n-lib/tests/core/i18n-engine-plurals.spec.ts
 RUNS  packages/digitaldefiance-i18n-lib/tests/icu/parser-multilingual.spec.ts
 RUNS  packages/digitaldefiance-i18n-lib/tests/template.spec.ts

Test Suites: 58 passed, 58 of 96 total
Tests:       1278 passed, 1278 total
Snapshots:   0 total
Time:        20 s, estimated 24 s
 PASS  packages/digitaldefiance-i18n-lib/tests/security/recursion-limits.spec.ts�█████████████

 RUNS  packages/digitaldefiance-i18n-lib/tests/circular-dependencies.spec.ts
 RUNS  packages/digitaldefiance-i18n-lib/tests/utils.spec.ts
 RUNS  packages/digitaldefiance-i18n-lib/tests/security/redos.spec.ts
 RUNS  packages/digitaldefiance-i18n-lib/tests/typed-error.spec.ts
 RUNS  packages/digitaldefiance-i18n-lib/tests/enum-registry-coverage.spec.ts
 RUNS  packages/digitaldefiance-i18n-lib/tests/icu/formatters/plural-formatter.spec.ts
 RUNS  packages/digitaldefiance-i18n-lib/tests/security/recursion-limits.spec.ts
 RUNS  packages/digitaldefiance-i18n-lib/tests/i18n-error-coverage.spec.ts
 RUNS  packages/digitaldefiance-i18n-lib/tests/core/i18n-engine-plurals.spec.ts
 RUNS  packages/digitaldefiance-i18n-lib/tests/icu/parser-multilingual.spec.ts
 RUNS  packages/digitaldefiance-i18n-lib/tests/template.spec.ts

Test Suites: 58 passed, 58 of 96 total
Tests:       1278 passed, 1278 total
Snapshots:   0 total
Time:        20 s, estimated 24 s
████████████████████████████████████████
 RUNS  packages/digitaldefiance-i18n-lib/tests/circular-dependencies.spec.ts
 RUNS  packages/digitaldefiance-i18n-lib/tests/utils.spec.ts
 RUNS  packages/digitaldefiance-i18n-lib/tests/security/redos.spec.ts
 RUNS  packages/digitaldefiance-i18n-lib/tests/typed-error.spec.ts
 RUNS  packages/digitaldefiance-i18n-lib/tests/enum-registry-coverage.spec.ts
 RUNS  packages/digitaldefiance-i18n-lib/tests/icu/formatters/plural-formatter.spec.ts
 RUNS  packages/digitaldefiance-i18n-lib/tests/type-safety-fixes.spec.ts
 RUNS  packages/digitaldefiance-i18n-lib/tests/i18n-error-coverage.spec.ts
 RUNS  packages/digitaldefiance-i18n-lib/tests/errors/translatable-generic-icu.spec.ts
 RUNS  packages/digitaldefiance-i18n-lib/tests/icu/parser-multilingual.spec.ts
 RUNS  packages/digitaldefiance-i18n-lib/tests/template.spec.ts

Test Suites: 60 passed, 60 of 96 total
Tests:       1285 passed, 1285 total
Snapshots:   0 total
Time:        20 s, estimated 24 s
████████████████████████████████████████
 RUNS  packages/digitaldefiance-i18n-lib/tests/circular-dependencies.spec.ts
 RUNS  packages/digitaldefiance-i18n-lib/tests/utils.spec.ts
 RUNS  packages/digitaldefiance-i18n-lib/tests/security/redos.spec.ts
 RUNS  packages/digitaldefiance-i18n-lib/tests/typed-error.spec.ts
 RUNS  packages/digitaldefiance-i18n-lib/tests/enum-registry-coverage.spec.ts
 RUNS  packages/digitaldefiance-i18n-lib/tests/icu/formatters/plural-formatter.spec.ts
 RUNS  packages/digitaldefiance-i18n-lib/tests/type-safety-fixes.spec.ts
 RUNS  packages/digitaldefiance-i18n-lib/tests/i18n-error-coverage.spec.ts
 RUNS  packages/digitaldefiance-i18n-lib/tests/errors/translatable-generic-icu.spec.ts
 RUNS  packages/digitaldefiance-i18n-lib/tests/icu/parser-multilingual.spec.ts
 RUNS  packages/digitaldefiance-i18n-lib/tests/template.spec.ts

Test Suites: 60 passed, 60 of 96 total
Tests:       1289 passed, 1289 total
Snapshots:   0 total
Time:        20 s, estimated 24 s
 PASS  packages/digitaldefiance-i18n-lib/tests/icu/formatters/plural-formatter.spec.ts�███████████

 RUNS  packages/digitaldefiance-i18n-lib/tests/circular-dependencies.spec.ts
 RUNS  packages/digitaldefiance-i18n-lib/tests/utils.spec.ts
 RUNS  packages/digitaldefiance-i18n-lib/tests/security/redos.spec.ts
 RUNS  packages/digitaldefiance-i18n-lib/tests/typed-error.spec.ts
 RUNS  packages/digitaldefiance-i18n-lib/tests/enum-registry-coverage.spec.ts
 RUNS  packages/digitaldefiance-i18n-lib/tests/icu/formatters/plural-formatter.spec.ts
 RUNS  packages/digitaldefiance-i18n-lib/tests/type-safety-fixes.spec.ts
 RUNS  packages/digitaldefiance-i18n-lib/tests/i18n-error-coverage.spec.ts
 RUNS  packages/digitaldefiance-i18n-lib/tests/errors/translatable-generic-icu.spec.ts
 RUNS  packages/digitaldefiance-i18n-lib/tests/icu/parser-multilingual.spec.ts
 RUNS  packages/digitaldefiance-i18n-lib/tests/template.spec.ts

Test Suites: 60 passed, 60 of 96 total
Tests:       1289 passed, 1289 total
Snapshots:   0 total
Time:        20 s, estimated 24 s
████████████████████████████████████████
 RUNS  packages/digitaldefiance-i18n-lib/tests/circular-dependencies.spec.ts
 RUNS  packages/digitaldefiance-i18n-lib/tests/utils.spec.ts
 RUNS  packages/digitaldefiance-i18n-lib/tests/security/redos.spec.ts
 RUNS  packages/digitaldefiance-i18n-lib/tests/typed-error.spec.ts
 RUNS  packages/digitaldefiance-i18n-lib/tests/enum-registry-coverage.spec.ts
 RUNS  packages/digitaldefiance-i18n-lib/tests/type-safety-fixes.spec.ts
 RUNS  packages/digitaldefiance-i18n-lib/tests/icu/validator.spec.ts
 RUNS  packages/digitaldefiance-i18n-lib/tests/i18n-error-coverage.spec.ts
 RUNS  packages/digitaldefiance-i18n-lib/tests/errors/translatable-generic-icu.spec.ts
 RUNS  packages/digitaldefiance-i18n-lib/tests/icu/parser-multilingual.spec.ts
 RUNS  packages/digitaldefiance-i18n-lib/tests/template.spec.ts

Test Suites: 61 passed, 61 of 96 total
Tests:       1329 passed, 1329 total
Snapshots:   0 total
Time:        20 s, estimated 24 s
 PASS  packages/digitaldefiance-i18n-lib/tests/security/redos.spec.ts█████████████████

 RUNS  packages/digitaldefiance-i18n-lib/tests/circular-dependencies.spec.ts
 RUNS  packages/digitaldefiance-i18n-lib/tests/utils.spec.ts
 RUNS  packages/digitaldefiance-i18n-lib/tests/security/redos.spec.ts
 RUNS  packages/digitaldefiance-i18n-lib/tests/typed-error.spec.ts
 RUNS  packages/digitaldefiance-i18n-lib/tests/enum-registry-coverage.spec.ts
 RUNS  packages/digitaldefiance-i18n-lib/tests/type-safety-fixes.spec.ts
 RUNS  packages/digitaldefiance-i18n-lib/tests/icu/validator.spec.ts
 RUNS  packages/digitaldefiance-i18n-lib/tests/i18n-error-coverage.spec.ts
 RUNS  packages/digitaldefiance-i18n-lib/tests/errors/translatable-generic-icu.spec.ts
 RUNS  packages/digitaldefiance-i18n-lib/tests/icu/parser-multilingual.spec.ts
 RUNS  packages/digitaldefiance-i18n-lib/tests/template.spec.ts

Test Suites: 61 passed, 61 of 96 total
Tests:       1329 passed, 1329 total
Snapshots:   0 total
Time:        20 s, estimated 24 s
 PASS  packages/digitaldefiance-i18n-lib/tests/template.spec.ts███████████████████

 RUNS  packages/digitaldefiance-i18n-lib/tests/circular-dependencies.spec.ts
 RUNS  packages/digitaldefiance-i18n-lib/tests/utils.spec.ts
 RUNS  packages/digitaldefiance-i18n-lib/tests/security/redos.spec.ts
 RUNS  packages/digitaldefiance-i18n-lib/tests/typed-error.spec.ts
 RUNS  packages/digitaldefiance-i18n-lib/tests/enum-registry-coverage.spec.ts
 RUNS  packages/digitaldefiance-i18n-lib/tests/type-safety-fixes.spec.ts
 RUNS  packages/digitaldefiance-i18n-lib/tests/icu/validator.spec.ts
 RUNS  packages/digitaldefiance-i18n-lib/tests/i18n-error-coverage.spec.ts
 RUNS  packages/digitaldefiance-i18n-lib/tests/errors/translatable-generic-icu.spec.ts
 RUNS  packages/digitaldefiance-i18n-lib/tests/icu/parser-multilingual.spec.ts
 RUNS  packages/digitaldefiance-i18n-lib/tests/template.spec.ts

Test Suites: 61 passed, 61 of 96 total
Tests:       1329 passed, 1329 total
Snapshots:   0 total
Time:        20 s, estimated 24 s
 PASS  packages/digitaldefiance-i18n-lib/tests/i18n-error-coverage.spec.ts�███████████████

 RUNS  packages/digitaldefiance-i18n-lib/tests/circular-dependencies.spec.ts
 RUNS  packages/digitaldefiance-i18n-lib/tests/utils.spec.ts
 RUNS  packages/digitaldefiance-i18n-lib/tests/security/redos.spec.ts
 RUNS  packages/digitaldefiance-i18n-lib/tests/typed-error.spec.ts
 RUNS  packages/digitaldefiance-i18n-lib/tests/enum-registry-coverage.spec.ts
 RUNS  packages/digitaldefiance-i18n-lib/tests/type-safety-fixes.spec.ts
 RUNS  packages/digitaldefiance-i18n-lib/tests/icu/validator.spec.ts
 RUNS  packages/digitaldefiance-i18n-lib/tests/i18n-error-coverage.spec.ts
 RUNS  packages/digitaldefiance-i18n-lib/tests/errors/translatable-generic-icu.spec.ts
 RUNS  packages/digitaldefiance-i18n-lib/tests/icu/parser-multilingual.spec.ts
 RUNS  packages/digitaldefiance-i18n-lib/tests/template.spec.ts

Test Suites: 61 passed, 61 of 96 total
Tests:       1329 passed, 1329 total
Snapshots:   0 total
Time:        20 s, estimated 24 s
████████████████████████████████████████
 RUNS  packages/digitaldefiance-i18n-lib/tests/circular-dependencies.spec.ts
 RUNS  packages/digitaldefiance-i18n-lib/tests/utils.spec.ts
 RUNS  ...ages/digitaldefiance-i18n-lib/tests/plugin-translatable-handleable-generic.spec.ts
 RUNS  packages/digitaldefiance-i18n-lib/tests/typed-error.spec.ts
 RUNS  packages/digitaldefiance-i18n-lib/tests/enum-registry-coverage.spec.ts
 RUNS  packages/digitaldefiance-i18n-lib/tests/utils-index.spec.ts
 RUNS  packages/digitaldefiance-i18n-lib/tests/type-safety-fixes.spec.ts
 RUNS  packages/digitaldefiance-i18n-lib/tests/icu/validator.spec.ts
 RUNS  packages/digitaldefiance-i18n-lib/tests/errors/translatable-generic-icu.spec.ts
 RUNS  packages/digitaldefiance-i18n-lib/tests/icu/parser-multilingual.spec.ts
 RUNS  packages/digitaldefiance-i18n-lib/tests/context-integration.spec.ts

Test Suites: 64 passed, 64 of 96 total
Tests:       1392 passed, 1392 total
Snapshots:   0 total
Time:        20 s, estimated 24 s
 PASS  packages/digitaldefiance-i18n-lib/tests/utils.spec.ts████████████████████

 RUNS  packages/digitaldefiance-i18n-lib/tests/circular-dependencies.spec.ts
 RUNS  packages/digitaldefiance-i18n-lib/tests/utils.spec.ts
 RUNS  ...ages/digitaldefiance-i18n-lib/tests/plugin-translatable-handleable-generic.spec.ts
 RUNS  packages/digitaldefiance-i18n-lib/tests/typed-error.spec.ts
 RUNS  packages/digitaldefiance-i18n-lib/tests/enum-registry-coverage.spec.ts
 RUNS  packages/digitaldefiance-i18n-lib/tests/utils-index.spec.ts
 RUNS  packages/digitaldefiance-i18n-lib/tests/type-safety-fixes.spec.ts
 RUNS  packages/digitaldefiance-i18n-lib/tests/icu/validator.spec.ts
 RUNS  packages/digitaldefiance-i18n-lib/tests/errors/translatable-generic-icu.spec.ts
 RUNS  packages/digitaldefiance-i18n-lib/tests/icu/parser-multilingual.spec.ts
 RUNS  packages/digitaldefiance-i18n-lib/tests/context-integration.spec.ts

Test Suites: 64 passed, 64 of 96 total
Tests:       1392 passed, 1392 total
Snapshots:   0 total
Time:        20 s, estimated 24 s
 PASS  packages/digitaldefiance-i18n-lib/tests/icu/parser-multilingual.spec.ts██████████████

 RUNS  packages/digitaldefiance-i18n-lib/tests/circular-dependencies.spec.ts
 RUNS  packages/digitaldefiance-i18n-lib/tests/utils.spec.ts
 RUNS  ...ages/digitaldefiance-i18n-lib/tests/plugin-translatable-handleable-generic.spec.ts
 RUNS  packages/digitaldefiance-i18n-lib/tests/typed-error.spec.ts
 RUNS  packages/digitaldefiance-i18n-lib/tests/enum-registry-coverage.spec.ts
 RUNS  packages/digitaldefiance-i18n-lib/tests/utils-index.spec.ts
 RUNS  packages/digitaldefiance-i18n-lib/tests/type-safety-fixes.spec.ts
 RUNS  packages/digitaldefiance-i18n-lib/tests/icu/validator.spec.ts
 RUNS  packages/digitaldefiance-i18n-lib/tests/errors/translatable-generic-icu.spec.ts
 RUNS  packages/digitaldefiance-i18n-lib/tests/icu/parser-multilingual.spec.ts
 RUNS  packages/digitaldefiance-i18n-lib/tests/context-integration.spec.ts

Test Suites: 64 passed, 64 of 96 total
Tests:       1392 passed, 1392 total
Snapshots:   0 total
Time:        20 s, estimated 24 s
 PASS  packages/digitaldefiance-i18n-lib/tests/typed-error.spec.ts██████████████████

 RUNS  packages/digitaldefiance-i18n-lib/tests/circular-dependencies.spec.ts
 RUNS  packages/digitaldefiance-i18n-lib/tests/utils.spec.ts
 RUNS  ...ages/digitaldefiance-i18n-lib/tests/plugin-translatable-handleable-generic.spec.ts
 RUNS  packages/digitaldefiance-i18n-lib/tests/typed-error.spec.ts
 RUNS  packages/digitaldefiance-i18n-lib/tests/enum-registry-coverage.spec.ts
 RUNS  packages/digitaldefiance-i18n-lib/tests/utils-index.spec.ts
 RUNS  packages/digitaldefiance-i18n-lib/tests/type-safety-fixes.spec.ts
 RUNS  packages/digitaldefiance-i18n-lib/tests/icu/validator.spec.ts
 RUNS  packages/digitaldefiance-i18n-lib/tests/errors/translatable-generic-icu.spec.ts
 RUNS  packages/digitaldefiance-i18n-lib/tests/icu/parser-multilingual.spec.ts
 RUNS  packages/digitaldefiance-i18n-lib/tests/context-integration.spec.ts

Test Suites: 64 passed, 64 of 96 total
Tests:       1392 passed, 1392 total
Snapshots:   0 total
Time:        20 s, estimated 24 s
████████████████████████████████████████
 RUNS  packages/digitaldefiance-i18n-lib/tests/circular-dependencies.spec.ts
 RUNS  packages/digitaldefiance-i18n-lib/tests/icu/compiler.spec.ts
 RUNS  ...ages/digitaldefiance-i18n-lib/tests/plugin-translatable-handleable-generic.spec.ts
 RUNS  packages/digitaldefiance-i18n-lib/tests/enum-registry-coverage.spec.ts
 RUNS  packages/digitaldefiance-i18n-lib/tests/utils-index.spec.ts
 RUNS  packages/digitaldefiance-i18n-lib/tests/type-safety-fixes.spec.ts
 RUNS  packages/digitaldefiance-i18n-lib/tests/icu/validator.spec.ts
 RUNS  packages/digitaldefiance-i18n-lib/tests/integration/backward-compatibility.spec.ts
 RUNS  packages/digitaldefiance-i18n-lib/tests/errors/translatable-generic-icu.spec.ts
 RUNS  packages/digitaldefiance-i18n-lib/tests/icu/formatters/select-formatter.spec.ts
 RUNS  packages/digitaldefiance-i18n-lib/tests/context-integration.spec.ts

Test Suites: 67 passed, 67 of 96 total
Tests:       1429 passed, 1429 total
Snapshots:   0 total
Time:        21 s, estimated 24 s
 PASS  packages/digitaldefiance-i18n-lib/tests/enum-registry-coverage.spec.ts�██████████████

 RUNS  packages/digitaldefiance-i18n-lib/tests/circular-dependencies.spec.ts
 RUNS  packages/digitaldefiance-i18n-lib/tests/icu/compiler.spec.ts
 RUNS  ...ages/digitaldefiance-i18n-lib/tests/plugin-translatable-handleable-generic.spec.ts
 RUNS  packages/digitaldefiance-i18n-lib/tests/enum-registry-coverage.spec.ts
 RUNS  packages/digitaldefiance-i18n-lib/tests/utils-index.spec.ts
 RUNS  packages/digitaldefiance-i18n-lib/tests/type-safety-fixes.spec.ts
 RUNS  packages/digitaldefiance-i18n-lib/tests/icu/validator.spec.ts
 RUNS  packages/digitaldefiance-i18n-lib/tests/integration/backward-compatibility.spec.ts
 RUNS  packages/digitaldefiance-i18n-lib/tests/errors/translatable-generic-icu.spec.ts
 RUNS  packages/digitaldefiance-i18n-lib/tests/icu/formatters/select-formatter.spec.ts
 RUNS  packages/digitaldefiance-i18n-lib/tests/context-integration.spec.ts

Test Suites: 67 passed, 67 of 96 total
Tests:       1429 passed, 1429 total
Snapshots:   0 total
Time:        21 s, estimated 24 s
████████████████████████████████████████
 RUNS  packages/digitaldefiance-i18n-lib/tests/circular-dependencies.spec.ts
 RUNS  packages/digitaldefiance-i18n-lib/tests/icu/compiler.spec.ts
 RUNS  ...ages/digitaldefiance-i18n-lib/tests/plugin-translatable-handleable-generic.spec.ts
 RUNS  packages/digitaldefiance-i18n-lib/tests/create-translation-adapter-coverage.spec.ts
 RUNS  packages/digitaldefiance-i18n-lib/tests/utils-index.spec.ts
 RUNS  packages/digitaldefiance-i18n-lib/tests/type-safety-fixes.spec.ts
 RUNS  packages/digitaldefiance-i18n-lib/tests/icu/validator.spec.ts
 RUNS  packages/digitaldefiance-i18n-lib/tests/integration/backward-compatibility.spec.ts
 RUNS  packages/digitaldefiance-i18n-lib/tests/errors/translatable-generic-icu.spec.ts
 RUNS  packages/digitaldefiance-i18n-lib/tests/icu/formatters/select-formatter.spec.ts
 RUNS  packages/digitaldefiance-i18n-lib/tests/context-integration.spec.ts

Test Suites: 68 passed, 68 of 96 total
Tests:       1439 passed, 1439 total
Snapshots:   0 total
Time:        21 s, estimated 24 s
 PASS  packages/digitaldefiance-i18n-lib/tests/errors/translatable-generic-icu.spec.ts�███████████

 RUNS  packages/digitaldefiance-i18n-lib/tests/circular-dependencies.spec.ts
 RUNS  packages/digitaldefiance-i18n-lib/tests/icu/compiler.spec.ts
 RUNS  ...ages/digitaldefiance-i18n-lib/tests/plugin-translatable-handleable-generic.spec.ts
 RUNS  packages/digitaldefiance-i18n-lib/tests/create-translation-adapter-coverage.spec.ts
 RUNS  packages/digitaldefiance-i18n-lib/tests/utils-index.spec.ts
 RUNS  packages/digitaldefiance-i18n-lib/tests/type-safety-fixes.spec.ts
 RUNS  packages/digitaldefiance-i18n-lib/tests/icu/validator.spec.ts
 RUNS  packages/digitaldefiance-i18n-lib/tests/integration/backward-compatibility.spec.ts
 RUNS  packages/digitaldefiance-i18n-lib/tests/errors/translatable-generic-icu.spec.ts
 RUNS  packages/digitaldefiance-i18n-lib/tests/icu/formatters/select-formatter.spec.ts
 RUNS  packages/digitaldefiance-i18n-lib/tests/context-integration.spec.ts

Test Suites: 68 passed, 68 of 96 total
Tests:       1439 passed, 1439 total
Snapshots:   0 total
Time:        21 s, estimated 24 s
████████████████████████████████████████
 RUNS  packages/digitaldefiance-i18n-lib/tests/circular-dependencies.spec.ts
 RUNS  packages/digitaldefiance-i18n-lib/tests/icu/compiler.spec.ts
 RUNS  ...ages/digitaldefiance-i18n-lib/tests/plugin-translatable-handleable-generic.spec.ts
 RUNS  packages/digitaldefiance-i18n-lib/tests/create-translation-adapter-coverage.spec.ts
 RUNS  packages/digitaldefiance-i18n-lib/tests/utils/lru-cache.spec.ts
 RUNS  packages/digitaldefiance-i18n-lib/tests/utils-index.spec.ts
 RUNS  packages/digitaldefiance-i18n-lib/tests/type-safety-fixes.spec.ts
 RUNS  packages/digitaldefiance-i18n-lib/tests/icu/validator.spec.ts
 RUNS  packages/digitaldefiance-i18n-lib/tests/integration/backward-compatibility.spec.ts
 RUNS  packages/digitaldefiance-i18n-lib/tests/icu/formatters/select-formatter.spec.ts
 RUNS  packages/digitaldefiance-i18n-lib/tests/context-integration.spec.ts

Test Suites: 69 passed, 69 of 96 total
Tests:       1455 passed, 1455 total
Snapshots:   0 total
Time:        21 s, estimated 24 s
████████████████████████████████████████
 RUNS  packages/digitaldefiance-i18n-lib/tests/circular-dependencies.spec.ts
 RUNS  packages/digitaldefiance-i18n-lib/tests/icu/compiler.spec.ts
 RUNS  ...ages/digitaldefiance-i18n-lib/tests/plugin-translatable-handleable-generic.spec.ts
 RUNS  packages/digitaldefiance-i18n-lib/tests/create-translation-adapter-coverage.spec.ts
 RUNS  packages/digitaldefiance-i18n-lib/tests/utils/lru-cache.spec.ts
 RUNS  packages/digitaldefiance-i18n-lib/tests/utils-index.spec.ts
 RUNS  packages/digitaldefiance-i18n-lib/tests/type-safety-fixes.spec.ts
 RUNS  packages/digitaldefiance-i18n-lib/tests/icu/validator.spec.ts
 RUNS  packages/digitaldefiance-i18n-lib/tests/integration/backward-compatibility.spec.ts
 RUNS  packages/digitaldefiance-i18n-lib/tests/icu/formatters/select-formatter.spec.ts
 RUNS  packages/digitaldefiance-i18n-lib/tests/context-integration.spec.ts

Test Suites: 69 passed, 69 of 96 total
Tests:       1459 passed, 1459 total
Snapshots:   0 total
Time:        21 s, estimated 24 s
 PASS  packages/digitaldefiance-i18n-lib/tests/type-safety-fixes.spec.ts████████████████

 RUNS  packages/digitaldefiance-i18n-lib/tests/circular-dependencies.spec.ts
 RUNS  packages/digitaldefiance-i18n-lib/tests/icu/compiler.spec.ts
 RUNS  ...ages/digitaldefiance-i18n-lib/tests/plugin-translatable-handleable-generic.spec.ts
 RUNS  packages/digitaldefiance-i18n-lib/tests/create-translation-adapter-coverage.spec.ts
 RUNS  packages/digitaldefiance-i18n-lib/tests/utils/lru-cache.spec.ts
 RUNS  packages/digitaldefiance-i18n-lib/tests/utils-index.spec.ts
 RUNS  packages/digitaldefiance-i18n-lib/tests/type-safety-fixes.spec.ts
 RUNS  packages/digitaldefiance-i18n-lib/tests/icu/validator.spec.ts
 RUNS  packages/digitaldefiance-i18n-lib/tests/integration/backward-compatibility.spec.ts
 RUNS  packages/digitaldefiance-i18n-lib/tests/icu/formatters/select-formatter.spec.ts
 RUNS  packages/digitaldefiance-i18n-lib/tests/context-integration.spec.ts

Test Suites: 69 passed, 69 of 96 total
Tests:       1459 passed, 1459 total
Snapshots:   0 total
Time:        21 s, estimated 24 s
████████████████████████████████████████
 RUNS  packages/digitaldefiance-i18n-lib/tests/circular-dependencies.spec.ts
 RUNS  packages/digitaldefiance-i18n-lib/tests/icu/compiler.spec.ts
 RUNS  ...ages/digitaldefiance-i18n-lib/tests/plugin-translatable-handleable-generic.spec.ts
 RUNS  packages/digitaldefiance-i18n-lib/tests/create-translation-adapter-coverage.spec.ts
 RUNS  packages/digitaldefiance-i18n-lib/tests/utils/lru-cache.spec.ts
 RUNS  packages/digitaldefiance-i18n-lib/tests/utils-index.spec.ts
 RUNS  packages/digitaldefiance-i18n-lib/tests/icu/validator.spec.ts
 RUNS  packages/digitaldefiance-i18n-lib/tests/integration/backward-compatibility.spec.ts
 RUNS  packages/digitaldefiance-i18n-lib/tests/icu/formatters/number-formatter.spec.ts
 RUNS  packages/digitaldefiance-i18n-lib/tests/icu/formatters/select-formatter.spec.ts
 RUNS  packages/digitaldefiance-i18n-lib/tests/context-integration.spec.ts

Test Suites: 70 passed, 70 of 96 total
Tests:       1467 passed, 1467 total
Snapshots:   0 total
Time:        21 s, estimated 24 s
 PASS  packages/digitaldefiance-i18n-lib/tests/icu/formatters/select-formatter.spec.ts�███████████

 RUNS  packages/digitaldefiance-i18n-lib/tests/circular-dependencies.spec.ts
 RUNS  packages/digitaldefiance-i18n-lib/tests/icu/compiler.spec.ts
 RUNS  ...ages/digitaldefiance-i18n-lib/tests/plugin-translatable-handleable-generic.spec.ts
 RUNS  packages/digitaldefiance-i18n-lib/tests/create-translation-adapter-coverage.spec.ts
 RUNS  packages/digitaldefiance-i18n-lib/tests/utils/lru-cache.spec.ts
 RUNS  packages/digitaldefiance-i18n-lib/tests/utils-index.spec.ts
 RUNS  packages/digitaldefiance-i18n-lib/tests/icu/validator.spec.ts
 RUNS  packages/digitaldefiance-i18n-lib/tests/integration/backward-compatibility.spec.ts
 RUNS  packages/digitaldefiance-i18n-lib/tests/icu/formatters/number-formatter.spec.ts
 RUNS  packages/digitaldefiance-i18n-lib/tests/icu/formatters/select-formatter.spec.ts
 RUNS  packages/digitaldefiance-i18n-lib/tests/context-integration.spec.ts

Test Suites: 70 passed, 70 of 96 total
Tests:       1467 passed, 1467 total
Snapshots:   0 total
Time:        21 s, estimated 24 s
████████████████████████████████████████
 RUNS  packages/digitaldefiance-i18n-lib/tests/circular-dependencies.spec.ts
 RUNS  packages/digitaldefiance-i18n-lib/tests/icu/compiler.spec.ts
 RUNS  ...ages/digitaldefiance-i18n-lib/tests/plugin-translatable-handleable-generic.spec.ts
 RUNS  packages/digitaldefiance-i18n-lib/tests/create-translation-adapter-coverage.spec.ts
 RUNS  packages/digitaldefiance-i18n-lib/tests/utils/lru-cache.spec.ts
 RUNS  packages/digitaldefiance-i18n-lib/tests/utils-index.spec.ts
 RUNS  packages/digitaldefiance-i18n-lib/tests/strict-types-coverage.spec.ts
 RUNS  packages/digitaldefiance-i18n-lib/tests/icu/validator.spec.ts
 RUNS  packages/digitaldefiance-i18n-lib/tests/integration/backward-compatibility.spec.ts
 RUNS  packages/digitaldefiance-i18n-lib/tests/icu/formatters/number-formatter.spec.ts
 RUNS  packages/digitaldefiance-i18n-lib/tests/context-integration.spec.ts

Test Suites: 71 passed, 71 of 96 total
Tests:       1486 passed, 1486 total
Snapshots:   0 total
Time:        21 s, estimated 24 s
 PASS  packages/digitaldefiance-i18n-lib/tests/icu/compiler.spec.ts��█████████████████

 RUNS  packages/digitaldefiance-i18n-lib/tests/circular-dependencies.spec.ts
 RUNS  packages/digitaldefiance-i18n-lib/tests/icu/compiler.spec.ts
 RUNS  ...ages/digitaldefiance-i18n-lib/tests/plugin-translatable-handleable-generic.spec.ts
 RUNS  packages/digitaldefiance-i18n-lib/tests/create-translation-adapter-coverage.spec.ts
 RUNS  packages/digitaldefiance-i18n-lib/tests/utils/lru-cache.spec.ts
 RUNS  packages/digitaldefiance-i18n-lib/tests/utils-index.spec.ts
 RUNS  packages/digitaldefiance-i18n-lib/tests/strict-types-coverage.spec.ts
 RUNS  packages/digitaldefiance-i18n-lib/tests/icu/validator.spec.ts
 RUNS  packages/digitaldefiance-i18n-lib/tests/integration/backward-compatibility.spec.ts
 RUNS  packages/digitaldefiance-i18n-lib/tests/icu/formatters/number-formatter.spec.ts
 RUNS  packages/digitaldefiance-i18n-lib/tests/context-integration.spec.ts

Test Suites: 71 passed, 71 of 96 total
Tests:       1486 passed, 1486 total
Snapshots:   0 total
Time:        21 s, estimated 24 s
████████████████████████████████████████
 RUNS  packages/digitaldefiance-i18n-lib/tests/circular-dependencies.spec.ts
 RUNS  ...ages/digitaldefiance-i18n-lib/tests/plugin-translatable-handleable-generic.spec.ts
 RUNS  packages/digitaldefiance-i18n-lib/tests/create-translation-adapter-coverage.spec.ts
 RUNS  packages/digitaldefiance-i18n-lib/tests/utils/lru-cache.spec.ts
 RUNS  packages/digitaldefiance-i18n-lib/tests/utils-index.spec.ts
 RUNS  packages/digitaldefiance-i18n-lib/tests/strict-types-coverage.spec.ts
 RUNS  packages/digitaldefiance-i18n-lib/tests/icu/validator.spec.ts
 RUNS  packages/digitaldefiance-i18n-lib/tests/integration/backward-compatibility.spec.ts
 RUNS  packages/digitaldefiance-i18n-lib/tests/icu/formatters/number-formatter.spec.ts
 RUNS  ...ages/digitaldefiance-i18n-lib/tests/icu/formatters/selectordinal-formatter.spec.ts
 RUNS  packages/digitaldefiance-i18n-lib/tests/context-integration.spec.ts

Test Suites: 72 passed, 72 of 96 total
Tests:       1502 passed, 1502 total
Snapshots:   0 total
Time:        21 s, estimated 24 s
 PASS  packages/digitaldefiance-i18n-lib/tests/plugin-translatable-handleable-generic.spec.ts█████████

 RUNS  packages/digitaldefiance-i18n-lib/tests/circular-dependencies.spec.ts
 RUNS  ...ages/digitaldefiance-i18n-lib/tests/plugin-translatable-handleable-generic.spec.ts
 RUNS  packages/digitaldefiance-i18n-lib/tests/create-translation-adapter-coverage.spec.ts
 RUNS  packages/digitaldefiance-i18n-lib/tests/utils/lru-cache.spec.ts
 RUNS  packages/digitaldefiance-i18n-lib/tests/utils-index.spec.ts
 RUNS  packages/digitaldefiance-i18n-lib/tests/strict-types-coverage.spec.ts
 RUNS  packages/digitaldefiance-i18n-lib/tests/icu/validator.spec.ts
 RUNS  packages/digitaldefiance-i18n-lib/tests/integration/backward-compatibility.spec.ts
 RUNS  packages/digitaldefiance-i18n-lib/tests/icu/formatters/number-formatter.spec.ts
 RUNS  ...ages/digitaldefiance-i18n-lib/tests/icu/formatters/selectordinal-formatter.spec.ts
 RUNS  packages/digitaldefiance-i18n-lib/tests/context-integration.spec.ts

Test Suites: 72 passed, 72 of 96 total
Tests:       1502 passed, 1502 total
Snapshots:   0 total
Time:        21 s, estimated 24 s
 PASS  packages/digitaldefiance-i18n-lib/tests/utils-index.spec.ts██████████████████

 RUNS  packages/digitaldefiance-i18n-lib/tests/circular-dependencies.spec.ts
 RUNS  ...ages/digitaldefiance-i18n-lib/tests/plugin-translatable-handleable-generic.spec.ts
 RUNS  packages/digitaldefiance-i18n-lib/tests/create-translation-adapter-coverage.spec.ts
 RUNS  packages/digitaldefiance-i18n-lib/tests/utils/lru-cache.spec.ts
 RUNS  packages/digitaldefiance-i18n-lib/tests/utils-index.spec.ts
 RUNS  packages/digitaldefiance-i18n-lib/tests/strict-types-coverage.spec.ts
 RUNS  packages/digitaldefiance-i18n-lib/tests/icu/validator.spec.ts
 RUNS  packages/digitaldefiance-i18n-lib/tests/integration/backward-compatibility.spec.ts
 RUNS  packages/digitaldefiance-i18n-lib/tests/icu/formatters/number-formatter.spec.ts
 RUNS  ...ages/digitaldefiance-i18n-lib/tests/icu/formatters/selectordinal-formatter.spec.ts
 RUNS  packages/digitaldefiance-i18n-lib/tests/context-integration.spec.ts

Test Suites: 72 passed, 72 of 96 total
Tests:       1502 passed, 1502 total
Snapshots:   0 total
Time:        21 s, estimated 24 s
████████████████████████████████████████
 RUNS  packages/digitaldefiance-i18n-lib/tests/circular-dependencies.spec.ts
 RUNS  packages/digitaldefiance-i18n-lib/tests/simple-typed-error.spec.ts
 RUNS  packages/digitaldefiance-i18n-lib/tests/template-processing.spec.ts
 RUNS  packages/digitaldefiance-i18n-lib/tests/create-translation-adapter-coverage.spec.ts
 RUNS  packages/digitaldefiance-i18n-lib/tests/utils/lru-cache.spec.ts
 RUNS  packages/digitaldefiance-i18n-lib/tests/strict-types-coverage.spec.ts
 RUNS  packages/digitaldefiance-i18n-lib/tests/icu/validator.spec.ts
 RUNS  packages/digitaldefiance-i18n-lib/tests/integration/backward-compatibility.spec.ts
 RUNS  packages/digitaldefiance-i18n-lib/tests/icu/formatters/number-formatter.spec.ts
 RUNS  ...ages/digitaldefiance-i18n-lib/tests/icu/formatters/selectordinal-formatter.spec.ts
 RUNS  packages/digitaldefiance-i18n-lib/tests/context-integration.spec.ts

Test Suites: 74 passed, 74 of 96 total
Tests:       1542 passed, 1542 total
Snapshots:   0 total
Time:        21 s, estimated 24 s
 PASS  packages/digitaldefiance-i18n-lib/tests/integration/backward-compatibility.spec.ts�██████████

 RUNS  packages/digitaldefiance-i18n-lib/tests/circular-dependencies.spec.ts
 RUNS  packages/digitaldefiance-i18n-lib/tests/simple-typed-error.spec.ts
 RUNS  packages/digitaldefiance-i18n-lib/tests/template-processing.spec.ts
 RUNS  packages/digitaldefiance-i18n-lib/tests/create-translation-adapter-coverage.spec.ts
 RUNS  packages/digitaldefiance-i18n-lib/tests/utils/lru-cache.spec.ts
 RUNS  packages/digitaldefiance-i18n-lib/tests/strict-types-coverage.spec.ts
 RUNS  packages/digitaldefiance-i18n-lib/tests/icu/validator.spec.ts
 RUNS  packages/digitaldefiance-i18n-lib/tests/integration/backward-compatibility.spec.ts
 RUNS  packages/digitaldefiance-i18n-lib/tests/icu/formatters/number-formatter.spec.ts
 RUNS  ...ages/digitaldefiance-i18n-lib/tests/icu/formatters/selectordinal-formatter.spec.ts
 RUNS  packages/digitaldefiance-i18n-lib/tests/context-integration.spec.ts

Test Suites: 74 passed, 74 of 96 total
Tests:       1542 passed, 1542 total
Snapshots:   0 total
Time:        21 s, estimated 24 s
 PASS  packages/digitaldefiance-i18n-lib/tests/utils/lru-cache.spec.ts��████████████████

 RUNS  packages/digitaldefiance-i18n-lib/tests/circular-dependencies.spec.ts
 RUNS  packages/digitaldefiance-i18n-lib/tests/simple-typed-error.spec.ts
 RUNS  packages/digitaldefiance-i18n-lib/tests/template-processing.spec.ts
 RUNS  packages/digitaldefiance-i18n-lib/tests/create-translation-adapter-coverage.spec.ts
 RUNS  packages/digitaldefiance-i18n-lib/tests/utils/lru-cache.spec.ts
 RUNS  packages/digitaldefiance-i18n-lib/tests/strict-types-coverage.spec.ts
 RUNS  packages/digitaldefiance-i18n-lib/tests/icu/validator.spec.ts
 RUNS  packages/digitaldefiance-i18n-lib/tests/integration/backward-compatibility.spec.ts
 RUNS  packages/digitaldefiance-i18n-lib/tests/icu/formatters/number-formatter.spec.ts
 RUNS  ...ages/digitaldefiance-i18n-lib/tests/icu/formatters/selectordinal-formatter.spec.ts
 RUNS  packages/digitaldefiance-i18n-lib/tests/context-integration.spec.ts

Test Suites: 74 passed, 74 of 96 total
Tests:       1542 passed, 1542 total
Snapshots:   0 total
Time:        21 s, estimated 24 s
 PASS  packages/digitaldefiance-i18n-lib/tests/icu/validator.spec.ts�█████████████████

 RUNS  packages/digitaldefiance-i18n-lib/tests/circular-dependencies.spec.ts
 RUNS  packages/digitaldefiance-i18n-lib/tests/simple-typed-error.spec.ts
 RUNS  packages/digitaldefiance-i18n-lib/tests/template-processing.spec.ts
 RUNS  packages/digitaldefiance-i18n-lib/tests/create-translation-adapter-coverage.spec.ts
 RUNS  packages/digitaldefiance-i18n-lib/tests/utils/lru-cache.spec.ts
 RUNS  packages/digitaldefiance-i18n-lib/tests/strict-types-coverage.spec.ts
 RUNS  packages/digitaldefiance-i18n-lib/tests/icu/validator.spec.ts
 RUNS  packages/digitaldefiance-i18n-lib/tests/integration/backward-compatibility.spec.ts
 RUNS  packages/digitaldefiance-i18n-lib/tests/icu/formatters/number-formatter.spec.ts
 RUNS  ...ages/digitaldefiance-i18n-lib/tests/icu/formatters/selectordinal-formatter.spec.ts
 RUNS  packages/digitaldefiance-i18n-lib/tests/context-integration.spec.ts

Test Suites: 74 passed, 74 of 96 total
Tests:       1542 passed, 1542 total
Snapshots:   0 total
Time:        21 s, estimated 24 s
 PASS  packages/digitaldefiance-i18n-lib/tests/icu/formatters/number-formatter.spec.ts�███████████

 RUNS  packages/digitaldefiance-i18n-lib/tests/circular-dependencies.spec.ts
 RUNS  packages/digitaldefiance-i18n-lib/tests/simple-typed-error.spec.ts
 RUNS  packages/digitaldefiance-i18n-lib/tests/template-processing.spec.ts
 RUNS  packages/digitaldefiance-i18n-lib/tests/create-translation-adapter-coverage.spec.ts
 RUNS  packages/digitaldefiance-i18n-lib/tests/utils/lru-cache.spec.ts
 RUNS  packages/digitaldefiance-i18n-lib/tests/strict-types-coverage.spec.ts
 RUNS  packages/digitaldefiance-i18n-lib/tests/icu/validator.spec.ts
 RUNS  packages/digitaldefiance-i18n-lib/tests/integration/backward-compatibility.spec.ts
 RUNS  packages/digitaldefiance-i18n-lib/tests/icu/formatters/number-formatter.spec.ts
 RUNS  ...ages/digitaldefiance-i18n-lib/tests/icu/formatters/selectordinal-formatter.spec.ts
 RUNS  packages/digitaldefiance-i18n-lib/tests/context-integration.spec.ts

Test Suites: 74 passed, 74 of 96 total
Tests:       1542 passed, 1542 total
Snapshots:   0 total
Time:        21 s, estimated 24 s
████████████████████████████████████████
 RUNS  packages/digitaldefiance-i18n-lib/tests/circular-dependencies.spec.ts
 RUNS  packages/digitaldefiance-i18n-lib/tests/simple-typed-error.spec.ts
 RUNS  packages/digitaldefiance-i18n-lib/tests/template-processing.spec.ts
 RUNS  packages/digitaldefiance-i18n-lib/tests/create-translation-adapter-coverage.spec.ts
 RUNS  packages/digitaldefiance-i18n-lib/tests/context-error.spec.ts
 RUNS  packages/digitaldefiance-i18n-lib/tests/icu/parser-comprehensive.spec.ts
 RUNS  packages/digitaldefiance-i18n-lib/tests/strict-types-coverage.spec.ts
 RUNS  packages/digitaldefiance-i18n-lib/tests/types/plural-types.spec.ts
 RUNS  packages/digitaldefiance-i18n-lib/tests/core/component-store-plurals.spec.ts
 RUNS  ...ages/digitaldefiance-i18n-lib/tests/icu/formatters/selectordinal-formatter.spec.ts
 RUNS  packages/digitaldefiance-i18n-lib/tests/context-integration.spec.ts

Test Suites: 78 passed, 78 of 96 total
Tests:       1571 passed, 1571 total
Snapshots:   0 total
Time:        21 s, estimated 24 s
 PASS  packages/digitaldefiance-i18n-lib/tests/icu/formatters/selectordinal-formatter.spec.ts█████████

 RUNS  packages/digitaldefiance-i18n-lib/tests/circular-dependencies.spec.ts
 RUNS  packages/digitaldefiance-i18n-lib/tests/simple-typed-error.spec.ts
 RUNS  packages/digitaldefiance-i18n-lib/tests/template-processing.spec.ts
 RUNS  packages/digitaldefiance-i18n-lib/tests/create-translation-adapter-coverage.spec.ts
 RUNS  packages/digitaldefiance-i18n-lib/tests/context-error.spec.ts
 RUNS  packages/digitaldefiance-i18n-lib/tests/icu/parser-comprehensive.spec.ts
 RUNS  packages/digitaldefiance-i18n-lib/tests/strict-types-coverage.spec.ts
 RUNS  packages/digitaldefiance-i18n-lib/tests/types/plural-types.spec.ts
 RUNS  packages/digitaldefiance-i18n-lib/tests/core/component-store-plurals.spec.ts
 RUNS  ...ages/digitaldefiance-i18n-lib/tests/icu/formatters/selectordinal-formatter.spec.ts
 RUNS  packages/digitaldefiance-i18n-lib/tests/context-integration.spec.ts

Test Suites: 78 passed, 78 of 96 total
Tests:       1571 passed, 1571 total
Snapshots:   0 total
Time:        21 s, estimated 24 s
████████████████████████████████████████
 RUNS  packages/digitaldefiance-i18n-lib/tests/circular-dependencies.spec.ts
 RUNS  packages/digitaldefiance-i18n-lib/tests/simple-typed-error.spec.ts
 RUNS  packages/digitaldefiance-i18n-lib/tests/template-processing.spec.ts
 RUNS  packages/digitaldefiance-i18n-lib/tests/create-translation-adapter-coverage.spec.ts
 RUNS  packages/digitaldefiance-i18n-lib/tests/context-error.spec.ts
 RUNS  packages/digitaldefiance-i18n-lib/tests/icu/parser-comprehensive.spec.ts
 RUNS  packages/digitaldefiance-i18n-lib/tests/strict-types-coverage.spec.ts
 RUNS  packages/digitaldefiance-i18n-lib/tests/types/plural-types.spec.ts
 RUNS  packages/digitaldefiance-i18n-lib/tests/core/component-store-plurals.spec.ts
 RUNS  packages/digitaldefiance-i18n-lib/tests/gender/gender-resolver.spec.ts
 RUNS  packages/digitaldefiance-i18n-lib/tests/context-integration.spec.ts

Test Suites: 79 passed, 79 of 96 total
Tests:       1584 passed, 1584 total
Snapshots:   0 total
Time:        22 s, estimated 24 s
████████████████████████████████████████
 RUNS  packages/digitaldefiance-i18n-lib/tests/circular-dependencies.spec.ts
 RUNS  packages/digitaldefiance-i18n-lib/tests/simple-typed-error.spec.ts
 RUNS  packages/digitaldefiance-i18n-lib/tests/template-processing.spec.ts
 RUNS  packages/digitaldefiance-i18n-lib/tests/create-translation-adapter-coverage.spec.ts
 RUNS  packages/digitaldefiance-i18n-lib/tests/context-error.spec.ts
 RUNS  packages/digitaldefiance-i18n-lib/tests/icu/parser-comprehensive.spec.ts
 RUNS  packages/digitaldefiance-i18n-lib/tests/strict-types-coverage.spec.ts
 RUNS  packages/digitaldefiance-i18n-lib/tests/types/plural-types.spec.ts
 RUNS  packages/digitaldefiance-i18n-lib/tests/core/component-store-plurals.spec.ts
 RUNS  packages/digitaldefiance-i18n-lib/tests/gender/gender-resolver.spec.ts
 RUNS  packages/digitaldefiance-i18n-lib/tests/context-integration.spec.ts

Test Suites: 79 passed, 79 of 96 total
Tests:       1611 passed, 1611 total
Snapshots:   0 total
Time:        22 s, estimated 24 s
 PASS  packages/digitaldefiance-i18n-lib/tests/simple-typed-error.spec.ts��███████████████

 RUNS  packages/digitaldefiance-i18n-lib/tests/circular-dependencies.spec.ts
 RUNS  packages/digitaldefiance-i18n-lib/tests/simple-typed-error.spec.ts
 RUNS  packages/digitaldefiance-i18n-lib/tests/template-processing.spec.ts
 RUNS  packages/digitaldefiance-i18n-lib/tests/create-translation-adapter-coverage.spec.ts
 RUNS  packages/digitaldefiance-i18n-lib/tests/context-error.spec.ts
 RUNS  packages/digitaldefiance-i18n-lib/tests/icu/parser-comprehensive.spec.ts
 RUNS  packages/digitaldefiance-i18n-lib/tests/strict-types-coverage.spec.ts
 RUNS  packages/digitaldefiance-i18n-lib/tests/types/plural-types.spec.ts
 RUNS  packages/digitaldefiance-i18n-lib/tests/core/component-store-plurals.spec.ts
 RUNS  packages/digitaldefiance-i18n-lib/tests/gender/gender-resolver.spec.ts
 RUNS  packages/digitaldefiance-i18n-lib/tests/context-integration.spec.ts

Test Suites: 79 passed, 79 of 96 total
Tests:       1611 passed, 1611 total
Snapshots:   0 total
Time:        22 s, estimated 24 s
 PASS  packages/digitaldefiance-i18n-lib/tests/context-integration.spec.ts�███████████████

 RUNS  packages/digitaldefiance-i18n-lib/tests/circular-dependencies.spec.ts
 RUNS  packages/digitaldefiance-i18n-lib/tests/simple-typed-error.spec.ts
 RUNS  packages/digitaldefiance-i18n-lib/tests/template-processing.spec.ts
 RUNS  packages/digitaldefiance-i18n-lib/tests/create-translation-adapter-coverage.spec.ts
 RUNS  packages/digitaldefiance-i18n-lib/tests/context-error.spec.ts
 RUNS  packages/digitaldefiance-i18n-lib/tests/icu/parser-comprehensive.spec.ts
 RUNS  packages/digitaldefiance-i18n-lib/tests/strict-types-coverage.spec.ts
 RUNS  packages/digitaldefiance-i18n-lib/tests/types/plural-types.spec.ts
 RUNS  packages/digitaldefiance-i18n-lib/tests/core/component-store-plurals.spec.ts
 RUNS  packages/digitaldefiance-i18n-lib/tests/gender/gender-resolver.spec.ts
 RUNS  packages/digitaldefiance-i18n-lib/tests/context-integration.spec.ts

Test Suites: 79 passed, 79 of 96 total
Tests:       1611 passed, 1611 total
Snapshots:   0 total
Time:        22 s, estimated 24 s
 PASS  packages/digitaldefiance-i18n-lib/tests/strict-types-coverage.spec.ts��██████████████

 RUNS  packages/digitaldefiance-i18n-lib/tests/circular-dependencies.spec.ts
 RUNS  packages/digitaldefiance-i18n-lib/tests/simple-typed-error.spec.ts
 RUNS  packages/digitaldefiance-i18n-lib/tests/template-processing.spec.ts
 RUNS  packages/digitaldefiance-i18n-lib/tests/create-translation-adapter-coverage.spec.ts
 RUNS  packages/digitaldefiance-i18n-lib/tests/context-error.spec.ts
 RUNS  packages/digitaldefiance-i18n-lib/tests/icu/parser-comprehensive.spec.ts
 RUNS  packages/digitaldefiance-i18n-lib/tests/strict-types-coverage.spec.ts
 RUNS  packages/digitaldefiance-i18n-lib/tests/types/plural-types.spec.ts
 RUNS  packages/digitaldefiance-i18n-lib/tests/core/component-store-plurals.spec.ts
 RUNS  packages/digitaldefiance-i18n-lib/tests/gender/gender-resolver.spec.ts
 RUNS  packages/digitaldefiance-i18n-lib/tests/context-integration.spec.ts

Test Suites: 79 passed, 79 of 96 total
Tests:       1611 passed, 1611 total
Snapshots:   0 total
Time:        22 s, estimated 24 s
 PASS  packages/digitaldefiance-i18n-lib/tests/create-translation-adapter-coverage.spec.ts██████████

 RUNS  packages/digitaldefiance-i18n-lib/tests/circular-dependencies.spec.ts
 RUNS  packages/digitaldefiance-i18n-lib/tests/simple-typed-error.spec.ts
 RUNS  packages/digitaldefiance-i18n-lib/tests/template-processing.spec.ts
 RUNS  packages/digitaldefiance-i18n-lib/tests/create-translation-adapter-coverage.spec.ts
 RUNS  packages/digitaldefiance-i18n-lib/tests/context-error.spec.ts
 RUNS  packages/digitaldefiance-i18n-lib/tests/icu/parser-comprehensive.spec.ts
 RUNS  packages/digitaldefiance-i18n-lib/tests/strict-types-coverage.spec.ts
 RUNS  packages/digitaldefiance-i18n-lib/tests/types/plural-types.spec.ts
 RUNS  packages/digitaldefiance-i18n-lib/tests/core/component-store-plurals.spec.ts
 RUNS  packages/digitaldefiance-i18n-lib/tests/gender/gender-resolver.spec.ts
 RUNS  packages/digitaldefiance-i18n-lib/tests/context-integration.spec.ts

Test Suites: 79 passed, 79 of 96 total
Tests:       1611 passed, 1611 total
Snapshots:   0 total
Time:        22 s, estimated 24 s
████████████████████████████████████████
 RUNS  packages/digitaldefiance-i18n-lib/tests/circular-dependencies.spec.ts
 RUNS  packages/digitaldefiance-i18n-lib/tests/types.spec.ts
 RUNS  packages/digitaldefiance-i18n-lib/tests/template-processing.spec.ts
 RUNS  packages/digitaldefiance-i18n-lib/tests/context-error.spec.ts
 RUNS  packages/digitaldefiance-i18n-lib/tests/icu/parser-comprehensive.spec.ts
 RUNS  packages/digitaldefiance-i18n-lib/tests/strict-types.spec.ts
 RUNS  packages/digitaldefiance-i18n-lib/tests/types/plural-types.spec.ts
 RUNS  packages/digitaldefiance-i18n-lib/tests/core/component-store-plurals.spec.ts
 RUNS  packages/digitaldefiance-i18n-lib/tests/gender/gender-resolver.spec.ts
 RUNS  packages/digitaldefiance-i18n-lib/tests/icu/formatter-registry.spec.ts
 RUNS  packages/digitaldefiance-i18n-lib/tests/icu/formatters/date-formatter.spec.ts

Test Suites: 83 passed, 83 of 96 total
Tests:       1637 passed, 1637 total
Snapshots:   0 total
Time:        22 s, estimated 24 s
 PASS  packages/digitaldefiance-i18n-lib/tests/template-processing.spec.ts�███████████████

 RUNS  packages/digitaldefiance-i18n-lib/tests/circular-dependencies.spec.ts
 RUNS  packages/digitaldefiance-i18n-lib/tests/types.spec.ts
 RUNS  packages/digitaldefiance-i18n-lib/tests/template-processing.spec.ts
 RUNS  packages/digitaldefiance-i18n-lib/tests/context-error.spec.ts
 RUNS  packages/digitaldefiance-i18n-lib/tests/icu/parser-comprehensive.spec.ts
 RUNS  packages/digitaldefiance-i18n-lib/tests/strict-types.spec.ts
 RUNS  packages/digitaldefiance-i18n-lib/tests/types/plural-types.spec.ts
 RUNS  packages/digitaldefiance-i18n-lib/tests/core/component-store-plurals.spec.ts
 RUNS  packages/digitaldefiance-i18n-lib/tests/gender/gender-resolver.spec.ts
 RUNS  packages/digitaldefiance-i18n-lib/tests/icu/formatter-registry.spec.ts
 RUNS  packages/digitaldefiance-i18n-lib/tests/icu/formatters/date-formatter.spec.ts

Test Suites: 83 passed, 83 of 96 total
Tests:       1637 passed, 1637 total
Snapshots:   0 total
Time:        22 s, estimated 24 s
 PASS  packages/digitaldefiance-i18n-lib/tests/context-error.spec.ts�█████████████████

 RUNS  packages/digitaldefiance-i18n-lib/tests/circular-dependencies.spec.ts
 RUNS  packages/digitaldefiance-i18n-lib/tests/types.spec.ts
 RUNS  packages/digitaldefiance-i18n-lib/tests/template-processing.spec.ts
 RUNS  packages/digitaldefiance-i18n-lib/tests/context-error.spec.ts
 RUNS  packages/digitaldefiance-i18n-lib/tests/icu/parser-comprehensive.spec.ts
 RUNS  packages/digitaldefiance-i18n-lib/tests/strict-types.spec.ts
 RUNS  packages/digitaldefiance-i18n-lib/tests/types/plural-types.spec.ts
 RUNS  packages/digitaldefiance-i18n-lib/tests/core/component-store-plurals.spec.ts
 RUNS  packages/digitaldefiance-i18n-lib/tests/gender/gender-resolver.spec.ts
 RUNS  packages/digitaldefiance-i18n-lib/tests/icu/formatter-registry.spec.ts
 RUNS  packages/digitaldefiance-i18n-lib/tests/icu/formatters/date-formatter.spec.ts

Test Suites: 83 passed, 83 of 96 total
Tests:       1637 passed, 1637 total
Snapshots:   0 total
Time:        22 s, estimated 24 s
 PASS  packages/digitaldefiance-i18n-lib/tests/gender/gender-resolver.spec.ts�██████████████

 RUNS  packages/digitaldefiance-i18n-lib/tests/circular-dependencies.spec.ts
 RUNS  packages/digitaldefiance-i18n-lib/tests/types.spec.ts
 RUNS  packages/digitaldefiance-i18n-lib/tests/template-processing.spec.ts
 RUNS  packages/digitaldefiance-i18n-lib/tests/context-error.spec.ts
 RUNS  packages/digitaldefiance-i18n-lib/tests/icu/parser-comprehensive.spec.ts
 RUNS  packages/digitaldefiance-i18n-lib/tests/strict-types.spec.ts
 RUNS  packages/digitaldefiance-i18n-lib/tests/types/plural-types.spec.ts
 RUNS  packages/digitaldefiance-i18n-lib/tests/core/component-store-plurals.spec.ts
 RUNS  packages/digitaldefiance-i18n-lib/tests/gender/gender-resolver.spec.ts
 RUNS  packages/digitaldefiance-i18n-lib/tests/icu/formatter-registry.spec.ts
 RUNS  packages/digitaldefiance-i18n-lib/tests/icu/formatters/date-formatter.spec.ts

Test Suites: 83 passed, 83 of 96 total
Tests:       1637 passed, 1637 total
Snapshots:   0 total
Time:        22 s, estimated 24 s
████████████████████████████████████████
 RUNS  packages/digitaldefiance-i18n-lib/tests/circular-dependencies.spec.ts
 RUNS  packages/digitaldefiance-i18n-lib/tests/types.spec.ts
 RUNS  packages/digitaldefiance-i18n-lib/tests/template-security.spec.ts
 RUNS  packages/digitaldefiance-i18n-lib/tests/security/xss.spec.ts
 RUNS  packages/digitaldefiance-i18n-lib/tests/icu/parser-comprehensive.spec.ts
 RUNS  packages/digitaldefiance-i18n-lib/tests/strict-types.spec.ts
 RUNS  packages/digitaldefiance-i18n-lib/tests/types/plural-types.spec.ts
 RUNS  packages/digitaldefiance-i18n-lib/tests/core/component-store-plurals.spec.ts
 RUNS  packages/digitaldefiance-i18n-lib/tests/icu/formatter-registry.spec.ts
 RUNS  packages/digitaldefiance-i18n-lib/tests/icu/formatters/date-formatter.spec.ts

Test Suites: 86 passed, 86 of 96 total
Tests:       1656 passed, 1656 total
Snapshots:   0 total
Time:        22 s, estimated 24 s
 PASS  packages/digitaldefiance-i18n-lib/tests/types/plural-types.spec.ts��███████████████

 RUNS  packages/digitaldefiance-i18n-lib/tests/circular-dependencies.spec.ts
 RUNS  packages/digitaldefiance-i18n-lib/tests/types.spec.ts
 RUNS  packages/digitaldefiance-i18n-lib/tests/template-security.spec.ts
 RUNS  packages/digitaldefiance-i18n-lib/tests/security/xss.spec.ts
 RUNS  packages/digitaldefiance-i18n-lib/tests/icu/parser-comprehensive.spec.ts
 RUNS  packages/digitaldefiance-i18n-lib/tests/strict-types.spec.ts
 RUNS  packages/digitaldefiance-i18n-lib/tests/types/plural-types.spec.ts
 RUNS  packages/digitaldefiance-i18n-lib/tests/core/component-store-plurals.spec.ts
 RUNS  packages/digitaldefiance-i18n-lib/tests/icu/formatter-registry.spec.ts
 RUNS  packages/digitaldefiance-i18n-lib/tests/icu/formatters/date-formatter.spec.ts

Test Suites: 86 passed, 86 of 96 total
Tests:       1656 passed, 1656 total
Snapshots:   0 total
Time:        22 s, estimated 24 s
████████████████████████████████████████
 RUNS  packages/digitaldefiance-i18n-lib/tests/circular-dependencies.spec.ts
 RUNS  packages/digitaldefiance-i18n-lib/tests/types.spec.ts
 RUNS  packages/digitaldefiance-i18n-lib/tests/template-security.spec.ts
 RUNS  packages/digitaldefiance-i18n-lib/tests/security/xss.spec.ts
 RUNS  packages/digitaldefiance-i18n-lib/tests/icu/parser-comprehensive.spec.ts
 RUNS  packages/digitaldefiance-i18n-lib/tests/strict-types.spec.ts
 RUNS  packages/digitaldefiance-i18n-lib/tests/core/component-store-plurals.spec.ts
 RUNS  packages/digitaldefiance-i18n-lib/tests/icu/formatter-registry.spec.ts
 RUNS  packages/digitaldefiance-i18n-lib/tests/icu/formatters/date-formatter.spec.ts

Test Suites: 87 passed, 87 of 96 total
Tests:       1693 passed, 1693 total
Snapshots:   0 total
Time:        22 s, estimated 24 s
 PASS  packages/digitaldefiance-i18n-lib/tests/strict-types.spec.ts��█████████████████

 RUNS  packages/digitaldefiance-i18n-lib/tests/circular-dependencies.spec.ts
 RUNS  packages/digitaldefiance-i18n-lib/tests/types.spec.ts
 RUNS  packages/digitaldefiance-i18n-lib/tests/template-security.spec.ts
 RUNS  packages/digitaldefiance-i18n-lib/tests/security/xss.spec.ts
 RUNS  packages/digitaldefiance-i18n-lib/tests/icu/parser-comprehensive.spec.ts
 RUNS  packages/digitaldefiance-i18n-lib/tests/strict-types.spec.ts
 RUNS  packages/digitaldefiance-i18n-lib/tests/core/component-store-plurals.spec.ts
 RUNS  packages/digitaldefiance-i18n-lib/tests/icu/formatter-registry.spec.ts
 RUNS  packages/digitaldefiance-i18n-lib/tests/icu/formatters/date-formatter.spec.ts

Test Suites: 87 passed, 87 of 96 total
Tests:       1693 passed, 1693 total
Snapshots:   0 total
Time:        22 s, estimated 24 s
 PASS  packages/digitaldefiance-i18n-lib/tests/icu/formatters/date-formatter.spec.ts████████████

 RUNS  packages/digitaldefiance-i18n-lib/tests/circular-dependencies.spec.ts
 RUNS  packages/digitaldefiance-i18n-lib/tests/types.spec.ts
 RUNS  packages/digitaldefiance-i18n-lib/tests/template-security.spec.ts
 RUNS  packages/digitaldefiance-i18n-lib/tests/security/xss.spec.ts
 RUNS  packages/digitaldefiance-i18n-lib/tests/icu/parser-comprehensive.spec.ts
 RUNS  packages/digitaldefiance-i18n-lib/tests/strict-types.spec.ts
 RUNS  packages/digitaldefiance-i18n-lib/tests/core/component-store-plurals.spec.ts
 RUNS  packages/digitaldefiance-i18n-lib/tests/icu/formatter-registry.spec.ts
 RUNS  packages/digitaldefiance-i18n-lib/tests/icu/formatters/date-formatter.spec.ts

Test Suites: 87 passed, 87 of 96 total
Tests:       1693 passed, 1693 total
Snapshots:   0 total
Time:        22 s, estimated 24 s
████████████████████████████████████████
 RUNS  packages/digitaldefiance-i18n-lib/tests/circular-dependencies.spec.ts
 RUNS  packages/digitaldefiance-i18n-lib/tests/types.spec.ts
 RUNS  packages/digitaldefiance-i18n-lib/tests/template-security.spec.ts
 RUNS  packages/digitaldefiance-i18n-lib/tests/security/xss.spec.ts
 RUNS  packages/digitaldefiance-i18n-lib/tests/icu/parser-comprehensive.spec.ts
 RUNS  packages/digitaldefiance-i18n-lib/tests/core/component-store-plurals.spec.ts
 RUNS  packages/digitaldefiance-i18n-lib/tests/icu/formatter-registry.spec.ts

Test Suites: 89 passed, 89 of 96 total
Tests:       1745 passed, 1745 total
Snapshots:   0 total
Time:        22 s, estimated 24 s
 PASS  packages/digitaldefiance-i18n-lib/tests/core/component-store-plurals.spec.ts�████████████

 RUNS  packages/digitaldefiance-i18n-lib/tests/circular-dependencies.spec.ts
 RUNS  packages/digitaldefiance-i18n-lib/tests/types.spec.ts
 RUNS  packages/digitaldefiance-i18n-lib/tests/template-security.spec.ts
 RUNS  packages/digitaldefiance-i18n-lib/tests/security/xss.spec.ts
 RUNS  packages/digitaldefiance-i18n-lib/tests/icu/parser-comprehensive.spec.ts
 RUNS  packages/digitaldefiance-i18n-lib/tests/core/component-store-plurals.spec.ts
 RUNS  packages/digitaldefiance-i18n-lib/tests/icu/formatter-registry.spec.ts

Test Suites: 89 passed, 89 of 96 total
Tests:       1745 passed, 1745 total
Snapshots:   0 total
Time:        22 s, estimated 24 s
 PASS  packages/digitaldefiance-i18n-lib/tests/template-security.spec.ts████████████████

 RUNS  packages/digitaldefiance-i18n-lib/tests/circular-dependencies.spec.ts
 RUNS  packages/digitaldefiance-i18n-lib/tests/types.spec.ts
 RUNS  packages/digitaldefiance-i18n-lib/tests/template-security.spec.ts
 RUNS  packages/digitaldefiance-i18n-lib/tests/security/xss.spec.ts
 RUNS  packages/digitaldefiance-i18n-lib/tests/icu/parser-comprehensive.spec.ts
 RUNS  packages/digitaldefiance-i18n-lib/tests/core/component-store-plurals.spec.ts
 RUNS  packages/digitaldefiance-i18n-lib/tests/icu/formatter-registry.spec.ts

Test Suites: 89 passed, 89 of 96 total
Tests:       1745 passed, 1745 total
Snapshots:   0 total
Time:        22 s, estimated 24 s
 PASS  packages/digitaldefiance-i18n-lib/tests/icu/parser-comprehensive.spec.ts��█████████████

 RUNS  packages/digitaldefiance-i18n-lib/tests/circular-dependencies.spec.ts
 RUNS  packages/digitaldefiance-i18n-lib/tests/types.spec.ts
 RUNS  packages/digitaldefiance-i18n-lib/tests/template-security.spec.ts
 RUNS  packages/digitaldefiance-i18n-lib/tests/security/xss.spec.ts
 RUNS  packages/digitaldefiance-i18n-lib/tests/icu/parser-comprehensive.spec.ts
 RUNS  packages/digitaldefiance-i18n-lib/tests/core/component-store-plurals.spec.ts
 RUNS  packages/digitaldefiance-i18n-lib/tests/icu/formatter-registry.spec.ts

Test Suites: 89 passed, 89 of 96 total
Tests:       1745 passed, 1745 total
Snapshots:   0 total
Time:        22 s, estimated 24 s
 PASS  packages/digitaldefiance-i18n-lib/tests/types.spec.ts████████████████████

 RUNS  packages/digitaldefiance-i18n-lib/tests/circular-dependencies.spec.ts
 RUNS  packages/digitaldefiance-i18n-lib/tests/types.spec.ts
 RUNS  packages/digitaldefiance-i18n-lib/tests/template-security.spec.ts
 RUNS  packages/digitaldefiance-i18n-lib/tests/security/xss.spec.ts
 RUNS  packages/digitaldefiance-i18n-lib/tests/icu/parser-comprehensive.spec.ts
 RUNS  packages/digitaldefiance-i18n-lib/tests/core/component-store-plurals.spec.ts
 RUNS  packages/digitaldefiance-i18n-lib/tests/icu/formatter-registry.spec.ts

Test Suites: 89 passed, 89 of 96 total
Tests:       1745 passed, 1745 total
Snapshots:   0 total
Time:        22 s, estimated 24 s
 PASS  packages/digitaldefiance-i18n-lib/tests/icu/formatter-registry.spec.ts�██████████████

 RUNS  packages/digitaldefiance-i18n-lib/tests/circular-dependencies.spec.ts
 RUNS  packages/digitaldefiance-i18n-lib/tests/types.spec.ts
 RUNS  packages/digitaldefiance-i18n-lib/tests/template-security.spec.ts
 RUNS  packages/digitaldefiance-i18n-lib/tests/security/xss.spec.ts
 RUNS  packages/digitaldefiance-i18n-lib/tests/icu/parser-comprehensive.spec.ts
 RUNS  packages/digitaldefiance-i18n-lib/tests/core/component-store-plurals.spec.ts
 RUNS  packages/digitaldefiance-i18n-lib/tests/icu/formatter-registry.spec.ts

Test Suites: 89 passed, 89 of 96 total
Tests:       1745 passed, 1745 total
Snapshots:   0 total
Time:        22 s, estimated 24 s
 PASS  packages/digitaldefiance-i18n-lib/tests/security/xss.spec.ts��█████████████████

 RUNS  packages/digitaldefiance-i18n-lib/tests/circular-dependencies.spec.ts
 RUNS  packages/digitaldefiance-i18n-lib/tests/types.spec.ts
 RUNS  packages/digitaldefiance-i18n-lib/tests/template-security.spec.ts
 RUNS  packages/digitaldefiance-i18n-lib/tests/security/xss.spec.ts